Component: ARM Compiler 5.06 update 7 (build 960) Tool: armlink [4d3601]

==============================================================================

Section Cross References

    thread.o(i.Init_Thread) refers to rt_cmsis.o(i.osThreadCreate) for osThreadCreate
    thread.o(i.Init_Thread) refers to thread.o(.constdata) for os_thread_def_Thread
    thread.o(i.Init_Thread) refers to thread.o(.data) for tid_Thread
    thread.o(i.Thread) refers to rt_cmsis.o(i.osThreadYield) for osThreadYield
    thread.o(.constdata) refers to thread.o(i.Thread) for Thread
    main.o(i.CLK_DisableCKO) refers to main.o(i.CLK_DisableModuleClock) for CLK_DisableModuleClock
    main.o(i.CLK_DisableModuleClock) refers to main.o(.constdata) for .constdata
    main.o(i.CLK_EnableCKO) refers to main.o(i.CLK_EnableModuleClock) for CLK_EnableModuleClock
    main.o(i.CLK_EnableCKO) refers to main.o(i.CLK_SetModuleClock) for CLK_SetModuleClock
    main.o(i.CLK_EnableModuleClock) refers to main.o(.constdata) for .constdata
    main.o(i.CLK_EnablePLL) refers to main.o(i.CLK_WaitClockReady) for CLK_WaitClockReady
    main.o(i.CLK_EnablePLL) refers to aeabi_sdiv.o(.text) for __aeabi_uidivmod
    main.o(i.CLK_EnablePLL) refers to main.o(i.CLK_GetPLLClockFreq) for CLK_GetPLLClockFreq
    main.o(i.CLK_GetCPUFreq) refers to system_nuc100series.o(i.SystemCoreClockUpdate) for SystemCoreClockUpdate
    main.o(i.CLK_GetCPUFreq) refers to system_nuc100series.o(.data) for SystemCoreClock
    main.o(i.CLK_GetHCLKFreq) refers to system_nuc100series.o(i.SystemCoreClockUpdate) for SystemCoreClockUpdate
    main.o(i.CLK_GetHCLKFreq) refers to system_nuc100series.o(.data) for SystemCoreClock
    main.o(i.CLK_GetPCLKFreq) refers to system_nuc100series.o(i.SystemCoreClockUpdate) for SystemCoreClockUpdate
    main.o(i.CLK_GetPCLKFreq) refers to system_nuc100series.o(.data) for SystemCoreClock
    main.o(i.CLK_GetPLLClockFreq) refers to aeabi_sdiv.o(.text) for __aeabi_uidivmod
    main.o(i.CLK_SetCoreClock) refers to main.o(i.CLK_EnablePLL) for CLK_EnablePLL
    main.o(i.CLK_SetCoreClock) refers to main.o(i.CLK_SetHCLK) for CLK_SetHCLK
    main.o(i.CLK_SetHCLK) refers to system_nuc100series.o(i.SystemCoreClockUpdate) for SystemCoreClockUpdate
    main.o(i.CLK_SetModuleClock) refers to main.o(.constdata) for .constdata
    main.o(i.CircleBresenham) refers to main.o(i.draw_Pixel) for draw_Pixel
    main.o(i.CircleMidpoint) refers to main.o(i.draw_Pixel) for draw_Pixel
    main.o(i.CircleOptimized) refers to main.o(i.draw_Pixel) for draw_Pixel
    main.o(i.CollisionCheck) refers to main.o(.data) for Alien1_y
    main.o(i.Keypad_Return) refers to main.o(.constdata) for .constdata
    main.o(i.LineBresenham) refers to main.o(i.draw_Pixel) for draw_Pixel
    main.o(i.LineOptimized) refers to main.o(i.draw_Pixel) for draw_Pixel
    main.o(i.RectangleDraw) refers to main.o(i.draw_Pixel) for draw_Pixel
    main.o(i.RectangleFill) refers to main.o(i.draw_Pixel) for draw_Pixel
    main.o(i.SPI_GetBusClock) refers to main.o(i.CLK_GetHCLKFreq) for CLK_GetHCLKFreq
    main.o(i.SPI_GetBusClock) refers to main.o(i.CLK_GetPLLClockFreq) for CLK_GetPLLClockFreq
    main.o(i.SPI_GetBusClock) refers to aeabi_sdiv.o(.text) for __aeabi_uidivmod
    main.o(i.SPI_Open) refers to main.o(i.CLK_GetHCLKFreq) for CLK_GetHCLKFreq
    main.o(i.SPI_Open) refers to main.o(i.CLK_GetPLLClockFreq) for CLK_GetPLLClockFreq
    main.o(i.SPI_Open) refers to aeabi_sdiv.o(.text) for __aeabi_uidivmod
    main.o(i.SPI_SetBusClock) refers to main.o(i.CLK_GetHCLKFreq) for CLK_GetHCLKFreq
    main.o(i.SPI_SetBusClock) refers to main.o(i.CLK_GetPLLClockFreq) for CLK_GetPLLClockFreq
    main.o(i.SPI_SetBusClock) refers to aeabi_sdiv.o(.text) for __aeabi_uidivmod
    main.o(i.Triangle) refers to main.o(i.LineBresenham) for LineBresenham
    main.o(i.Variable_Resistor_Value) refers to rt_cmsis.o(i.osDelay) for osDelay
    main.o(i.clear_LCD) refers to main.o(i.lcdSetAddr) for lcdSetAddr
    main.o(i.clear_LCD) refers to main.o(i.lcdWriteData) for lcdWriteData
    main.o(i.clear_LCD) refers to main.o(.bss) for DisplayBuffer
    main.o(i.draw_Bmp16x16) refers to main.o(i.draw_Pixel) for draw_Pixel
    main.o(i.draw_Bmp16x32) refers to main.o(i.draw_Pixel) for draw_Pixel
    main.o(i.draw_Bmp16x48) refers to main.o(i.draw_Pixel) for draw_Pixel
    main.o(i.draw_Bmp16x64) refers to main.o(i.draw_Pixel) for draw_Pixel
    main.o(i.draw_Bmp16x8) refers to main.o(i.draw_Pixel) for draw_Pixel
    main.o(i.draw_Bmp32x16) refers to main.o(i.draw_Pixel) for draw_Pixel
    main.o(i.draw_Bmp32x32) refers to main.o(i.draw_Pixel) for draw_Pixel
    main.o(i.draw_Bmp32x48) refers to main.o(i.draw_Pixel) for draw_Pixel
    main.o(i.draw_Bmp32x64) refers to main.o(i.draw_Pixel) for draw_Pixel
    main.o(i.draw_Bmp64x64) refers to main.o(i.draw_Pixel) for draw_Pixel
    main.o(i.draw_Bmp8x16) refers to main.o(i.draw_Pixel) for draw_Pixel
[...]
    .emb_text                                0x0000017c   Section       28  retarget.o(.emb_text)
    .emb_text                                0x00000198   Section      356  hal_cm0.o(.emb_text)
    .text                                    0x000002fc   Section      100  startup_nuc100series.o(.text)
    Default_Handler                          0x00000327   Thumb Code     2  startup_nuc100series.o(.text)
    .text                                    0x00000360   Section        8  libspace.o(.text)
    .text                                    0x00000368   Section        0  noretval__2printf.o(.text)
    .text                                    0x00000384   Section        0  _printf_hex_int.o(.text)
    .text                                    0x000003dc   Section        0  __printf_wp.o(.text)
    .text                                    0x000004ea   Section        0  exit.o(.text)
    .text                                    0x000004fc   Section        0  strlen.o(.text)
    .text                                    0x00000540   Section      346  aeabi_sdiv.o(.text)
    .text                                    0x0000069a   Section        0  heapauxi.o(.text)
    .text                                    0x000006a0   Section        0  fdiv.o(.text)
    .text                                    0x00000800   Section        0  ffixi.o(.text)
    .text                                    0x0000084c   Section        0  fflti.o(.text)
    .text                                    0x000008aa   Section        0  _printf_intcommon.o(.text)
    .text                                    0x0000095c   Section        0  _printf_char_file.o(.text)
    .text                                    0x00000984   Section        0  _printf_char_common.o(.text)
    _printf_input_char                       0x00000985   Thumb Code    10  _printf_char_common.o(.text)
    .text                                    0x000009b4   Section        0  sys_exit.o(.text)
    .text                                    0x000009c0   Section       62  sys_stackheap_outer.o(.text)
    .text                                    0x000009fe   Section        2  use_no_semi.o(.text)
    .text                                    0x00000a00   Section        0  indicate_semi.o(.text)
    .text                                    0x00000a00   Section        0  __dczerorl2.o(.text)
    SVC_TABLE                                0x00000a58   Section        4  svc_table.o(SVC_TABLE)
    i.CLK_EnableXtalRC                       0x00000a5c   Section        0  main.o(i.CLK_EnableXtalRC)
    i.CLK_GetHCLKFreq                        0x00000a6c   Section        0  main.o(i.CLK_GetHCLKFreq)
    i.CLK_GetPLLClockFreq                    0x00000a7c   Section        0  main.o(i.CLK_GetPLLClockFreq)
    CLK_GetPLLClockFreq                      0x00000a7d   Thumb Code   112  main.o(i.CLK_GetPLLClockFreq)
    i.CLK_GetPLLClockFreq                    0x00000afc   Section        0  system_nuc100series.o(i.CLK_GetPLLClockFreq)
    CLK_GetPLLClockFreq                      0x00000afd   Thumb Code   112  system_nuc100series.o(i.CLK_GetPLLClockFreq)
    i.CollisionCheck                         0x00000b7c   Section        0  main.o(i.CollisionCheck)
    i.Hard_Fault_Handler                     0x00000cd0   Section        0  retarget.o(i.Hard_Fault_Handler)
    __tagsym$$used                           0x00000cd1   Number         0  retarget.o(i.Hard_Fault_Handler)
    i.InitVRADC                              0x00000cfc   Section        0  main.o(i.InitVRADC)
    i.Init_Thread                            0x00000dac   Section        0  thread.o(i.Init_Thread)
    i.Keypad_Return                          0x00000dd4   Section        0  main.o(i.Keypad_Return)
    i.SPI_Open                               0x00000e48   Section        0  main.o(i.SPI_Open)
    i.SendChar                               0x0000105c   Section        0  retarget.o(i.SendChar)
    i.SendChar_ToUART                        0x00001068   Section        0  retarget.o(i.SendChar_ToUART)
    i.SystemCoreClockUpdate                  0x0000109c   Section        0  system_nuc100series.o(i.SystemCoreClockUpdate)
    i.SystemInit                             0x00001100   Section        0  system_nuc100series.o(i.SystemInit)
    i.Thread                                 0x00001102   Section        0  thread.o(i.Thread)
    i.Variable_Resistor_Value                0x0000110c   Section        0  main.o(i.Variable_Resistor_Value)
    i.__ARM_common_switch8                   0x0000114c   Section        0  main.o(i.__ARM_common_switch8)
    i._init_box                              0x00001168   Section        0  rt_membox.o(i._init_box)
    i._is_digit                              0x000011b0   Section        0  __printf_wp.o(i._is_digit)
    i._mutex_acquire                         0x000011c0   Section        0  rtx_conf_cm.o(i._mutex_acquire)
    __tagsym$$used                           0x000011c1   Number         0  rtx_conf_cm.o(i._mutex_acquire)
    i._mutex_release                         0x000011e4   Section        0  rtx_conf_cm.o(i._mutex_release)
    __tagsym$$used                           0x000011e5   Number         0  rtx_conf_cm.o(i._mutex_release)
    i.clear_LCD                              0x00001200   Section        0  main.o(i.clear_LCD)
    i.draw_Bmp16x8                           0x00001258   Section        0  main.o(i.draw_Bmp16x8)
    i.draw_LCD                               0x000012ae   Section        0  main.o(i.draw_LCD)
    i.draw_Pixel                             0x000012e4   Section        0  main.o(i.draw_Pixel)
    i.ferror                                 0x00001394   Section        0  retarget.o(i.ferror)
    i.fputc                                  0x0000139c   Section        0  retarget.o(i.fputc)
    i.gameLoop2                              0x000013ac   Section        0  main.o(i.gameLoop2)
    i.gameOver                               0x000013e4   Section        0  main.o(i.gameOver)
    i.generate_alien                         0x0000140c   Section        0  main.o(i.generate_alien)
    i.generate_pod                           0x00001548   Section        0  main.o(i.generate_pod)
    i.init_LCD                               0x00001594   Section        0  main.o(i.init_LCD)
    i.init_SPI3                              0x000015bc   Section        0  main.o(i.init_SPI3)
    i.isrMessageGet                          0x0000163c   Section        0  rt_cmsis.o(i.isrMessageGet)
    i.isrMessagePut                          0x0000166a   Section        0  rt_cmsis.o(i.isrMessagePut)
    i.isr_mbx_receive                        0x0000169a   Section        0  rt_mailbox.o(i.isr_mbx_receive)
    i.isr_mbx_send                           0x000016e6   Section        0  rt_mailbox.o(i.isr_mbx_send)
    i.lcdSetAddr                             0x000016f4   Section        0  main.o(i.lcdSetAddr)
    i.lcdWriteCommand                        0x0000179c   Section        0  main.o(i.lcdWriteCommand)
    i.lcdWriteData                           0x000017dc   Section        0  main.o(i.lcdWriteData)
    i.livesUpdate                            0x00001818   Section        0  main.o(i.livesUpdate)
    i.main                                   0x000018d0   Section        0  main.o(i.main)
    i.osDelay                                0x00001a28   Section        0  rt_cmsis.o(i.osDelay)
    i.osKernelInitialize                     0x00001a44   Section        0  rt_cmsis.o(i.osKernelInitialize)
    i.osKernelStart                          0x00001a6c   Section        0  rt_cmsis.o(i.osKernelStart)
    i.osMessageGet                           0x00001ad8   Section        0  rt_cmsis.o(i.osMessageGet)
    i.osThreadCreate                         0x00001af4   Section        0  rt_cmsis.o(i.osThreadCreate)
    i.osThreadExit                           0x00001b28   Section        0  rt_cmsis.o(i.osThreadExit)
    i.osThreadYield                          0x00001b40   Section        0  rt_cmsis.o(i.osThreadYield)
    i.osTimerCall                            0x00001b5c   Section        0  rt_cmsis.o(i.osTimerCall)
    i.osTimerThread                          0x00001b6c   Section        0  rt_cmsis.o(i.osTimerThread)
    i.os_error                               0x00001b98   Section        0  rtx_conf_cm.o(i.os_error)
    i.os_idle_demon                          0x00001bba   Section        0  rtx_conf_cm.o(i.os_idle_demon)
    i.os_tick_init                           0x00001bc0   Section        0  rt_system.o(i.os_tick_init)
    i.os_tick_irqack                         0x00001bec   Section        0  rt_system.o(i.os_tick_irqack)
    i.printC                                 0x00001bf0   Section        0  main.o(i.printC)
    i.printC_5x7                             0x00001c74   Section        0  main.o(i.printC_5x7)
    i.printS                                 0x00001cd4   Section        0  main.o(i.printS)
    i.printS_5x7                             0x00001cfe   Section        0  main.o(i.printS_5x7)
    i.rt_alloc_box                           0x00001d28   Section        0  rt_membox.o(i.rt_alloc_box)
    i.rt_alloc_mem                           0x00001d46   Section        0  rt_memory.o(i.rt_alloc_mem)
    i.rt_block                               0x00001d88   Section        0  rt_task.o(i.rt_block)
    i.rt_chk_robin                           0x00001dc0   Section        0  rt_robin.o(i.rt_chk_robin)
    i.rt_dec_dly                             0x00001e04   Section        0  rt_list.o(i.rt_dec_dly)
    i.rt_dispatch                            0x00001e78   Section        0  rt_task.o(i.rt_dispatch)
    i.rt_dly_wait                            0x00001eb8   Section        0  rt_time.o(i.rt_dly_wait)
    i.rt_evt_psh                             0x00001ec4   Section        0  rt_event.o(i.rt_evt_psh)
    i.rt_free_box                            0x00001f14   Section        0  rt_membox.o(i.rt_free_box)
    i.rt_free_mem                            0x00001f3a   Section        0  rt_memory.o(i.rt_free_mem)
    i.rt_get_first                           0x00001f6a   Section        0  rt_list.o(i.rt_get_first)
    i.rt_get_same_rdy_prio                   0x00001f94   Section        0  rt_list.o(i.rt_get_same_rdy_prio)
    i.rt_id2obj                              0x00001fb8   Section        0  rt_cmsis.o(i.rt_id2obj)
    rt_id2obj                                0x00001fb9   Thumb Code     8  rt_cmsis.o(i.rt_id2obj)
    i.rt_init_context                        0x00001fc0   Section        0  rt_task.o(i.rt_init_context)
    rt_init_context                          0x00001fc1   Thumb Code    66  rt_task.o(i.rt_init_context)
    i.rt_init_mem                            0x00002008   Section        0  rt_memory.o(i.rt_init_mem)
    i.rt_init_robin                          0x00002024   Section        0  rt_robin.o(i.rt_init_robin)
    i.rt_init_stack                          0x0000203c   Section        0  hal_cm.o(i.rt_init_stack)
    i.rt_mbx_check                           0x000020b4   Section        0  rt_mailbox.o(i.rt_mbx_check)
    i.rt_mbx_init                            0x000020bc   Section        0  rt_mailbox.o(i.rt_mbx_init)
    i.rt_mbx_psh                             0x000020e0   Section        0  rt_mailbox.o(i.rt_mbx_psh)
    i.rt_mbx_wait                            0x000021b0   Section        0  rt_mailbox.o(i.rt_mbx_wait)
    i.rt_ms2tick                             0x00002260   Section        0  rt_cmsis.o(i.rt_ms2tick)
    rt_ms2tick                               0x00002261   Thumb Code    56  rt_cmsis.o(i.rt_ms2tick)
    i.rt_mut_release                         0x000022a4   Section        0  rt_mutex.o(i.rt_mut_release)
    i.rt_mut_wait                            0x0000237c   Section        0  rt_mutex.o(i.rt_mut_wait)
    i.rt_pop_req                             0x000023fc   Section        0  rt_system.o(i.rt_pop_req)
    i.rt_psh_req                             0x0000246c   Section        0  rt_system.o(i.rt_psh_req)
    i.rt_psq_enq                             0x0000248c   Section        0  rt_list.o(i.rt_psq_enq)
    i.rt_put_dly                             0x000024cc   Section        0  rt_list.o(i.rt_put_dly)
    i.rt_put_prio                            0x0000251c   Section        0  rt_list.o(i.rt_put_prio)
    i.rt_put_rdy_first                       0x00002558   Section        0  rt_list.o(i.rt_put_rdy_first)
    i.rt_resort_prio                         0x0000256c   Section        0  rt_list.o(i.rt_resort_prio)
    i.rt_ret_val                             0x0000259c   Section        0  hal_cm.o(i.rt_ret_val)
    i.rt_ret_val2                            0x000025a2   Section        0  hal_cm.o(i.rt_ret_val2)
    i.rt_rmv_dly                             0x000025aa   Section        0  rt_list.o(i.rt_rmv_dly)
    i.rt_rmv_list                            0x000025d4   Section        0  rt_list.o(i.rt_rmv_list)
    i.rt_sem_psh                             0x00002608   Section        0  rt_semaphore.o(i.rt_sem_psh)
    i.rt_stk_check                           0x0000263c   Section        0  rt_system.o(i.rt_stk_check)
    i.rt_switch_req                          0x00002664   Section        0  rt_task.o(i.rt_switch_req)
    i.rt_sys_init                            0x00002674   Section        0  rt_task.o(i.rt_sys_init)
    i.rt_sys_start                           0x0000273c   Section        0  rt_task.o(i.rt_sys_start)
    i.rt_systick                             0x000027a0   Section        0  rt_system.o(i.rt_systick)
    i.rt_tid2ptcb                            0x000027dc   Section        0  rt_cmsis.o(i.rt_tid2ptcb)
    rt_tid2ptcb                              0x000027dd   Thumb Code    18  rt_cmsis.o(i.rt_tid2ptcb)
    i.rt_timer_insert                        0x000027f0   Section        0  rt_cmsis.o(i.rt_timer_insert)
    rt_timer_insert                          0x000027f1   Thumb Code    52  rt_cmsis.o(i.rt_timer_insert)
    i.rt_tsk_create                          0x00002828   Section        0  rt_task.o(i.rt_tsk_create)
    i.rt_tsk_delete                          0x000028a0   Section        0  rt_task.o(i.rt_tsk_delete)
    i.rt_tsk_pass                            0x000029f8   Section        0  rt_task.o(i.rt_tsk_pass)
    i.rt_tsk_prio                            0x00002a24   Section        0  rt_task.o(i.rt_tsk_prio)
    i.rt_tsk_self                            0x00002aa4   Section        0  rt_task.o(i.rt_tsk_self)
    i.scoresUpdate                           0x00002ab4   Section        0  main.o(i.scoresUpdate)
    i.segment_value                          0x00002b6c   Section        0  main.o(i.segment_value)
    i.seven_segment_begin                    0x00002cb4   Section        0  main.o(i.seven_segment_begin)
    i.seven_segment_digit_input              0x00002de4   Section        0  main.o(i.seven_segment_digit_input)
    i.seven_segment_value_input              0x00002e7c   Section        0  main.o(i.seven_segment_value_input)
    i.stackDump                              0x00002f24   Section        0  retarget.o(i.stackDump)
    stackDump                                0x00002f25   Thumb Code    70  retarget.o(i.stackDump)
    i.svcDelay                               0x00002fcc   Section        0  rt_cmsis.o(i.svcDelay)
    i.svcKernelInitialize                    0x00002fe0   Section        0  rt_cmsis.o(i.svcKernelInitialize)
    i.svcKernelStart                         0x00003058   Section        0  rt_cmsis.o(i.svcKernelStart)
    i.svcMessageCreate                       0x000030a4   Section        0  rt_cmsis.o(i.svcMessageCreate)
    i.svcMessageGet                          0x000030ce   Section        0  rt_cmsis.o(i.svcMessageGet)
    i.svcThreadCreate                        0x0000310c   Section        0  rt_cmsis.o(i.svcThreadCreate)
    i.svcThreadGetId                         0x00003180   Section        0  rt_cmsis.o(i.svcThreadGetId)
    i.svcThreadTerminate                     0x0000319c   Section        0  rt_cmsis.o(i.svcThreadTerminate)
    i.svcThreadYield                         0x000031d8   Section        0  rt_cmsis.o(i.svcThreadYield)
    i.svcTimerCall                           0x000031e2   Section        0  rt_cmsis.o(i.svcTimerCall)
    i.sysTimerTick                           0x00003200   Section        0  rt_cmsis.o(i.sysTimerTick)
    i.thread1_task                           0x00003258   Section        0  main.o(i.thread1_task)
    i.thread2_task                           0x0000325c   Section        0  main.o(i.thread2_task)
    i.thread3_task                           0x000032a0   Section        0  main.o(i.thread3_task)
    i.thread4_task                           0x00003318   Section        0  main.o(i.thread4_task)
    x$fpl$fmul                               0x00003338   Section      176  fmul.o(x$fpl$fmul)
    .constdata                               0x000033e8   Section       16  thread.o(.constdata)
    x$fpl$usenofp                            0x000033e8   Section        0  usenofp.o(x$fpl$usenofp)
    .constdata                               0x000033f8   Section      124  main.o(.constdata)
    .constdata                               0x00003474   Section      104  rtx_conf_cm.o(.constdata)
    __tagsym$$used                           0x00003490   Number         0  rtx_conf_cm.o(.constdata)
    __tagsym$$used                           0x00003494   Number         0  rtx_conf_cm.o(.constdata)
    __tagsym$$used                           0x00003498   Number         0  rtx_conf_cm.o(.constdata)
    __tagsym$$used                           0x0000349c   Number         0  rtx_conf_cm.o(.constdata)
    .constdata                               0x000034dc   Section       40  _printf_hex_int.o(.constdata)
    uc_hextab                                0x000034dc   Data          20  _printf_hex_int.o(.constdata)
    lc_hextab                                0x000034f0   Data          20  _printf_hex_int.o(.constdata)
    .constdata                               0x00003504   Section       64  fdiv.o(.constdata)
    fdiv_tab                                 0x00003504   Data          64  fdiv.o(.constdata)
    .data                                    0x20000000   Section        4  thread.o(.data)
    .data                                    0x20000004   Section     3304  main.o(.data)
    Font5x7                                  0x2000061c   Data         480  main.o(.data)
    .data                                    0x20000cec   Section       20  rtx_conf_cm.o(.data)
    nr_mutex                                 0x20000cfc   Data           4  rtx_conf_cm.o(.data)
    .data                                    0x20000d00   Section        8  retarget.o(.data)
    .data                                    0x20000d08   Section       44  system_nuc100series.o(.data)
    .data                                    0x20000d34   Section        8  rt_cmsis.o(.data)
    .data                                    0x20000d3c   Section        8  rt_task.o(.data)
    .data                                    0x20000d44   Section        8  rt_system.o(.data)
    os_lock                                  0x20000d44   Data           1  rt_system.o(.data)
    os_psh_flag                              0x20000d45   Data           1  rt_system.o(.data)
    pend_flags                               0x20000d46   Data           1  rt_system.o(.data)
    .data                                    0x20000d4c   Section        4  rt_time.o(.data)
    .data                                    0x20000d50   Section        8  rt_robin.o(.data)
    .bss                                     0x20000d58   Section     1024  main.o(.bss)
    .bss                                     0x20001158   Section     3016  rtx_conf_cm.o(.bss)
    std_libspace                             0x20001a00   Data         672  rtx_conf_cm.o(.bss)
    std_libmutex                             0x20001ca0   Data         128  rtx_conf_cm.o(.bss)
    .bss                                     0x20001d20   Section       52  rt_task.o(.bss)
    .bss                                     0x20001d54   Section       48  rt_list.o(.bss)
    .bss                                     0x20001d84   Section       96  libspace.o(.bss)
    HEAP                                     0x20001de8   Section        0  startup_nuc100series.o(HEAP)
    STACK                                    0x20001de8   Section     1024  startup_nuc100series.o(STACK)
    Heap_Mem                                 0x20001de8   Data           0  startup_nuc100series.o(HEAP)
    Stack_Mem                                0x20001de8   Data        1024  startup_nuc100series.o(STACK)
    __initial_sp                             0x200021e8   Data           0  startup_nuc100series.o(STACK)

    Global Symbols

    Symbol Name                              Value     Ov Type        Size  Object(Section)

    BuildAttributes$$THM_ISAv3M$S$PE$A:L22$X:L11$S22$IEEE1$IW$USESV6$~STKCKD$USESV7$~SHL$OSPACE$ROPI$EBA8$UX$STANDARDLIB$REQ8$PRES8$EABIv2 0x00000000   Number         0  anon$$obj.o ABSOLUTE
    __ARM_use_no_argv                        0x00000000   Number         0  main.o ABSOLUTE
    __Vectors                                0x00000000   Data           4  startup_nuc100series.o(RESET)
    _printf_flags                            0x00000000   Number         0  printf_stubs.o ABSOLUTE
    _printf_return_value                     0x00000000   Number         0  printf_stubs.o ABSOLUTE
    _printf_sizespec                         0x00000000   Number         0  printf_stubs.o ABSOLUTE
    _printf_widthprec                        0x00000000   Number         0  printf_stubs.o ABSOLUTE
    __ARM_exceptions_init                     - Undefined Weak Reference
    __alloca_initialize                       - Undefined Weak Reference
    __arm_fini_                               - Undefined Weak Reference
    __arm_preinit_                            - Undefined Weak Reference
    __cpp_initialize__aeabi_                  - Undefined Weak Reference
    __cxa_finalize                            - Undefined Weak Reference
    __rt_locale                               - Undefined Weak Reference
    __sigvec_lookup                           - Undefined Weak Reference
    _atexit_init                              - Undefined Weak Reference
    _call_atexit_fns                          - Undefined Weak Reference
    _clock_init                               - Undefined Weak Reference
    _fp_trap_init                             - Undefined Weak Reference
    _fp_trap_shutdown                         - Undefined Weak Reference
    _get_lc_collate                           - Undefined Weak Reference
    _get_lc_ctype                             - Undefined Weak Reference
    _get_lc_monetary                          - Undefined Weak Reference
    _get_lc_numeric                           - Undefined Weak Reference
    _get_lc_time                              - Undefined Weak Reference
    _getenv_init                              - Undefined Weak Reference
    _handle_redirection                       - Undefined Weak Reference
    _init_alloc                               - Undefined Weak Reference
    _init_user_alloc                          - Undefined Weak Reference
    _initio                                   - Undefined Weak Reference
    _printf_post_padding                      - Undefined Weak Reference
    _printf_pre_padding                       - Undefined Weak Reference
    _printf_truncate_unsigned                 - Undefined Weak Reference
    _rand_init                                - Undefined Weak Reference
    _signal_finish                            - Undefined Weak Reference
    _signal_init                              - Undefined Weak Reference
    _terminate_alloc                          - Undefined Weak Reference
    _terminate_user_alloc                     - Undefined Weak Reference
    _terminateio                              - Undefined Weak Reference
    __main                                   0x000000c1   Thumb Code     8  __main.o(!!!main)
    __scatterload                            0x000000c9   Thumb Code     0  __scatter.o(!!!scatter)
    __scatterload_rt2                        0x000000c9   Thumb Code    52  __scatter.o(!!!scatter)
    __scatterload_rt2_thumb_only             0x000000c9   Thumb Code     0  __scatter.o(!!!scatter)
    __scatterload_null                       0x000000d9   Thumb Code     0  __scatter.o(!!!scatter)
    __scatterload_zeroinit                   0x00000105   Thumb Code    28  __scatter_zi.o(!!handler_zi)
    _printf_percent                          0x00000121   Thumb Code     0  _printf_percent.o(.ARM.Collect$$_printf_percent$$00000000)
    _printf_x                                0x00000123   Thumb Code     0  _printf_x.o(.ARM.Collect$$_printf_percent$$0000000C)
    _printf_percent_end                      0x0000012d   Thumb Code     0  _printf_percent_end.o(.ARM.Collect$$_printf_percent$$00000017)
    __rt_lib_init                            0x00000131   Thumb Code     0  libinit.o(.ARM.Collect$$libinit$$00000000)
    __rt_lib_init_alloca_1                   0x00000133   Thumb Code     0  libinit2.o(.ARM.Collect$$libinit$$0000002E)
    __rt_lib_init_argv_1                     0x00000133   Thumb Code     0  libinit2.o(.ARM.Collect$$libinit$$0000002C)
    __rt_lib_init_atexit_1                   0x00000133   Thumb Code     0  libinit2.o(.ARM.Collect$$libinit$$0000001B)
    __rt_lib_init_clock_1                    0x00000133   Thumb Code     0  libinit2.o(.ARM.Collect$$libinit$$00000021)
    __rt_lib_init_cpp_1                      0x00000133   Thumb Code     0  libinit2.o(.ARM.Collect$$libinit$$00000032)
    __rt_lib_init_exceptions_1               0x00000133   Thumb Code     0  libinit2.o(.ARM.Collect$$libinit$$00000030)
    __rt_lib_init_fp_1                       0x00000133   Thumb Code     0  libinit2.o(.ARM.Collect$$libinit$$00000002)
    __rt_lib_init_fp_trap_1                  0x00000133   Thumb Code     0  libinit2.o(.ARM.Collect$$libinit$$0000001F)
    __rt_lib_init_getenv_1                   0x00000133   Thumb Code     0  libinit2.o(.ARM.Collect$$libinit$$00000023)
    __rt_lib_init_heap_1                     0x00000133   Thumb Code     0  libinit2.o(.ARM.Collect$$libinit$$0000000A)
    __rt_lib_init_lc_collate_1               0x00000133   Thumb Code     0  libinit2.o(.ARM.Collect$$libinit$$00000011)
    __rt_lib_init_lc_ctype_1                 0x00000133   Thumb Code     0  libinit2.o(.ARM.Collect$$libinit$$00000013)
    __rt_lib_init_lc_monetary_1              0x00000133   Thumb Code     0  libinit2.o(.ARM.Collect$$libinit$$00000015)
    __rt_lib_init_lc_numeric_1               0x00000133   Thumb Code     0  libinit2.o(.ARM.Collect$$libinit$$00000017)
    __rt_lib_init_lc_time_1                  0x00000133   Thumb Code     0  libinit2.o(.ARM.Collect$$libinit$$00000019)
    __rt_lib_init_preinit_1                  0x00000133   Thumb Code     0  libinit2.o(.ARM.Collect$$libinit$$00000004)
    __rt_lib_init_rand_1                     0x00000133   Thumb Code     0  libinit2.o(.ARM.Collect$$libinit$$0000000E)
    __rt_lib_init_return                     0x00000133   Thumb Code     0  libinit2.o(.ARM.Collect$$libinit$$00000033)
    __rt_lib_init_signal_1                   0x00000133   Thumb Code     0  libinit2.o(.ARM.Collect$$libinit$$0000001D)
    __rt_lib_init_stdio_1                    0x00000133   Thumb Code     0  libinit2.o(.ARM.Collect$$libinit$$00000025)
    __rt_lib_init_user_alloc_1               0x00000133   Thumb Code     0  libinit2.o(.ARM.Collect$$libinit$$0000000C)
    __rt_lib_shutdown                        0x00000135   Thumb Code     0  libshutdown.o(.ARM.Collect$$libshutdown$$00000000)
    __rt_lib_shutdown_cpp_1                  0x00000137   Thumb Code     0  libshutdown2.o(.ARM.Collect$$libshutdown$$00000004)
    __rt_lib_shutdown_fini_1                 0x00000137   Thumb Code     0  libshutdown2.o(.ARM.Collect$$libshutdown$$00000002)
    __rt_lib_shutdown_fp_trap_1              0x00000137   Thumb Code     0  libshutdown2.o(.ARM.Collect$$libshutdown$$00000009)
    __rt_lib_shutdown_heap_1                 0x00000137   Thumb Code     0  libshutdown2.o(.ARM.Collect$$libshutdown$$00000011)
    __rt_lib_shutdown_return                 0x00000137   Thumb Code     0  libshutdown2.o(.ARM.Collect$$libshutdown$$00000012)
    __rt_lib_shutdown_signal_1               0x00000137   Thumb Code     0  libshutdown2.o(.ARM.Collect$$libshutdown$$0000000C)
    __rt_lib_shutdown_stdio_1                0x00000137   Thumb Code     0  libshutdown2.o(.ARM.Collect$$libshutdown$$00000006)
    __rt_lib_shutdown_user_alloc_1           0x00000137   Thumb Code     0  libshutdown2.o(.ARM.Collect$$libshutdown$$0000000E)
    __rt_entry                               0x00000139   Thumb Code     0  __rtentry.o(.ARM.Collect$$rtentry$$00000000)
    __rt_entry_presh_1                       0x00000139   Thumb Code     0  __rtentry2.o(.ARM.Collect$$rtentry$$00000002)
    __rt_entry_sh                            0x00000139   Thumb Code     0  __rtentry4.o(.ARM.Collect$$rtentry$$00000004)
    __rt_entry_li                            0x0000013f   Thumb Code     0  __rtentry2.o(.ARM.Collect$$rtentry$$0000000A)
    __rt_entry_postsh_1                      0x0000013f   Thumb Code     0  __rtentry2.o(.ARM.Collect$$rtentry$$00000009)
    __rt_entry_postli_1                      0x00000143   Thumb Code     0  __rtentry2.o(.ARM.Collect$$rtentry$$0000000B)
    __rt_entry_main                          0x0000014b   Thumb Code     0  __rtentry2.o(.ARM.Collect$$rtentry$$0000000D)
    __rt_exit                                0x00000153   Thumb Code     0  rtexit.o(.ARM.Collect$$rtexit$$00000000)
    __rt_exit_ls                             0x00000155   Thumb Code     0  rtexit2.o(.ARM.Collect$$rtexit$$00000003)
    __rt_exit_prels_1                        0x00000155   Thumb Code     0  rtexit2.o(.ARM.Collect$$rtexit$$00000002)
    __rt_exit_exit                           0x00000159   Thumb Code     0  rtexit2.o(.ARM.Collect$$rtexit$$00000004)
    _platform_post_lib_init                  0x00000161   Thumb Code    24  rtx_conf_cm.o(.emb_text)
    HardFault_Handler                        0x0000017d   Thumb Code    24  retarget.o(.emb_text)
    rt_set_PSP                               0x00000199   Thumb Code     6  hal_cm0.o(.emb_text)
    rt_get_PSP                               0x0000019f   Thumb Code     6  hal_cm0.o(.emb_text)
    os_set_env                               0x000001a5   Thumb Code    32  hal_cm0.o(.emb_text)
    _alloc_box                               0x000001c9   Thumb Code    28  hal_cm0.o(.emb_text)
    _free_box                                0x000001e9   Thumb Code    28  hal_cm0.o(.emb_text)
    SVC_Handler                              0x00000209   Thumb Code   136  hal_cm0.o(.emb_text)
    PendSV_Handler                           0x0000029d   Thumb Code    72  hal_cm0.o(.emb_text)
    SysTick_Handler                          0x000002e9   Thumb Code     8  hal_cm0.o(.emb_text)
    OS_Tick_Handler                          0x000002f1   Thumb Code    12  hal_cm0.o(.emb_text)
    Reset_Handler                            0x000002fd   Thumb Code    32  startup_nuc100series.o(.text)
    NMI_Handler                              0x0000031d   Thumb Code     2  startup_nuc100series.o(.text)
    ACMP_IRQHandler                          0x00000327   Thumb Code     0  startup_nuc100series.o(.text)
    ADC_IRQHandler                           0x00000327   Thumb Code     0  startup_nuc100series.o(.text)
    BOD_IRQHandler                           0x00000327   Thumb Code     0  startup_nuc100series.o(.text)
    CAN0_IRQHandler                          0x00000327   Thumb Code     0  startup_nuc100series.o(.text)
    CAN1_IRQHandler                          0x00000327   Thumb Code     0  startup_nuc100series.o(.text)
    EINT0_IRQHandler                         0x00000327   Thumb Code     0  startup_nuc100series.o(.text)
    EINT1_IRQHandler                         0x00000327   Thumb Code     0  startup_nuc100series.o(.text)
    GPAB_IRQHandler                          0x00000327   Thumb Code     0  startup_nuc100series.o(.text)
    GPCDEF_IRQHandler                        0x00000327   Thumb Code     0  startup_nuc100series.o(.text)
    I2C0_IRQHandler                          0x00000327   Thumb Code     0  startup_nuc100series.o(.text)
    I2C1_IRQHandler                          0x00000327   Thumb Code     0  startup_nuc100series.o(.text)
    I2S_IRQHandler                           0x00000327   Thumb Code     0  startup_nuc100series.o(.text)
    PDMA_IRQHandler                          0x00000327   Thumb Code     0  startup_nuc100series.o(.text)
    PS2_IRQHandler                           0x00000327   Thumb Code     0  startup_nuc100series.o(.text)
    PWMA_IRQHandler                          0x00000327   Thumb Code     0  startup_nuc100series.o(.text)
    PWMB_IRQHandler                          0x00000327   Thumb Code     0  startup_nuc100series.o(.text)
    PWRWU_IRQHandler                         0x00000327   Thumb Code     0  startup_nuc100series.o(.text)
    RTC_IRQHandler                           0x00000327   Thumb Code     0  startup_nuc100series.o(.text)
    SC012_IRQHandler                         0x00000327   Thumb Code     0  startup_nuc100series.o(.text)
    SPI0_IRQHandler                          0x00000327   Thumb Code     0  startup_nuc100series.o(.text)
    SPI1_IRQHandler                          0x00000327   Thumb Code     0  startup_nuc100series.o(.text)
    SPI2_IRQHandler                          0x00000327   Thumb Code     0  startup_nuc100series.o(.text)
    SPI3_IRQHandler                          0x00000327   Thumb Code     0  startup_nuc100series.o(.text)
    TMR0_IRQHandler                          0x00000327   Thumb Code     0  startup_nuc100series.o(.text)
    TMR1_IRQHandler                          0x00000327   Thumb Code     0  startup_nuc100series.o(.text)
    TMR2_IRQHandler                          0x00000327   Thumb Code     0  startup_nuc100series.o(.text)
    TMR3_IRQHandler                          0x00000327   Thumb Code     0  startup_nuc100series.o(.text)
    UART02_IRQHandler                        0x00000327   Thumb Code     0  startup_nuc100series.o(.text)
    UART1_IRQHandler                         0x00000327   Thumb Code     0  startup_nuc100series.o(.text)
    USBD_IRQHandler                          0x00000327   Thumb Code     0  startup_nuc100series.o(.text)
    WDT_IRQHandler                           0x00000327   Thumb Code     0  startup_nuc100series.o(.text)
    __user_initial_stackheap                 0x00000329   Thumb Code     0  startup_nuc100series.o(.text)
    __user_libspace                          0x00000361   Thumb Code     8  libspace.o(.text)
    __user_perproc_libspace                  0x00000361   Thumb Code     0  libspace.o(.text)
    __2printf                                0x00000369   Thumb Code    22  noretval__2printf.o(.text)
    _printf_int_hex                          0x00000385   Thumb Code    84  _printf_hex_int.o(.text)
    _printf_longlong_hex                     0x00000385   Thumb Code     0  _printf_hex_int.o(.text)
    __printf                                 0x000003dd   Thumb Code   270  __printf_wp.o(.text)
    __RL_RTX_VER                             0x00000482   Number         0  rt_system.o ABSOLUTE
    exit                                     0x000004eb   Thumb Code    16  exit.o(.text)
    strlen                                   0x000004fd   Thumb Code    62  strlen.o(.text)
    __aeabi_uidiv                            0x00000541   Thumb Code     0  aeabi_sdiv.o(.text)
    __aeabi_uidivmod                         0x00000541   Thumb Code    20  aeabi_sdiv.o(.text)
    __aeabi_idiv                             0x00000555   Thumb Code     0  aeabi_sdiv.o(.text)
    __aeabi_idivmod                          0x00000555   Thumb Code   326  aeabi_sdiv.o(.text)
    __use_two_region_memory                  0x0000069b   Thumb Code     2  heapauxi.o(.text)
    __rt_heap_escrow$2region                 0x0000069d   Thumb Code     2  heapauxi.o(.text)
    __rt_heap_expand$2region                 0x0000069f   Thumb Code     2  heapauxi.o(.text)
    __aeabi_fdiv                             0x000006a1   Thumb Code     0  fdiv.o(.text)
    _fdiv                                    0x000006a1   Thumb Code   334  fdiv.o(.text)
    _frdiv                                   0x000007ef   Thumb Code     8  fdiv.o(.text)
    __aeabi_f2iz                             0x00000801   Thumb Code     0  ffixi.o(.text)
    _ffix                                    0x00000801   Thumb Code    76  ffixi.o(.text)
    __aeabi_i2f_normalise                    0x0000084d   Thumb Code    72  fflti.o(.text)
    __aeabi_i2f                              0x00000895   Thumb Code    16  fflti.o(.text)
    _fflt                                    0x00000895   Thumb Code     0  fflti.o(.text)
    __aeabi_ui2f                             0x000008a5   Thumb Code     6  fflti.o(.text)
    _ffltu                                   0x000008a5   Thumb Code     0  fflti.o(.text)
    _printf_int_common                       0x000008ab   Thumb Code   176  _printf_intcommon.o(.text)
    _printf_char_file                        0x0000095d   Thumb Code    34  _printf_char_file.o(.text)
    _printf_char_common                      0x0000098f   Thumb Code    32  _printf_char_common.o(.text)
    _sys_exit                                0x000009b5   Thumb Code     8  sys_exit.o(.text)
    __user_setup_stackheap                   0x000009c1   Thumb Code    62  sys_stackheap_outer.o(.text)
    __I$use$semihosting                      0x000009ff   Thumb Code     0  use_no_semi.o(.text)
    __use_no_semihosting_swi                 0x000009ff   Thumb Code     2  use_no_semi.o(.text)
    __decompress                             0x00000a01   Thumb Code     0  __dczerorl2.o(.text)
    __decompress1                            0x00000a01   Thumb Code    86  __dczerorl2.o(.text)
    __semihosting_library_function           0x00000a01   Thumb Code     0  indicate_semi.o(.text)
    SVC_Count                                0x00000a58   Data           4  svc_table.o(SVC_TABLE)
    CLK_EnableXtalRC                         0x00000a5d   Thumb Code    12  main.o(i.CLK_EnableXtalRC)
    SVC_Table                                0x00000a5c   Data           0  svc_table.o(SVC_TABLE)
    CLK_GetHCLKFreq                          0x00000a6d   Thumb Code    12  main.o(i.CLK_GetHCLKFreq)
    CollisionCheck                           0x00000b7d   Thumb Code   290  main.o(i.CollisionCheck)
    Hard_Fault_Handler                       0x00000cd1   Thumb Code    18  retarget.o(i.Hard_Fault_Handler)
    InitVRADC                                0x00000cfd   Thumb Code   162  main.o(i.InitVRADC)
    Init_Thread                              0x00000dad   Thumb Code    30  thread.o(i.Init_Thread)
    Keypad_Return                            0x00000dd5   Thumb Code   108  main.o(i.Keypad_Return)
    SPI_Open                                 0x00000e49   Thumb Code   514  main.o(i.SPI_Open)
    SendChar                                 0x0000105d   Thumb Code    12  retarget.o(i.SendChar)
    SendChar_ToUART                          0x00001069   Thumb Code    48  retarget.o(i.SendChar_ToUART)
    SystemCoreClockUpdate                    0x0000109d   Thumb Code    76  system_nuc100series.o(i.SystemCoreClockUpdate)
    SystemInit                               0x00001101   Thumb Code     2  system_nuc100series.o(i.SystemInit)
    Thread                                   0x00001103   Thumb Code     8  thread.o(i.Thread)
    Variable_Resistor_Value                  0x0000110d   Thumb Code    60  main.o(i.Variable_Resistor_Value)
    __ARM_common_switch8                     0x0000114d   Thumb Code    28  main.o(i.__ARM_common_switch8)
    _init_box                                0x00001169   Thumb Code    72  rt_membox.o(i._init_box)
    _is_digit                                0x000011b1   Thumb Code    14  __printf_wp.o(i._is_digit)
    _mutex_acquire                           0x000011c1   Thumb Code    22  rtx_conf_cm.o(i._mutex_acquire)
    _mutex_release                           0x000011e5   Thumb Code    20  rtx_conf_cm.o(i._mutex_release)
    clear_LCD                                0x00001201   Thumb Code    84  main.o(i.clear_LCD)
    draw_Bmp16x8                             0x00001259   Thumb Code    86  main.o(i.draw_Bmp16x8)
    draw_LCD                                 0x000012af   Thumb Code    52  main.o(i.draw_LCD)
    draw_Pixel                               0x000012e5   Thumb Code   170  main.o(i.draw_Pixel)
    ferror                                   0x00001395   Thumb Code     8  retarget.o(i.ferror)
    fputc                                    0x0000139d   Thumb Code    16  retarget.o(i.fputc)
    gameLoop2                                0x000013ad   Thumb Code    44  main.o(i.gameLoop2)
    gameOver                                 0x000013e5   Thumb Code    36  main.o(i.gameOver)
    generate_alien                           0x0000140d   Thumb Code   250  main.o(i.generate_alien)
    generate_pod                             0x00001549   Thumb Code    58  main.o(i.generate_pod)
    init_LCD                                 0x00001595   Thumb Code    38  main.o(i.init_LCD)
    init_SPI3                                0x000015bd   Thumb Code   112  main.o(i.init_SPI3)
    isrMessageGet                            0x0000163d   Thumb Code    46  rt_cmsis.o(i.isrMessageGet)
    isrMessagePut                            0x0000166b   Thumb Code    48  rt_cmsis.o(i.isrMessagePut)
    isr_mbx_receive                          0x0000169b   Thumb Code    76  rt_mailbox.o(i.isr_mbx_receive)
    isr_mbx_send                             0x000016e7   Thumb Code    12  rt_mailbox.o(i.isr_mbx_send)
    lcdSetAddr                               0x000016f5   Thumb Code   164  main.o(i.lcdSetAddr)
    lcdWriteCommand                          0x0000179d   Thumb Code    60  main.o(i.lcdWriteCommand)
    lcdWriteData                             0x000017dd   Thumb Code    54  main.o(i.lcdWriteData)
    livesUpdate                              0x00001819   Thumb Code   136  main.o(i.livesUpdate)
    main                                     0x000018d1   Thumb Code   280  main.o(i.main)
    osDelay                                  0x00001a29   Thumb Code    22  rt_cmsis.o(i.osDelay)
    osKernelInitialize                       0x00001a45   Thumb Code    36  rt_cmsis.o(i.osKernelInitialize)
    osKernelStart                            0x00001a6d   Thumb Code   100  rt_cmsis.o(i.osKernelStart)
    osMessageGet                             0x00001ad9   Thumb Code    24  rt_cmsis.o(i.osMessageGet)
    osThreadCreate                           0x00001af5   Thumb Code    44  rt_cmsis.o(i.osThreadCreate)
    osThreadExit                             0x00001b29   Thumb Code    14  rt_cmsis.o(i.osThreadExit)
    osThreadYield                            0x00001b41   Thumb Code    22  rt_cmsis.o(i.osThreadYield)
    osTimerCall                              0x00001b5d   Thumb Code    10  rt_cmsis.o(i.osTimerCall)
    osTimerThread                            0x00001b6d   Thumb Code    38  rt_cmsis.o(i.osTimerThread)
    os_error                                 0x00001b99   Thumb Code    34  rtx_conf_cm.o(i.os_error)
    os_idle_demon                            0x00001bbb   Thumb Code     4  rtx_conf_cm.o(i.os_idle_demon)
    os_tick_init                             0x00001bc1   Thumb Code    32  rt_system.o(i.os_tick_init)
    os_tick_irqack                           0x00001bed   Thumb Code     2  rt_system.o(i.os_tick_irqack)
    printC                                   0x00001bf1   Thumb Code   126  main.o(i.printC)
    printC_5x7                               0x00001c75   Thumb Code    90  main.o(i.printC_5x7)
    printS                                   0x00001cd5   Thumb Code    42  main.o(i.printS)
    printS_5x7                               0x00001cff   Thumb Code    42  main.o(i.printS_5x7)
    rt_alloc_box                             0x00001d29   Thumb Code    30  rt_membox.o(i.rt_alloc_box)
    rt_alloc_mem                             0x00001d47   Thumb Code    66  rt_memory.o(i.rt_alloc_mem)
    rt_block                                 0x00001d89   Thumb Code    42  rt_task.o(i.rt_block)
    rt_chk_robin                             0x00001dc1   Thumb Code    56  rt_robin.o(i.rt_chk_robin)
    rt_dec_dly                               0x00001e05   Thumb Code   108  rt_list.o(i.rt_dec_dly)
    rt_dispatch                              0x00001e79   Thumb Code    56  rt_task.o(i.rt_dispatch)
    rt_dly_wait                              0x00001eb9   Thumb Code    10  rt_time.o(i.rt_dly_wait)
    rt_evt_psh                               0x00001ec5   Thumb Code    74  rt_event.o(i.rt_evt_psh)
    rt_free_box                              0x00001f15   Thumb Code    38  rt_membox.o(i.rt_free_box)
    rt_free_mem                              0x00001f3b   Thumb Code    48  rt_memory.o(i.rt_free_mem)
    rt_get_first                             0x00001f6b   Thumb Code    42  rt_list.o(i.rt_get_first)
    rt_get_same_rdy_prio                     0x00001f95   Thumb Code    26  rt_list.o(i.rt_get_same_rdy_prio)
    rt_init_mem                              0x00002009   Thumb Code    28  rt_memory.o(i.rt_init_mem)
    rt_init_robin                            0x00002025   Thumb Code    14  rt_robin.o(i.rt_init_robin)
    rt_init_stack                            0x0000203d   Thumb Code   106  hal_cm.o(i.rt_init_stack)
    rt_mbx_check                             0x000020b5   Thumb Code     8  rt_mailbox.o(i.rt_mbx_check)
    rt_mbx_init                              0x000020bd   Thumb Code    30  rt_mailbox.o(i.rt_mbx_init)
    rt_mbx_psh                               0x000020e1   Thumb Code   204  rt_mailbox.o(i.rt_mbx_psh)
    rt_mbx_wait                              0x000021b1   Thumb Code   170  rt_mailbox.o(i.rt_mbx_wait)
    rt_mut_release                           0x000022a5   Thumb Code   206  rt_mutex.o(i.rt_mut_release)
    rt_mut_wait                              0x0000237d   Thumb Code   118  rt_mutex.o(i.rt_mut_wait)
    rt_pop_req                               0x000023fd   Thumb Code   100  rt_system.o(i.rt_pop_req)
    rt_psh_req                               0x0000246d   Thumb Code    24  rt_system.o(i.rt_psh_req)
    rt_psq_enq                               0x0000248d   Thumb Code    60  rt_list.o(i.rt_psq_enq)
    rt_put_dly                               0x000024cd   Thumb Code    74  rt_list.o(i.rt_put_dly)
    rt_put_prio                              0x0000251d   Thumb Code    60  rt_list.o(i.rt_put_prio)
    rt_put_rdy_first                         0x00002559   Thumb Code    14  rt_list.o(i.rt_put_rdy_first)
    rt_resort_prio                           0x0000256d   Thumb Code    44  rt_list.o(i.rt_resort_prio)
    rt_ret_val                               0x0000259d   Thumb Code     6  hal_cm.o(i.rt_ret_val)
    rt_ret_val2                              0x000025a3   Thumb Code     8  hal_cm.o(i.rt_ret_val2)
    rt_rmv_dly                               0x000025ab   Thumb Code    42  rt_list.o(i.rt_rmv_dly)
    rt_rmv_list                              0x000025d5   Thumb Code    46  rt_list.o(i.rt_rmv_list)
    rt_sem_psh                               0x00002609   Thumb Code    48  rt_semaphore.o(i.rt_sem_psh)
    rt_stk_check                             0x0000263d   Thumb Code    30  rt_system.o(i.rt_stk_check)
    rt_switch_req                            0x00002665   Thumb Code    10  rt_task.o(i.rt_switch_req)
    rt_sys_init                              0x00002675   Thumb Code   134  rt_task.o(i.rt_sys_init)
    rt_sys_start                             0x0000273d   Thumb Code    82  rt_task.o(i.rt_sys_start)
    rt_systick                               0x000027a1   Thumb Code    48  rt_system.o(i.rt_systick)
    rt_tsk_create                            0x00002829   Thumb Code   106  rt_task.o(i.rt_tsk_create)
    rt_tsk_delete                            0x000028a1   Thumb Code   318  rt_task.o(i.rt_tsk_delete)
    rt_tsk_pass                              0x000029f9   Thumb Code    34  rt_task.o(i.rt_tsk_pass)
    rt_tsk_prio                              0x00002a25   Thumb Code   112  rt_task.o(i.rt_tsk_prio)
    rt_tsk_self                              0x00002aa5   Thumb Code    12  rt_task.o(i.rt_tsk_self)
    scoresUpdate                             0x00002ab5   Thumb Code   136  main.o(i.scoresUpdate)
    segment_value                            0x00002b6d   Thumb Code   322  main.o(i.segment_value)
    seven_segment_begin                      0x00002cb5   Thumb Code   262  main.o(i.seven_segment_begin)
    seven_segment_digit_input                0x00002de5   Thumb Code   120  main.o(i.seven_segment_digit_input)
    seven_segment_value_input                0x00002e7d   Thumb Code   164  main.o(i.seven_segment_value_input)
    svcDelay                                 0x00002fcd   Thumb Code    18  rt_cmsis.o(i.svcDelay)
    svcKernelInitialize                      0x00002fe1   Thumb Code    86  rt_cmsis.o(i.svcKernelInitialize)
    svcKernelStart                           0x00003059   Thumb Code    66  rt_cmsis.o(i.svcKernelStart)
    svcMessageCreate                         0x000030a5   Thumb Code    42  rt_cmsis.o(i.svcMessageCreate)
    svcMessageGet                            0x000030cf   Thumb Code    60  rt_cmsis.o(i.svcMessageGet)
    svcThreadCreate                          0x0000310d   Thumb Code   102  rt_cmsis.o(i.svcThreadCreate)
    svcThreadGetId                           0x00003181   Thumb Code    22  rt_cmsis.o(i.svcThreadGetId)
    svcThreadTerminate                       0x0000319d   Thumb Code    56  rt_cmsis.o(i.svcThreadTerminate)
    svcThreadYield                           0x000031d9   Thumb Code    10  rt_cmsis.o(i.svcThreadYield)
    svcTimerCall                             0x000031e3   Thumb Code    28  rt_cmsis.o(i.svcTimerCall)
    sysTimerTick                             0x00003201   Thumb Code    78  rt_cmsis.o(i.sysTimerTick)
    thread1_task                             0x00003259   Thumb Code     4  main.o(i.thread1_task)
    thread2_task                             0x0000325d   Thumb Code    46  main.o(i.thread2_task)
    thread3_task                             0x000032a1   Thumb Code   104  main.o(i.thread3_task)
    thread4_task                             0x00003319   Thumb Code    24  main.o(i.thread4_task)
    __aeabi_fmul                             0x00003339   Thumb Code     0  fmul.o(x$fpl$fmul)
    _fmul                                    0x00003339   Thumb Code   172  fmul.o(x$fpl$fmul)
    __I$use$fp                               0x000033e8   Number         0  usenofp.o(x$fpl$usenofp)
    os_thread_def_Thread                     0x000033e8   Data          16  thread.o(.constdata)
    os_thread_def_thread1_task               0x000033f8   Data          16  main.o(.constdata)
    os_thread_def_thread2_task               0x00003408   Data          16  main.o(.constdata)
    os_thread_def_thread3_task               0x00003418   Data          16  main.o(.constdata)
    os_thread_def_thread4_task               0x00003428   Data          16  main.o(.constdata)
    os_maxtaskrun                            0x00003474   Data           2  rtx_conf_cm.o(.constdata)
    os_stackinfo                             0x00003478   Data           4  rtx_conf_cm.o(.constdata)
    os_rrobin                                0x0000347c   Data           4  rtx_conf_cm.o(.constdata)
    os_tickfreq                              0x00003480   Data           4  rtx_conf_cm.o(.constdata)
    os_tickus_i                              0x00003484   Data           2  rtx_conf_cm.o(.constdata)
    os_tickus_f                              0x00003486   Data           2  rtx_conf_cm.o(.constdata)
    os_trv                                   0x00003488   Data           4  rtx_conf_cm.o(.constdata)
    os_flags                                 0x0000348c   Data           1  rtx_conf_cm.o(.constdata)
    CMSIS_RTOS_API_Version                   0x00003490   Data           4  rtx_conf_cm.o(.constdata)
    CMSIS_RTOS_RTX_Version                   0x00003494   Data           4  rtx_conf_cm.o(.constdata)
    os_clockrate                             0x00003498   Data           4  rtx_conf_cm.o(.constdata)
    os_timernum                              0x0000349c   Data           4  rtx_conf_cm.o(.constdata)
    mp_tcb_size                              0x000034a0   Data           2  rtx_conf_cm.o(.constdata)
    mp_stk_size                              0x000034a4   Data           4  rtx_conf_cm.o(.constdata)
    os_stack_sz                              0x000034a8   Data           4  rtx_conf_cm.o(.constdata)
    os_fifo_size                             0x000034ac   Data           1  rtx_conf_cm.o(.constdata)
    os_thread_def_osTimerThread              0x000034b0   Data          16  rtx_conf_cm.o(.constdata)
    os_messageQ_def_osTimerMessageQ          0x000034c0   Data           8  rtx_conf_cm.o(.constdata)
    mp_tmr_size                              0x000034c8   Data           2  rtx_conf_cm.o(.constdata)
    os_thread_def_main                       0x000034cc   Data          16  rtx_conf_cm.o(.constdata)
    Region$$Table$$Base                      0x00003544   Number         0  anon$$obj.o(Region$$Table)
    Region$$Table$$Limit                     0x00003564   Number         0  anon$$obj.o(Region$$Table)
    tid_Thread                               0x20000000   Data           4  thread.o(.data)
    DelayTime                                0x20000004   Data           4  main.o(.data)
    block                                    0x20000008   Data           4  main.o(.data)
    seg_b0                                   0x2000000c   Data           4  main.o(.data)
    seg_b1                                   0x20000010   Data           4  main.o(.data)
    seg_b2                                   0x20000014   Data           4  main.o(.data)
    seg_b3                                   0x20000018   Data           4  main.o(.data)
    disable1                                 0x2000001c   Data           4  main.o(.data)
    disable2                                 0x20000020   Data           4  main.o(.data)
    disable3                                 0x20000024   Data           4  main.o(.data)
    disable4                                 0x20000028   Data           4  main.o(.data)
    Font8x16                                 0x2000002c   Data        1520  main.o(.data)
    x                                        0x200007fc   Data           4  main.o(.data)
    y                                        0x20000800   Data           4  main.o(.data)
    Yspeed                                   0x20000804   Data           4  main.o(.data)
    Xspeed                                   0x20000808   Data           4  main.o(.data)
    Alien1_x                                 0x2000080c   Data           4  main.o(.data)
    Alien1_y                                 0x20000810   Data           4  main.o(.data)
    Alien2_x                                 0x20000814   Data           4  main.o(.data)
    Alien2_y                                 0x20000818   Data           4  main.o(.data)
    Alien3_x                                 0x2000081c   Data           4  main.o(.data)
    Alien3_y                                 0x20000820   Data           4  main.o(.data)
    Alien4_x                                 0x20000824   Data           4  main.o(.data)
    Alien4_y                                 0x20000828   Data           4  main.o(.data)
    Alien5_x                                 0x2000082c   Data           4  main.o(.data)
    Alien5_y                                 0x20000830   Data           4  main.o(.data)
    Pod_x                                    0x20000834   Data           4  main.o(.data)
    Pod_y                                    0x20000838   Data           4  main.o(.data)
    Alien1                                   0x2000083c   Data          16  main.o(.data)
    Alien2                                   0x2000084c   Data          16  main.o(.data)
    Alien3                                   0x2000085c   Data          16  main.o(.data)
    Alien4                                   0x2000086c   Data          16  main.o(.data)
    Alien5                                   0x2000087c   Data          16  main.o(.data)
    Pod                                      0x2000088c   Data          16  main.o(.data)
    gameover                                 0x2000089c   Data        1024  main.o(.data)
    KeypadVal                                0x20000c9c   Data           4  main.o(.data)
    Score                                    0x20000ca0   Data           4  main.o(.data)
    Lives                                    0x20000ca4   Data           4  main.o(.data)
    gameFlag                                 0x20000ca8   Data           4  main.o(.data)
    ADCVal                                   0x20000cac   Data           4  main.o(.data)
    Title                                    0x20000cb0   Data          10  main.o(.data)
    guide1                                   0x20000cba   Data          20  main.o(.data)
    guide2                                   0x20000cce   Data          30  main.o(.data)
    osThreadId_osTimerThread                 0x20000cec   Data           4  rtx_conf_cm.o(.data)
    osMessageQId_osTimerMessageQ             0x20000cf0   Data           4  rtx_conf_cm.o(.data)
    os_tmr                                   0x20000cf4   Data           4  rtx_conf_cm.o(.data)
    m_tmr                                    0x20000cf8   Data           4  rtx_conf_cm.o(.data)
    __stdout                                 0x20000d00   Data           4  retarget.o(.data)
    __stdin                                  0x20000d04   Data           4  retarget.o(.data)
    SystemCoreClock                          0x20000d08   Data           4  system_nuc100series.o(.data)
    CyclesPerUs                              0x20000d0c   Data           4  system_nuc100series.o(.data)
    PllClock                                 0x20000d10   Data           4  system_nuc100series.o(.data)
    gau32ClkSrcTbl                           0x20000d14   Data          32  system_nuc100series.o(.data)
    os_initialized                           0x20000d34   Data           1  rt_cmsis.o(.data)
    os_running                               0x20000d35   Data           1  rt_cmsis.o(.data)
    os_timer_head                            0x20000d38   Data           4  rt_cmsis.o(.data)
    os_tsk                                   0x20000d3c   Data           8  rt_task.o(.data)
    os_tick_irqn                             0x20000d48   Data           4  rt_system.o(.data)
    os_time                                  0x20000d4c   Data           4  rt_time.o(.data)
    os_robin                                 0x20000d50   Data           8  rt_robin.o(.data)
    DisplayBuffer                            0x20000d58   Data        1024  main.o(.bss)
    mp_tcb                                   0x20001158   Data         376  rtx_conf_cm.o(.bss)
    mp_stk                                   0x200012d0   Data        1216  rtx_conf_cm.o(.bss)
    os_stack_mem                             0x20001790   Data         432  rtx_conf_cm.o(.bss)
    os_fifo                                  0x20001940   Data         132  rtx_conf_cm.o(.bss)
    os_active_TCB                            0x200019c4   Data          28  rtx_conf_cm.o(.bss)
    os_messageQ_q_osTimerMessageQ            0x200019e0   Data          32  rtx_conf_cm.o(.bss)
    os_idle_TCB                              0x20001d20   Data          52  rt_task.o(.bss)
    os_rdy                                   0x20001d54   Data          24  rt_list.o(.bss)
    os_dly                                   0x20001d6c   Data          24  rt_list.o(.bss)
    __libspace_start                         0x20001d84   Data          96  libspace.o(.bss)
    __temporary_stack_top$libspace           0x20001de4   Data           0  libspace.o(.bss)



==============================================================================

Memory Map of the image

  Image Entry point : 0x000002fd

  Load Region LR_1 (Base: 0x00000000, Size: 0x000042bc, Max: 0xffffffff, ABSOLUTE, COMPRESSED[0x00003bc4])

    Execution Region ER_RO (Exec base: 0x00000000, Load base: 0x00000000, Size: 0x00003564, Max: 0xffffffff, ABSOLUTE)

    Exec Addr    Load Addr    Size         Type   Attr      Idx    E Section Name        Object

    0x00000000   0x00000000   0x000000c0   Data   RO          997    RESET               startup_nuc100series.o
    0x000000c0   0x000000c0   0x00000008   Code   RO         2314  * !!!main             c_p.l(__main.o)
    0x000000c8   0x000000c8   0x0000003c   Code   RO         2502    !!!scatter          c_p.l(__scatter.o)
    0x00000104   0x00000104   0x0000001c   Code   RO         2504    !!handler_zi        c_p.l(__scatter_zi.o)
    0x00000120   0x00000120   0x00000002   Code   RO         2303    .ARM.Collect$$_printf_percent$$00000000  c_p.l(_printf_percent.o)
    0x00000122   0x00000122   0x0000000a   Code   RO         2302    .ARM.Collect$$_printf_percent$$0000000C  c_p.l(_printf_x.o)
    0x0000012c   0x0000012c   0x00000004   Code   RO         2340    .ARM.Collect$$_printf_percent$$00000017  c_p.l(_printf_percent_end.o)
    0x00000130   0x00000130   0x00000002   Code   RO         2385    .ARM.Collect$$libinit$$00000000  c_p.l(libinit.o)
    0x00000132   0x00000132   0x00000000   Code   RO         2398    .ARM.Collect$$libinit$$00000002  c_p.l(libinit2.o)
    0x00000132   0x00000132   0x00000000   Code   RO         2400    .ARM.Collect$$libinit$$00000004  c_p.l(libinit2.o)
    0x00000132   0x00000132   0x00000000   Code   RO         2403    .ARM.Collect$$libinit$$0000000A  c_p.l(libinit2.o)
    0x00000132   0x00000132   0x00000000   Code   RO         2405    .ARM.Collect$$libinit$$0000000C  c_p.l(libinit2.o)
    0x00000132   0x00000132   0x00000000   Code   RO         2407    .ARM.Collect$$libinit$$0000000E  c_p.l(libinit2.o)
    0x00000132   0x00000132   0x00000000   Code   RO         2410    .ARM.Collect$$libinit$$00000011  c_p.l(libinit2.o)
    0x00000132   0x00000132   0x00000000   Code   RO         2412    .ARM.Collect$$libinit$$00000013  c_p.l(libinit2.o)
    0x00000132   0x00000132   0x00000000   Code   RO         2414    .ARM.Collect$$libinit$$00000015  c_p.l(libinit2.o)
    0x00000132   0x00000132   0x00000000   Code   RO         2416    .ARM.Collect$$libinit$$00000017  c_p.l(libinit2.o)
    0x00000132   0x00000132   0x00000000   Code   RO         2418    .ARM.Collect$$libinit$$00000019  c_p.l(libinit2.o)
    0x00000132   0x00000132   0x00000000   Code   RO         2420    .ARM.Collect$$libinit$$0000001B  c_p.l(libinit2.o)
    0x00000132   0x00000132   0x00000000   Code   RO         2422    .ARM.Collect$$libinit$$0000001D  c_p.l(libinit2.o)
    0x00000132   0x00000132   0x00000000   Code   RO         2424    .ARM.Collect$$libinit$$0000001F  c_p.l(libinit2.o)
    0x00000132   0x00000132   0x00000000   Code   RO         2426    .ARM.Collect$$libinit$$00000021  c_p.l(libinit2.o)
    0x00000132   0x00000132   0x00000000   Code   RO         2428    .ARM.Collect$$libinit$$00000023  c_p.l(libinit2.o)
    0x00000132   0x00000132   0x00000000   Code   RO         2430    .ARM.Collect$$libinit$$00000025  c_p.l(libinit2.o)
    0x00000132   0x00000132   0x00000000   Code   RO         2434    .ARM.Collect$$libinit$$0000002C  c_p.l(libinit2.o)
    0x00000132   0x00000132   0x00000000   Code   RO         2436    .ARM.Collect$$libinit$$0000002E  c_p.l(libinit2.o)
    0x00000132   0x00000132   0x00000000   Code   RO         2438    .ARM.Collect$$libinit$$00000030  c_p.l(libinit2.o)
    0x00000132   0x00000132   0x00000000   Code   RO         2440    .ARM.Collect$$libinit$$00000032  c_p.l(libinit2.o)
    0x00000132   0x00000132   0x00000002   Code   RO         2441    .ARM.Collect$$libinit$$00000033  c_p.l(libinit2.o)
    0x00000134   0x00000134   0x00000002   Code   RO         2386    .ARM.Collect$$libshutdown$$00000000  c_p.l(libshutdown.o)
    0x00000136   0x00000136   0x00000000   Code   RO         2443    .ARM.Collect$$libshutdown$$00000002  c_p.l(libshutdown2.o)
    0x00000136   0x00000136   0x00000000   Code   RO         2445    .ARM.Collect$$libshutdown$$00000004  c_p.l(libshutdown2.o)
    0x00000136   0x00000136   0x00000000   Code   RO         2447    .ARM.Collect$$libshutdown$$00000006  c_p.l(libshutdown2.o)
    0x00000136   0x00000136   0x00000000   Code   RO         2450    .ARM.Collect$$libshutdown$$00000009  c_p.l(libshutdown2.o)
    0x00000136   0x00000136   0x00000000   Code   RO         2453    .ARM.Collect$$libshutdown$$0000000C  c_p.l(libshutdown2.o)
    0x00000136   0x00000136   0x00000000   Code   RO         2455    .ARM.Collect$$libshutdown$$0000000E  c_p.l(libshutdown2.o)
    0x00000136   0x00000136   0x00000000   Code   RO         2458    .ARM.Collect$$libshutdown$$00000011  c_p.l(libshutdown2.o)
    0x00000136   0x00000136   0x00000002   Code   RO         2459    .ARM.Collect$$libshutdown$$00000012  c_p.l(libshutdown2.o)
    0x00000138   0x00000138   0x00000000   Code   RO         2325    .ARM.Collect$$rtentry$$00000000  c_p.l(__rtentry.o)
    0x00000138   0x00000138   0x00000000   Code   RO         2343    .ARM.Collect$$rtentry$$00000002  c_p.l(__rtentry2.o)
    0x00000138   0x00000138   0x00000006   Code   RO         2355    .ARM.Collect$$rtentry$$00000004  c_p.l(__rtentry4.o)
    0x0000013e   0x0000013e   0x00000000   Code   RO         2345    .ARM.Collect$$rtentry$$00000009  c_p.l(__rtentry2.o)
    0x0000013e   0x0000013e   0x00000004   Code   RO         2346    .ARM.Collect$$rtentry$$0000000A  c_p.l(__rtentry2.o)
    0x00000142   0x00000142   0x00000008   Code   RO         2347    .ARM.Collect$$rtentry$$0000000B  c_p.l(__rtentry2.o)
    0x0000014a   0x0000014a   0x00000008   Code   RO         2349    .ARM.Collect$$rtentry$$0000000D  c_p.l(__rtentry2.o)
    0x00000152   0x00000152   0x00000002   Code   RO         2326    .ARM.Collect$$rtexit$$00000000  c_p.l(rtexit.o)
    0x00000154   0x00000154   0x00000000   Code   RO         2358    .ARM.Collect$$rtexit$$00000002  c_p.l(rtexit2.o)
    0x00000154   0x00000154   0x00000004   Code   RO         2359    .ARM.Collect$$rtexit$$00000003  c_p.l(rtexit2.o)
    0x00000158   0x00000158   0x00000006   Code   RO         2360    .ARM.Collect$$rtexit$$00000004  c_p.l(rtexit2.o)
    0x0000015e   0x0000015e   0x00000002   PAD
    0x00000160   0x00000160   0x0000001c   Code   RO          838    .emb_text           rtx_conf_cm.o
    0x0000017c   0x0000017c   0x0000001c   Code   RO          898    .emb_text           retarget.o
    0x00000198   0x00000198   0x00000164   Code   RO         2235    .emb_text           RTX_CM0.lib(hal_cm0.o)
    0x000002fc   0x000002fc   0x00000064   Code   RO          998  * .text               startup_nuc100series.o
    0x00000360   0x00000360   0x00000008   Code   RO         2250    .text               c_p.l(libspace.o)
    0x00000368   0x00000368   0x0000001c   Code   RO         2257    .text               c_p.l(noretval__2printf.o)
    0x00000384   0x00000384   0x00000058   Code   RO         2264    .text               c_p.l(_printf_hex_int.o)
    0x000003dc   0x000003dc   0x0000010e   Code   RO         2290    .text               c_p.l(__printf_wp.o)
    0x000004ea   0x000004ea   0x00000010   Code   RO         2304    .text               c_p.l(exit.o)
    0x000004fa   0x000004fa   0x00000002   PAD
    0x000004fc   0x000004fc   0x00000044   Code   RO         2306    .text               c_p.l(strlen.o)
    0x00000540   0x00000540   0x0000015a   Code   RO         2308    .text               c_p.l(aeabi_sdiv.o)
    0x0000069a   0x0000069a   0x00000006   Code   RO         2312    .text               c_p.l(heapauxi.o)
    0x000006a0   0x000006a0   0x00000160   Code   RO         2316    .text               fz_ps.l(fdiv.o)
    0x00000800   0x00000800   0x0000004c   Code   RO         2319    .text               fz_ps.l(ffixi.o)
    0x0000084c   0x0000084c   0x0000005e   Code   RO         2321    .text               fz_ps.l(fflti.o)
    0x000008aa   0x000008aa   0x000000b0   Code   RO         2336    .text               c_p.l(_printf_intcommon.o)
    0x0000095a   0x0000095a   0x00000002   PAD
    0x0000095c   0x0000095c   0x00000028   Code   RO         2338    .text               c_p.l(_printf_char_file.o)
    0x00000984   0x00000984   0x00000030   Code   RO         2366    .text               c_p.l(_printf_char_common.o)
    0x000009b4   0x000009b4   0x0000000c   Code   RO         2368    .text               c_p.l(sys_exit.o)
    0x000009c0   0x000009c0   0x0000003e   Code   RO         2370    .text               c_p.l(sys_stackheap_outer.o)
    0x000009fe   0x000009fe   0x00000002   Code   RO         2387    .text               c_p.l(use_no_semi.o)
    0x00000a00   0x00000a00   0x00000000   Code   RO         2389    .text               c_p.l(indicate_semi.o)
    0x00000a00   0x00000a00   0x00000056   Code   RO         2500    .text               c_p.l(__dczerorl2.o)
    0x00000a56   0x00000a56   0x00000002   PAD
    0x00000a58   0x00000a58   0x00000004   Code   RO         2245    SVC_TABLE           RTX_CM0.lib(svc_table.o)
    0x00000a5c   0x00000a5c   0x00000010   Code   RO           52    i.CLK_EnableXtalRC  main.o
    0x00000a6c   0x00000a6c   0x00000010   Code   RO           54    i.CLK_GetHCLKFreq   main.o
    0x00000a7c   0x00000a7c   0x00000080   Code   RO           58    i.CLK_GetPLLClockFreq  main.o
    0x00000afc   0x00000afc   0x00000080   Code   RO         1004    i.CLK_GetPLLClockFreq  system_nuc100series.o
    0x00000b7c   0x00000b7c   0x00000154   Code   RO           69    i.CollisionCheck    main.o
    0x00000cd0   0x00000cd0   0x0000002c   Code   RO          900    i.Hard_Fault_Handler  retarget.o
    0x00000cfc   0x00000cfc   0x000000b0   Code   RO           73    i.InitVRADC         main.o
    0x00000dac   0x00000dac   0x00000028   Code   RO            1    i.Init_Thread       thread.o
    0x00000dd4   0x00000dd4   0x00000074   Code   RO           74    i.Keypad_Return     main.o
    0x00000e48   0x00000e48   0x00000214   Code   RO           92    i.SPI_Open          main.o
    0x0000105c   0x0000105c   0x0000000c   Code   RO          902    i.SendChar          retarget.o
    0x00001068   0x00001068   0x00000034   Code   RO          903    i.SendChar_ToUART   retarget.o
    0x0000109c   0x0000109c   0x00000064   Code   RO         1005    i.SystemCoreClockUpdate  system_nuc100series.o
    0x00001100   0x00001100   0x00000002   Code   RO         1006    i.SystemInit        system_nuc100series.o
    0x00001102   0x00001102   0x00000008   Code   RO            2    i.Thread            thread.o
    0x0000110a   0x0000110a   0x00000002   PAD
    0x0000110c   0x0000110c   0x00000040   Code   RO          105    i.Variable_Resistor_Value  main.o
    0x0000114c   0x0000114c   0x0000001c   Code   RO          716    i.__ARM_common_switch8  main.o
    0x00001168   0x00001168   0x00000048   Code   RO         2158    i._init_box         RTX_CM0.lib(rt_membox.o)
    0x000011b0   0x000011b0   0x0000000e   Code   RO         2292    i._is_digit         c_p.l(__printf_wp.o)
    0x000011be   0x000011be   0x00000002   PAD
    0x000011c0   0x000011c0   0x00000024   Code   RO          840    i._mutex_acquire    rtx_conf_cm.o
    0x000011e4   0x000011e4   0x0000001c   Code   RO          842    i._mutex_release    rtx_conf_cm.o
    0x00001200   0x00001200   0x00000058   Code   RO          106    i.clear_LCD         main.o
    0x00001258   0x00001258   0x00000056   Code   RO          111    i.draw_Bmp16x8      main.o
    0x000012ae   0x000012ae   0x00000034   Code   RO          119    i.draw_LCD          main.o
    0x000012e2   0x000012e2   0x00000002   PAD
    0x000012e4   0x000012e4   0x000000b0   Code   RO          120    i.draw_Pixel        main.o
    0x00001394   0x00001394   0x00000008   Code   RO          905    i.ferror            retarget.o
    0x0000139c   0x0000139c   0x00000010   Code   RO          907    i.fputc             retarget.o
    0x000013ac   0x000013ac   0x00000038   Code   RO          122    i.gameLoop2         main.o
    0x000013e4   0x000013e4   0x00000028   Code   RO          123    i.gameOver          main.o
    0x0000140c   0x0000140c   0x0000013c   Code   RO          124    i.generate_alien    main.o
    0x00001548   0x00001548   0x0000004c   Code   RO          125    i.generate_pod      main.o
    0x00001594   0x00001594   0x00000026   Code   RO          126    i.init_LCD          main.o
    0x000015ba   0x000015ba   0x00000002   PAD
    0x000015bc   0x000015bc   0x00000080   Code   RO          127    i.init_SPI3         main.o
    0x0000163c   0x0000163c   0x0000002e   Code   RO         1065    i.isrMessageGet     RTX_CM0.lib(rt_cmsis.o)
    0x0000166a   0x0000166a   0x00000030   Code   RO         1066    i.isrMessagePut     RTX_CM0.lib(rt_cmsis.o)
    0x0000169a   0x0000169a   0x0000004c   Code   RO         2013    i.isr_mbx_receive   RTX_CM0.lib(rt_mailbox.o)
    0x000016e6   0x000016e6   0x0000000c   Code   RO         2014    i.isr_mbx_send      RTX_CM0.lib(rt_mailbox.o)
    0x000016f2   0x000016f2   0x00000002   PAD
    0x000016f4   0x000016f4   0x000000a8   Code   RO          128    i.lcdSetAddr        main.o
    0x0000179c   0x0000179c   0x00000040   Code   RO          129    i.lcdWriteCommand   main.o
    0x000017dc   0x000017dc   0x0000003c   Code   RO          130    i.lcdWriteData      main.o
    0x00001818   0x00001818   0x000000b8   Code   RO          131    i.livesUpdate       main.o
    0x000018d0   0x000018d0   0x00000158   Code   RO          132    i.main              main.o
    0x00001a28   0x00001a28   0x0000001c   Code   RO         1069    i.osDelay           RTX_CM0.lib(rt_cmsis.o)
    0x00001a44   0x00001a44   0x00000028   Code   RO         1070    i.osKernelInitialize  RTX_CM0.lib(rt_cmsis.o)
    0x00001a6c   0x00001a6c   0x0000006c   Code   RO         1072    i.osKernelStart     RTX_CM0.lib(rt_cmsis.o)
    0x00001ad8   0x00001ad8   0x0000001c   Code   RO         1081    i.osMessageGet      RTX_CM0.lib(rt_cmsis.o)
    0x00001af4   0x00001af4   0x00000034   Code   RO         1098    i.osThreadCreate    RTX_CM0.lib(rt_cmsis.o)
    0x00001b28   0x00001b28   0x00000018   Code   RO         1099    i.osThreadExit      RTX_CM0.lib(rt_cmsis.o)
    0x00001b40   0x00001b40   0x0000001c   Code   RO         1104    i.osThreadYield     RTX_CM0.lib(rt_cmsis.o)
    0x00001b5c   0x00001b5c   0x00000010   Code   RO         1105    i.osTimerCall       RTX_CM0.lib(rt_cmsis.o)
    0x00001b6c   0x00001b6c   0x0000002c   Code   RO         1110    i.osTimerThread     RTX_CM0.lib(rt_cmsis.o)
    0x00001b98   0x00001b98   0x00000022   Code   RO          843    i.os_error          rtx_conf_cm.o
    0x00001bba   0x00001bba   0x00000004   Code   RO          844    i.os_idle_demon     rtx_conf_cm.o
    0x00001bbe   0x00001bbe   0x00000002   PAD
    0x00001bc0   0x00001bc0   0x0000002c   Code   RO         1805    i.os_tick_init      RTX_CM0.lib(rt_system.o)
    0x00001bec   0x00001bec   0x00000002   Code   RO         1806    i.os_tick_irqack    RTX_CM0.lib(rt_system.o)
    0x00001bee   0x00001bee   0x00000002   PAD
    0x00001bf0   0x00001bf0   0x00000084   Code   RO          133    i.printC            main.o
    0x00001c74   0x00001c74   0x00000060   Code   RO          134    i.printC_5x7        main.o
    0x00001cd4   0x00001cd4   0x0000002a   Code   RO          135    i.printS            main.o
    0x00001cfe   0x00001cfe   0x0000002a   Code   RO          136    i.printS_5x7        main.o
    0x00001d28   0x00001d28   0x0000001e   Code   RO         2159    i.rt_alloc_box      RTX_CM0.lib(rt_membox.o)
    0x00001d46   0x00001d46   0x00000042   Code   RO         2187    i.rt_alloc_mem      RTX_CM0.lib(rt_memory.o)
    0x00001d88   0x00001d88   0x00000038   Code   RO         1686    i.rt_block          RTX_CM0.lib(rt_task.o)
    0x00001dc0   0x00001dc0   0x00000044   Code   RO         2136    i.rt_chk_robin      RTX_CM0.lib(rt_robin.o)
    0x00001e04   0x00001e04   0x00000074   Code   RO         1937    i.rt_dec_dly        RTX_CM0.lib(rt_list.o)
    0x00001e78   0x00001e78   0x00000040   Code   RO         1687    i.rt_dispatch       RTX_CM0.lib(rt_task.o)
    0x00001eb8   0x00001eb8   0x0000000a   Code   RO         2103    i.rt_dly_wait       RTX_CM0.lib(rt_time.o)
    0x00001ec2   0x00001ec2   0x00000002   PAD
    0x00001ec4   0x00001ec4   0x00000050   Code   RO         1898    i.rt_evt_psh        RTX_CM0.lib(rt_event.o)
    0x00001f14   0x00001f14   0x00000026   Code   RO         2160    i.rt_free_box       RTX_CM0.lib(rt_membox.o)
    0x00001f3a   0x00001f3a   0x00000030   Code   RO         2188    i.rt_free_mem       RTX_CM0.lib(rt_memory.o)
    0x00001f6a   0x00001f6a   0x0000002a   Code   RO         1938    i.rt_get_first      RTX_CM0.lib(rt_list.o)
    0x00001f94   0x00001f94   0x00000024   Code   RO         1939    i.rt_get_same_rdy_prio  RTX_CM0.lib(rt_list.o)
    0x00001fb8   0x00001fb8   0x00000008   Code   RO         1115    i.rt_id2obj         RTX_CM0.lib(rt_cmsis.o)
    0x00001fc0   0x00001fc0   0x00000048   Code   RO         1688    i.rt_init_context   RTX_CM0.lib(rt_task.o)
    0x00002008   0x00002008   0x0000001c   Code   RO         2189    i.rt_init_mem       RTX_CM0.lib(rt_memory.o)
    0x00002024   0x00002024   0x00000018   Code   RO         2137    i.rt_init_robin     RTX_CM0.lib(rt_robin.o)
    0x0000203c   0x0000203c   0x00000078   Code   RO         2211    i.rt_init_stack     RTX_CM0.lib(hal_cm.o)
    0x000020b4   0x000020b4   0x00000008   Code   RO         2015    i.rt_mbx_check      RTX_CM0.lib(rt_mailbox.o)
    0x000020bc   0x000020bc   0x00000024   Code   RO         2016    i.rt_mbx_init       RTX_CM0.lib(rt_mailbox.o)
    0x000020e0   0x000020e0   0x000000d0   Code   RO         2017    i.rt_mbx_psh        RTX_CM0.lib(rt_mailbox.o)
    0x000021b0   0x000021b0   0x000000b0   Code   RO         2019    i.rt_mbx_wait       RTX_CM0.lib(rt_mailbox.o)
    0x00002260   0x00002260   0x00000044   Code   RO         1116    i.rt_ms2tick        RTX_CM0.lib(rt_cmsis.o)
    0x000022a4   0x000022a4   0x000000d8   Code   RO         1772    i.rt_mut_release    RTX_CM0.lib(rt_mutex.o)
    0x0000237c   0x0000237c   0x00000080   Code   RO         1773    i.rt_mut_wait       RTX_CM0.lib(rt_mutex.o)
    0x000023fc   0x000023fc   0x00000070   Code   RO         1809    i.rt_pop_req        RTX_CM0.lib(rt_system.o)
    0x0000246c   0x0000246c   0x00000020   Code   RO         1810    i.rt_psh_req        RTX_CM0.lib(rt_system.o)
    0x0000248c   0x0000248c   0x00000040   Code   RO         1940    i.rt_psq_enq        RTX_CM0.lib(rt_list.o)
    0x000024cc   0x000024cc   0x00000050   Code   RO         1941    i.rt_put_dly        RTX_CM0.lib(rt_list.o)
    0x0000251c   0x0000251c   0x0000003c   Code   RO         1942    i.rt_put_prio       RTX_CM0.lib(rt_list.o)
    0x00002558   0x00002558   0x00000014   Code   RO         1943    i.rt_put_rdy_first  RTX_CM0.lib(rt_list.o)
    0x0000256c   0x0000256c   0x00000030   Code   RO         1944    i.rt_resort_prio    RTX_CM0.lib(rt_list.o)
    0x0000259c   0x0000259c   0x00000006   Code   RO         2212    i.rt_ret_val        RTX_CM0.lib(hal_cm.o)
    0x000025a2   0x000025a2   0x00000008   Code   RO         2213    i.rt_ret_val2       RTX_CM0.lib(hal_cm.o)
    0x000025aa   0x000025aa   0x0000002a   Code   RO         1945    i.rt_rmv_dly        RTX_CM0.lib(rt_list.o)
    0x000025d4   0x000025d4   0x00000034   Code   RO         1946    i.rt_rmv_list       RTX_CM0.lib(rt_list.o)
    0x00002608   0x00002608   0x00000034   Code   RO         2064    i.rt_sem_psh        RTX_CM0.lib(rt_semaphore.o)
    0x0000263c   0x0000263c   0x00000028   Code   RO         1812    i.rt_stk_check      RTX_CM0.lib(rt_system.o)
    0x00002664   0x00002664   0x00000010   Code   RO         1689    i.rt_switch_req     RTX_CM0.lib(rt_task.o)
    0x00002674   0x00002674   0x000000c8   Code   RO         1690    i.rt_sys_init       RTX_CM0.lib(rt_task.o)
    0x0000273c   0x0000273c   0x00000064   Code   RO         1691    i.rt_sys_start      RTX_CM0.lib(rt_task.o)
    0x000027a0   0x000027a0   0x0000003c   Code   RO         1814    i.rt_systick        RTX_CM0.lib(rt_system.o)
    0x000027dc   0x000027dc   0x00000012   Code   RO         1117    i.rt_tid2ptcb       RTX_CM0.lib(rt_cmsis.o)
    0x000027ee   0x000027ee   0x00000002   PAD
    0x000027f0   0x000027f0   0x00000038   Code   RO         1118    i.rt_timer_insert   RTX_CM0.lib(rt_cmsis.o)
    0x00002828   0x00002828   0x00000078   Code   RO         1692    i.rt_tsk_create     RTX_CM0.lib(rt_task.o)
    0x000028a0   0x000028a0   0x00000158   Code   RO         1693    i.rt_tsk_delete     RTX_CM0.lib(rt_task.o)
    0x000029f8   0x000029f8   0x0000002c   Code   RO         1694    i.rt_tsk_pass       RTX_CM0.lib(rt_task.o)
    0x00002a24   0x00002a24   0x00000080   Code   RO         1695    i.rt_tsk_prio       RTX_CM0.lib(rt_task.o)
    0x00002aa4   0x00002aa4   0x00000010   Code   RO         1696    i.rt_tsk_self       RTX_CM0.lib(rt_task.o)
    0x00002ab4   0x00002ab4   0x000000b8   Code   RO          138    i.scoresUpdate      main.o
    0x00002b6c   0x00002b6c   0x00000148   Code   RO          139    i.segment_value     main.o
    0x00002cb4   0x00002cb4   0x00000130   Code   RO          140    i.seven_segment_begin  main.o
    0x00002de4   0x00002de4   0x00000098   Code   RO          141    i.seven_segment_digit_input  main.o
    0x00002e7c   0x00002e7c   0x000000a8   Code   RO          142    i.seven_segment_value_input  main.o
    0x00002f24   0x00002f24   0x000000a8   Code   RO          909    i.stackDump         retarget.o
    0x00002fcc   0x00002fcc   0x00000012   Code   RO         1120    i.svcDelay          RTX_CM0.lib(rt_cmsis.o)
    0x00002fde   0x00002fde   0x00000002   PAD
    0x00002fe0   0x00002fe0   0x00000078   Code   RO         1121    i.svcKernelInitialize  RTX_CM0.lib(rt_cmsis.o)
    0x00003058   0x00003058   0x0000004c   Code   RO         1123    i.svcKernelStart    RTX_CM0.lib(rt_cmsis.o)
    0x000030a4   0x000030a4   0x0000002a   Code   RO         1126    i.svcMessageCreate  RTX_CM0.lib(rt_cmsis.o)
    0x000030ce   0x000030ce   0x0000003c   Code   RO         1127    i.svcMessageGet     RTX_CM0.lib(rt_cmsis.o)
    0x0000310a   0x0000310a   0x00000002   PAD
    0x0000310c   0x0000310c   0x00000074   Code   RO         1141    i.svcThreadCreate   RTX_CM0.lib(rt_cmsis.o)
    0x00003180   0x00003180   0x0000001c   Code   RO         1142    i.svcThreadGetId    RTX_CM0.lib(rt_cmsis.o)
    0x0000319c   0x0000319c   0x0000003c   Code   RO         1145    i.svcThreadTerminate  RTX_CM0.lib(rt_cmsis.o)
    0x000031d8   0x000031d8   0x0000000a   Code   RO         1146    i.svcThreadYield    RTX_CM0.lib(rt_cmsis.o)
    0x000031e2   0x000031e2   0x0000001c   Code   RO         1147    i.svcTimerCall      RTX_CM0.lib(rt_cmsis.o)
    0x000031fe   0x000031fe   0x00000002   PAD
    0x00003200   0x00003200   0x00000058   Code   RO         1156    i.sysTimerTick      RTX_CM0.lib(rt_cmsis.o)
    0x00003258   0x00003258   0x00000004   Code   RO          144    i.thread1_task      main.o
    0x0000325c   0x0000325c   0x00000044   Code   RO          145    i.thread2_task      main.o
    0x000032a0   0x000032a0   0x00000078   Code   RO          146    i.thread3_task      main.o
    0x00003318   0x00003318   0x00000020   Code   RO          147    i.thread4_task      main.o
    0x00003338   0x00003338   0x000000b0   Code   RO         2323    x$fpl$fmul          fz_ps.l(fmul.o)
    0x000033e8   0x000033e8   0x00000000   Code   RO         2341    x$fpl$usenofp       fz_ps.l(usenofp.o)
    0x000033e8   0x000033e8   0x00000010   Data   RO            3    .constdata          thread.o
    0x000033f8   0x000033f8   0x0000007c   Data   RO          149    .constdata          main.o
    0x00003474   0x00003474   0x00000068   Data   RO          846    .constdata          rtx_conf_cm.o
    0x000034dc   0x000034dc   0x00000028   Data   RO         2265    .constdata          c_p.l(_printf_hex_int.o)
    0x00003504   0x00003504   0x00000040   Data   RO         2317    .constdata          fz_ps.l(fdiv.o)
    0x00003544   0x00003544   0x00000020   Data   RO         2498    Region$$Table       anon$$obj.o


    Execution Region ER_RW (Exec base: 0x20000000, Load base: 0x00003564, Size: 0x00000d58, Max: 0xffffffff, ABSOLUTE, COMPRESSED[0x00000660])

    Exec Addr    Load Addr    Size         Type   Attr      Idx    E Section Name        Object

    0x20000000   COMPRESSED   0x00000004   Data   RW            4    .data               thread.o
    0x20000004   COMPRESSED   0x00000ce8   Data   RW          150    .data               main.o
    0x20000cec   COMPRESSED   0x00000014   Data   RW          847    .data               rtx_conf_cm.o
    0x20000d00   COMPRESSED   0x00000008   Data   RW          910    .data               retarget.o
    0x20000d08   COMPRESSED   0x0000002c   Data   RW         1007    .data               system_nuc100series.o
    0x20000d34   COMPRESSED   0x00000008   Data   RW         1159    .data               RTX_CM0.lib(rt_cmsis.o)
    0x20000d3c   COMPRESSED   0x00000008   Data   RW         1698    .data               RTX_CM0.lib(rt_task.o)
    0x20000d44   COMPRESSED   0x00000008   Data   RW         1817    .data               RTX_CM0.lib(rt_system.o)
    0x20000d4c   COMPRESSED   0x00000004   Data   RW         2107    .data               RTX_CM0.lib(rt_time.o)
    0x20000d50   COMPRESSED   0x00000008   Data   RW         2138    .data               RTX_CM0.lib(rt_robin.o)


    Execution Region ER_ZI (Exec base: 0x20000d58, Load base: 0x00003bc4, Size: 0x00001490, Max: 0xffffffff, ABSOLUTE)

    Exec Addr    Load Addr    Size         Type   Attr      Idx    E Section Name        Object

    0x20000d58        -       0x00000400   Zero   RW          148    .bss                main.o
    0x20001158        -       0x00000bc8   Zero   RW          845    .bss                rtx_conf_cm.o
    0x20001d20        -       0x00000034   Zero   RW         1697    .bss                RTX_CM0.lib(rt_task.o)
    0x20001d54        -       0x00000030   Zero   RW         1947    .bss                RTX_CM0.lib(rt_list.o)
    0x20001d84        -       0x00000060   Zero   RW         2251    .bss                c_p.l(libspace.o)
    0x20001de4   0x00003bc4   0x00000004   PAD
    0x20001de8        -       0x00000000   Zero   RW          996    HEAP                startup_nuc100series.o
    0x20001de8        -       0x00000400   Zero   RW          995    STACK               startup_nuc100series.o


==============================================================================

Image component sizes


      Code (inc. data)   RO Data    RW Data    ZI Data      Debug   Object Name

      4964        572        124       3304       1024     151779   main.o
       328        132          0          8          0       6229   retarget.o
       130         28        104         20       3016       9311   rtx_conf_cm.o
       100         46        192          0       1024        660   startup_nuc100series.o
       230         40          0         44          0      21867   system_nuc100series.o
        48         10         16          4          0      10147   thread.o

    ----------------------------------------------------------------------
      5808        828        468       3380       5064     199993   Object Totals
         0          0         32          0          0          0   (incl. Generated)
         8          0          0          0          0          0   (incl. Padding)

    ----------------------------------------------------------------------

      Code (inc. data)   RO Data    RW Data    ZI Data      Debug   Library Member Name

       134         14          0          0          0       1655   hal_cm.o
       356         40          0          0          0        828   hal_cm0.o
      1258        152          0          8          0      33439   rt_cmsis.o
        80          6          0          0          0        617   rt_event.o
       560         44          0          0         48       8504   rt_list.o
       516         16          0          0          0       3777   rt_mailbox.o
       140          0          0          0          0       1925   rt_membox.o
       142          0          0          0          0       2275   rt_memory.o
       344         20          0          0          0       1599   rt_mutex.o
        92         22          0          8          0       1098   rt_robin.o
        52          4          0          0          0        545   rt_semaphore.o
       290         54          0          8          0       5955   rt_system.o
      1160        188          0          8         52       9579   rt_task.o
        10          0          0          4          0        656   rt_time.o
         4          4          0          0          0        196   svc_table.o
        86          0          0          0          0          0   __dczerorl2.o
         8          0          0          0          0         68   __main.o
       284          0          0          0          0        136   __printf_wp.o
         0          0          0          0          0          0   __rtentry.o
        20          0          0          0          0          0   __rtentry2.o
         6          0          0          0          0          0   __rtentry4.o
        60          8          0          0          0          0   __scatter.o
        28          0          0          0          0          0   __scatter_zi.o
        48          6          0          0          0         88   _printf_char_common.o
        40          6          0          0          0         72   _printf_char_file.o
        88          4         40          0          0         72   _printf_hex_int.o
       176          0          0          0          0         84   _printf_intcommon.o
         2          0          0          0          0          0   _printf_percent.o
         4          0          0          0          0          0   _printf_percent_end.o
        10          0          0          0          0          0   _printf_x.o
       346          0          0          0          0         92   aeabi_sdiv.o
        16          0          0          0          0         68   exit.o
         6          0          0          0          0        136   heapauxi.o
         0          0          0          0          0          0   indicate_semi.o
         2          0          0          0          0          0   libinit.o
         2          0          0          0          0          0   libinit2.o
         2          0          0          0          0          0   libshutdown.o
         2          0          0          0          0          0   libshutdown2.o
         8          4          0          0         96         68   libspace.o
        28          6          0          0          0         84   noretval__2printf.o
         2          0          0          0          0          0   rtexit.o
        10          0          0          0          0          0   rtexit2.o
        68          6          0          0          0         72   strlen.o
        12          4          0          0          0         60   sys_exit.o
        62          0          0          0          0         80   sys_stackheap_outer.o
         2          0          0          0          0         68   use_no_semi.o
       352         10         64          0          0         92   fdiv.o
        76          0          0          0          0         68   ffixi.o
        94          0          0          0          0         92   fflti.o
       176          4          0          0          0         80   fmul.o
         0          0          0          0          0          0   usenofp.o

    ----------------------------------------------------------------------
      7288        622        104         36        200      74228   Library Totals
        24          0          0          0          4          0   (incl. Padding)

    ----------------------------------------------------------------------

      Code (inc. data)   RO Data    RW Data    ZI Data      Debug   Library Name

      5138        564          0         36        100      72648   RTX_CM0.lib
      1428         44         40          0         96       1248   c_p.l
       698         14         64          0          0        332   fz_ps.l

    ----------------------------------------------------------------------
      7288        622        104         36        200      74228   Library Totals

    ----------------------------------------------------------------------

==============================================================================


      Code (inc. data)   RO Data    RW Data    ZI Data      Debug   

     13096       1450        572       3416       5264     268153   Grand Totals
     13096       1450        572       1632       5264     268153   ELF Image Totals (compressed)
     13096       1450        572       1632          0          0   ROM Totals

==============================================================================

    Total RO  Size (Code + RO Data)                13668 (  13.35kB)
    Total RW  Size (RW Data + ZI Data)              8680 (   8.48kB)
    Total ROM Size (Code + RO Data + RW Data)      15300 (  14.94kB)

==============================================================================

