Component: ARM Compiler 5.06 update 7 (build 960) Tool: armlink [4d3601]

==============================================================================

Section Cross References

    thread.o(i.Init_Thread) refers to rt_cmsis.o(i.osThreadCreate) for osThreadCreate
    thread.o(i.Init_Thread) refers to thread.o(.constdata) for os_thread_def_Thread
    thread.o(i.Init_Thread) refers to thread.o(.data) for tid_Thread
    thread.o(i.Thread) refers to rt_cmsis.o(i.osThreadYield) for osThreadYield
    thread.o(.constdata) refers to thread.o(i.Thread) for Thread
    main.o(i.CLK_DisableCKO) refers to main.o(i.CLK_DisableModuleClock) for CLK_DisableModuleClock
    main.o(i.CLK_DisableModuleClock) refers to main.o(.constdata) for .constdata
    main.o(i.CLK_EnableCKO) refers to main.o(i.CLK_EnableModuleClock) for CLK_EnableModuleClock
    main.o(i.CLK_EnableCKO) refers to main.o(i.CLK_SetModuleClock) for CLK_SetModuleClock
    main.o(i.CLK_EnableModuleClock) refers to main.o(.constdata) for .constdata
    main.o(i.CLK_EnablePLL) refers to main.o(i.CLK_WaitClockReady) for CLK_WaitClockReady
    main.o(i.CLK_EnablePLL) refers to aeabi_sdiv.o(.text) for __aeabi_uidivmod
    main.o(i.CLK_EnablePLL) refers to main.o(i.CLK_GetPLLClockFreq) for CLK_GetPLLClockFreq
    main.o(i.CLK_GetCPUFreq) refers to system_nuc100series.o(i.SystemCoreClockUpdate) for SystemCoreClockUpdate
    main.o(i.CLK_GetCPUFreq) refers to system_nuc100series.o(.data) for SystemCoreClock
    main.o(i.CLK_GetHCLKFreq) refers to system_nuc100series.o(i.SystemCoreClockUpdate) for SystemCoreClockUpdate
    main.o(i.CLK_GetHCLKFreq) refers to system_nuc100series.o(.data) for SystemCoreClock
    main.o(i.CLK_GetPCLKFreq) refers to system_nuc100series.o(i.SystemCoreClockUpdate) for SystemCoreClockUpdate
    main.o(i.CLK_GetPCLKFreq) refers to system_nuc100series.o(.data) for SystemCoreClock
    main.o(i.CLK_GetPLLClockFreq) refers to aeabi_sdiv.o(.text) for __aeabi_uidivmod
    main.o(i.CLK_SetCoreClock) refers to main.o(i.CLK_EnablePLL) for CLK_EnablePLL
    main.o(i.CLK_SetCoreClock) refers to main.o(i.CLK_SetHCLK) for CLK_SetHCLK
    main.o(i.CLK_SetHCLK) refers to system_nuc100series.o(i.SystemCoreClockUpdate) for SystemCoreClockUpdate
    main.o(i.CLK_SetModuleClock) refers to main.o(.constdata) for .constdata
    main.o(i.CircleBresenham) refers to main.o(i.draw_Pixel) for draw_Pixel
    main.o(i.CircleMidpoint) refers to main.o(i.draw_Pixel) for draw_Pixel
    main.o(i.CircleOptimized) refers to main.o(i.draw_Pixel) for draw_Pixel
    main.o(i.Keypad_Return) refers to main.o(.constdata) for .constdata
    main.o(i.LineBresenham) refers to main.o(i.draw_Pixel) for draw_Pixel
    main.o(i.LineOptimized) refers to main.o(i.draw_Pixel) for draw_Pixel
    main.o(i.RectangleDraw) refers to main.o(i.draw_Pixel) for draw_Pixel
    main.o(i.RectangleFill) refers to main.o(i.draw_Pixel) for draw_Pixel
    main.o(i.SPI_GetBusClock) refers to main.o(i.CLK_GetHCLKFreq) for CLK_GetHCLKFreq
    main.o(i.SPI_GetBusClock) refers to main.o(i.CLK_GetPLLClockFreq) for CLK_GetPLLClockFreq
    main.o(i.SPI_GetBusClock) refers to aeabi_sdiv.o(.text) for __aeabi_uidivmod
    main.o(i.SPI_Open) refers to main.o(i.CLK_GetHCLKFreq) for CLK_GetHCLKFreq
    main.o(i.SPI_Open) refers to main.o(i.CLK_GetPLLClockFreq) for CLK_GetPLLClockFreq
    main.o(i.SPI_Open) refers to aeabi_sdiv.o(.text) for __aeabi_uidivmod
    main.o(i.SPI_SetBusClock) refers to main.o(i.CLK_GetHCLKFreq) for CLK_GetHCLKFreq
    main.o(i.SPI_SetBusClock) refers to main.o(i.CLK_GetPLLClockFreq) for CLK_GetPLLClockFreq
    main.o(i.SPI_SetBusClock) refers to aeabi_sdiv.o(.text) for __aeabi_uidivmod
    main.o(i.Triangle) refers to main.o(i.LineBresenham) for LineBresenham
    main.o(i.Variable_Resistor_Value) refers to rt_cmsis.o(i.osDelay) for osDelay
    main.o(i.clear_LCD) refers to main.o(i.lcdSetAddr) for lcdSetAddr
    main.o(i.clear_LCD) refers to main.o(i.lcdWriteData) for lcdWriteData
    main.o(i.clear_LCD) refers to main.o(.bss) for DisplayBuffer
    main.o(i.draw_Bmp16x16) refers to main.o(i.draw_Pixel) for draw_Pixel
    main.o(i.draw_Bmp16x32) refers to main.o(i.draw_Pixel) for draw_Pixel
    main.o(i.draw_Bmp16x48) refers to main.o(i.draw_Pixel) for draw_Pixel
    main.o(i.draw_Bmp16x64) refers to main.o(i.draw_Pixel) for draw_Pixel
    main.o(i.draw_Bmp16x8) refers to main.o(i.draw_Pixel) for draw_Pixel
    main.o(i.draw_Bmp32x16) refers to main.o(i.draw_Pixel) for draw_Pixel
    main.o(i.draw_Bmp32x32) refers to main.o(i.draw_Pixel) for draw_Pixel
    main.o(i.draw_Bmp32x48) refers to main.o(i.draw_Pixel) for draw_Pixel
    main.o(i.draw_Bmp32x64) refers to main.o(i.draw_Pixel) for draw_Pixel
    main.o(i.draw_Bmp64x64) refers to main.o(i.draw_Pixel) for draw_Pixel
    main.o(i.draw_Bmp8x16) refers to main.o(i.draw_Pixel) for draw_Pixel
    main.o(i.draw_Bmp8x8) refers to main.o(i.draw_Pixel) for draw_Pixel
[...]
    !!!main                                  0x000000c0   Section        8  __main.o(!!!main)
    !!!scatter                               0x000000c8   Section       60  __scatter.o(!!!scatter)
    !!handler_zi                             0x00000104   Section       28  __scatter_zi.o(!!handler_zi)
    .ARM.Collect$$_printf_percent$$00000000  0x00000120   Section        2  _printf_percent.o(.ARM.Collect$$_printf_percent$$00000000)
    .ARM.Collect$$_printf_percent$$0000000C  0x00000122   Section       10  _printf_x.o(.ARM.Collect$$_printf_percent$$0000000C)
    .ARM.Collect$$_printf_percent$$00000017  0x0000012c   Section        4  _printf_percent_end.o(.ARM.Collect$$_printf_percent$$00000017)
    .ARM.Collect$$libinit$$00000000          0x00000130   Section        2  libinit.o(.ARM.Collect$$libinit$$00000000)
    .ARM.Collect$$libinit$$00000002          0x00000132   Section        0  libinit2.o(.ARM.Collect$$libinit$$00000002)
    .ARM.Collect$$libinit$$00000004          0x00000132   Section        0  libinit2.o(.ARM.Collect$$libinit$$00000004)
    .ARM.Collect$$libinit$$0000000A          0x00000132   Section        0  libinit2.o(.ARM.Collect$$libinit$$0000000A)
    .ARM.Collect$$libinit$$0000000C          0x00000132   Section        0  libinit2.o(.ARM.Collect$$libinit$$0000000C)
    .ARM.Collect$$libinit$$0000000E          0x00000132   Section        0  libinit2.o(.ARM.Collect$$libinit$$0000000E)
    .ARM.Collect$$libinit$$00000011          0x00000132   Section        0  libinit2.o(.ARM.Collect$$libinit$$00000011)
    .ARM.Collect$$libinit$$00000013          0x00000132   Section        0  libinit2.o(.ARM.Collect$$libinit$$00000013)
    .ARM.Collect$$libinit$$00000015          0x00000132   Section        0  libinit2.o(.ARM.Collect$$libinit$$00000015)
    .ARM.Collect$$libinit$$00000017          0x00000132   Section        0  libinit2.o(.ARM.Collect$$libinit$$00000017)
    .ARM.Collect$$libinit$$00000019          0x00000132   Section        0  libinit2.o(.ARM.Collect$$libinit$$00000019)
    .ARM.Collect$$libinit$$0000001B          0x00000132   Section        0  libinit2.o(.ARM.Collect$$libinit$$0000001B)
    .ARM.Collect$$libinit$$0000001D          0x00000132   Section        0  libinit2.o(.ARM.Collect$$libinit$$0000001D)
    .ARM.Collect$$libinit$$0000001F          0x00000132   Section        0  libinit2.o(.ARM.Collect$$libinit$$0000001F)
    .ARM.Collect$$libinit$$00000021          0x00000132   Section        0  libinit2.o(.ARM.Collect$$libinit$$00000021)
    .ARM.Collect$$libinit$$00000023          0x00000132   Section        0  libinit2.o(.ARM.Collect$$libinit$$00000023)
    .ARM.Collect$$libinit$$00000025          0x00000132   Section        0  libinit2.o(.ARM.Collect$$libinit$$00000025)
    .ARM.Collect$$libinit$$0000002C          0x00000132   Section        0  libinit2.o(.ARM.Collect$$libinit$$0000002C)
    .ARM.Collect$$libinit$$0000002E          0x00000132   Section        0  libinit2.o(.ARM.Collect$$libinit$$0000002E)
    .ARM.Collect$$libinit$$00000030          0x00000132   Section        0  libinit2.o(.ARM.Collect$$libinit$$00000030)
    .ARM.Collect$$libinit$$00000032          0x00000132   Section        0  libinit2.o(.ARM.Collect$$libinit$$00000032)
    .ARM.Collect$$libinit$$00000033          0x00000132   Section        2  libinit2.o(.ARM.Collect$$libinit$$00000033)
    .ARM.Collect$$libshutdown$$00000000      0x00000134   Section        2  libshutdown.o(.ARM.Collect$$libshutdown$$00000000)
    .ARM.Collect$$libshutdown$$00000002      0x00000136   Section        0  libshutdown2.o(.ARM.Collect$$libshutdown$$00000002)
    .ARM.Collect$$libshutdown$$00000004      0x00000136   Section        0  libshutdown2.o(.ARM.Collect$$libshutdown$$00000004)
    .ARM.Collect$$libshutdown$$00000006      0x00000136   Section        0  libshutdown2.o(.ARM.Collect$$libshutdown$$00000006)
    .ARM.Collect$$libshutdown$$00000009      0x00000136   Section        0  libshutdown2.o(.ARM.Collect$$libshutdown$$00000009)
    .ARM.Collect$$libshutdown$$0000000C      0x00000136   Section        0  libshutdown2.o(.ARM.Collect$$libshutdown$$0000000C)
    .ARM.Collect$$libshutdown$$0000000E      0x00000136   Section        0  libshutdown2.o(.ARM.Collect$$libshutdown$$0000000E)
    .ARM.Collect$$libshutdown$$00000011      0x00000136   Section        0  libshutdown2.o(.ARM.Collect$$libshutdown$$00000011)
    .ARM.Collect$$libshutdown$$00000012      0x00000136   Section        2  libshutdown2.o(.ARM.Collect$$libshutdown$$00000012)
    .ARM.Collect$$rtentry$$00000000          0x00000138   Section        0  __rtentry.o(.ARM.Collect$$rtentry$$00000000)
    .ARM.Collect$$rtentry$$00000002          0x00000138   Section        0  __rtentry2.o(.ARM.Collect$$rtentry$$00000002)
    .ARM.Collect$$rtentry$$00000004          0x00000138   Section        6  __rtentry4.o(.ARM.Collect$$rtentry$$00000004)
    .ARM.Collect$$rtentry$$00000009          0x0000013e   Section        0  __rtentry2.o(.ARM.Collect$$rtentry$$00000009)
    .ARM.Collect$$rtentry$$0000000A          0x0000013e   Section        4  __rtentry2.o(.ARM.Collect$$rtentry$$0000000A)
    .ARM.Collect$$rtentry$$0000000B          0x00000142   Section        8  __rtentry2.o(.ARM.Collect$$rtentry$$0000000B)
    .ARM.Collect$$rtentry$$0000000D          0x0000014a   Section        8  __rtentry2.o(.ARM.Collect$$rtentry$$0000000D)
    .ARM.Collect$$rtexit$$00000000           0x00000152   Section        2  rtexit.o(.ARM.Collect$$rtexit$$00000000)
    .ARM.Collect$$rtexit$$00000002           0x00000154   Section        0  rtexit2.o(.ARM.Collect$$rtexit$$00000002)
    .ARM.Collect$$rtexit$$00000003           0x00000154   Section        4  rtexit2.o(.ARM.Collect$$rtexit$$00000003)
    .ARM.Collect$$rtexit$$00000004           0x00000158   Section        6  rtexit2.o(.ARM.Collect$$rtexit$$00000004)
    .emb_text                                0x00000160   Section       28  rtx_conf_cm.o(.emb_text)
    .emb_text                                0x0000017c   Section       28  retarget.o(.emb_text)
    .emb_text                                0x00000198   Section      356  hal_cm0.o(.emb_text)
    .text                                    0x000002fc   Section      100  startup_nuc100series.o(.text)
    Default_Handler                          0x00000327   Thumb Code     2  startup_nuc100series.o(.text)
    .text                                    0x00000360   Section        8  libspace.o(.text)
    .text                                    0x00000368   Section        0  noretval__2printf.o(.text)
    .text                                    0x00000384   Section        0  _printf_hex_int.o(.text)
    .text                                    0x000003dc   Section        0  __printf_wp.o(.text)
    .text                                    0x000004ea   Section        0  exit.o(.text)
    .text                                    0x000004fa   Section      346  aeabi_sdiv.o(.text)
    .text                                    0x00000654   Section        0  heapauxi.o(.text)
    .text                                    0x0000065c   Section        0  fdiv.o(.text)
    .text                                    0x000007bc   Section        0  ffixi.o(.text)
    .text                                    0x00000808   Section        0  fflti.o(.text)
    .text                                    0x00000866   Section        0  _printf_intcommon.o(.text)
    .text                                    0x00000918   Section        0  _printf_char_file.o(.text)
    .text                                    0x00000940   Section        0  _printf_char_common.o(.text)
    _printf_input_char                       0x00000941   Thumb Code    10  _printf_char_common.o(.text)
    .text                                    0x00000970   Section        0  sys_exit.o(.text)
    .text                                    0x0000097c   Section       62  sys_stackheap_outer.o(.text)
    .text                                    0x000009ba   Section        2  use_no_semi.o(.text)
    .text                                    0x000009bc   Section        0  indicate_semi.o(.text)
    .text                                    0x000009bc   Section        0  __dczerorl2.o(.text)
    SVC_TABLE                                0x00000a14   Section        4  svc_table.o(SVC_TABLE)
    i.CLK_EnableXtalRC                       0x00000a18   Section        0  main.o(i.CLK_EnableXtalRC)
    i.CLK_GetHCLKFreq                        0x00000a28   Section        0  main.o(i.CLK_GetHCLKFreq)
    i.CLK_GetPLLClockFreq                    0x00000a38   Section        0  main.o(i.CLK_GetPLLClockFreq)
    CLK_GetPLLClockFreq                      0x00000a39   Thumb Code   112  main.o(i.CLK_GetPLLClockFreq)
    i.CLK_GetPLLClockFreq                    0x00000ab8   Section        0  system_nuc100series.o(i.CLK_GetPLLClockFreq)
    CLK_GetPLLClockFreq                      0x00000ab9   Thumb Code   112  system_nuc100series.o(i.CLK_GetPLLClockFreq)
    i.Hard_Fault_Handler                     0x00000b38   Section        0  retarget.o(i.Hard_Fault_Handler)
    __tagsym$$used                           0x00000b39   Number         0  retarget.o(i.Hard_Fault_Handler)
    i.InitVRADC                              0x00000b64   Section        0  main.o(i.InitVRADC)
    i.Init_Thread                            0x00000c14   Section        0  thread.o(i.Init_Thread)
    i.Keypad_Return                          0x00000c3c   Section        0  main.o(i.Keypad_Return)
    i.RectangleFill                          0x00000cb0   Section        0  main.o(i.RectangleFill)
    i.SPI_Open                               0x00000d00   Section        0  main.o(i.SPI_Open)
    i.SendChar                               0x00000f14   Section        0  retarget.o(i.SendChar)
    i.SendChar_ToUART                        0x00000f20   Section        0  retarget.o(i.SendChar_ToUART)
    i.SystemCoreClockUpdate                  0x00000f54   Section        0  system_nuc100series.o(i.SystemCoreClockUpdate)
    i.SystemInit                             0x00000fb8   Section        0  system_nuc100series.o(i.SystemInit)
    i.Thread                                 0x00000fba   Section        0  thread.o(i.Thread)
    i.Variable_Resistor_Value                0x00000fc4   Section        0  main.o(i.Variable_Resistor_Value)
    i.__ARM_common_switch8                   0x00001004   Section        0  main.o(i.__ARM_common_switch8)
    i._init_box                              0x00001020   Section        0  rt_membox.o(i._init_box)
    i._is_digit                              0x00001068   Section        0  __printf_wp.o(i._is_digit)
    i._mutex_acquire                         0x00001078   Section        0  rtx_conf_cm.o(i._mutex_acquire)
    __tagsym$$used                           0x00001079   Number         0  rtx_conf_cm.o(i._mutex_acquire)
    i._mutex_release                         0x0000109c   Section        0  rtx_conf_cm.o(i._mutex_release)
    __tagsym$$used                           0x0000109d   Number         0  rtx_conf_cm.o(i._mutex_release)
    i.clear_LCD                              0x000010b8   Section        0  main.o(i.clear_LCD)
    i.draw_Pixel                             0x00001110   Section        0  main.o(i.draw_Pixel)
    i.ferror                                 0x000011c0   Section        0  retarget.o(i.ferror)
    i.fputc                                  0x000011c8   Section        0  retarget.o(i.fputc)
    i.init_LCD                               0x000011d8   Section        0  main.o(i.init_LCD)
    i.init_SPI3                              0x00001200   Section        0  main.o(i.init_SPI3)
    i.isrMessageGet                          0x00001280   Section        0  rt_cmsis.o(i.isrMessageGet)
    i.isrMessagePut                          0x000012ae   Section        0  rt_cmsis.o(i.isrMessagePut)
    i.isr_mbx_receive                        0x000012de   Section        0  rt_mailbox.o(i.isr_mbx_receive)
    i.isr_mbx_send                           0x0000132a   Section        0  rt_mailbox.o(i.isr_mbx_send)
    i.lcdSetAddr                             0x00001338   Section        0  main.o(i.lcdSetAddr)
    i.lcdWriteCommand                        0x000013e0   Section        0  main.o(i.lcdWriteCommand)
    i.lcdWriteData                           0x00001420   Section        0  main.o(i.lcdWriteData)
    i.main                                   0x0000145c   Section        0  main.o(i.main)
    i.osDelay                                0x000014e8   Section        0  rt_cmsis.o(i.osDelay)
    i.osKernelInitialize                     0x00001504   Section        0  rt_cmsis.o(i.osKernelInitialize)
    i.osKernelStart                          0x0000152c   Section        0  rt_cmsis.o(i.osKernelStart)
    i.osMessageGet                           0x00001598   Section        0  rt_cmsis.o(i.osMessageGet)
    i.osThreadCreate                         0x000015b4   Section        0  rt_cmsis.o(i.osThreadCreate)
    i.osThreadExit                           0x000015e8   Section        0  rt_cmsis.o(i.osThreadExit)
    i.osThreadYield                          0x00001600   Section        0  rt_cmsis.o(i.osThreadYield)
    i.osTimerCall                            0x0000161c   Section        0  rt_cmsis.o(i.osTimerCall)
    i.osTimerThread                          0x0000162c   Section        0  rt_cmsis.o(i.osTimerThread)
    i.os_error                               0x00001658   Section        0  rtx_conf_cm.o(i.os_error)
    i.os_idle_demon                          0x0000167a   Section        0  rtx_conf_cm.o(i.os_idle_demon)
    i.os_tick_init                           0x00001680   Section        0  rt_system.o(i.os_tick_init)
    i.os_tick_irqack                         0x000016ac   Section        0  rt_system.o(i.os_tick_irqack)
    i.rt_alloc_box                           0x000016ae   Section        0  rt_membox.o(i.rt_alloc_box)
    i.rt_alloc_mem                           0x000016cc   Section        0  rt_memory.o(i.rt_alloc_mem)
    i.rt_block                               0x00001710   Section        0  rt_task.o(i.rt_block)
    i.rt_chk_robin                           0x00001748   Section        0  rt_robin.o(i.rt_chk_robin)
    i.rt_dec_dly                             0x0000178c   Section        0  rt_list.o(i.rt_dec_dly)
    i.rt_dispatch                            0x00001800   Section        0  rt_task.o(i.rt_dispatch)
    i.rt_dly_wait                            0x00001840   Section        0  rt_time.o(i.rt_dly_wait)
    i.rt_evt_psh                             0x0000184c   Section        0  rt_event.o(i.rt_evt_psh)
    i.rt_free_box                            0x0000189c   Section        0  rt_membox.o(i.rt_free_box)
    i.rt_free_mem                            0x000018c2   Section        0  rt_memory.o(i.rt_free_mem)
    i.rt_get_first                           0x000018f2   Section        0  rt_list.o(i.rt_get_first)
    i.rt_get_same_rdy_prio                   0x0000191c   Section        0  rt_list.o(i.rt_get_same_rdy_prio)
    i.rt_id2obj                              0x00001940   Section        0  rt_cmsis.o(i.rt_id2obj)
    rt_id2obj                                0x00001941   Thumb Code     8  rt_cmsis.o(i.rt_id2obj)
    i.rt_init_context                        0x00001948   Section        0  rt_task.o(i.rt_init_context)
    rt_init_context                          0x00001949   Thumb Code    66  rt_task.o(i.rt_init_context)
    i.rt_init_mem                            0x00001990   Section        0  rt_memory.o(i.rt_init_mem)
    i.rt_init_robin                          0x000019ac   Section        0  rt_robin.o(i.rt_init_robin)
    i.rt_init_stack                          0x000019c4   Section        0  hal_cm.o(i.rt_init_stack)
    i.rt_mbx_check                           0x00001a3c   Section        0  rt_mailbox.o(i.rt_mbx_check)
    i.rt_mbx_init                            0x00001a44   Section        0  rt_mailbox.o(i.rt_mbx_init)
    i.rt_mbx_psh                             0x00001a68   Section        0  rt_mailbox.o(i.rt_mbx_psh)
    i.rt_mbx_wait                            0x00001b38   Section        0  rt_mailbox.o(i.rt_mbx_wait)
    i.rt_ms2tick                             0x00001be8   Section        0  rt_cmsis.o(i.rt_ms2tick)
    rt_ms2tick                               0x00001be9   Thumb Code    56  rt_cmsis.o(i.rt_ms2tick)
    i.rt_mut_release                         0x00001c2c   Section        0  rt_mutex.o(i.rt_mut_release)
    i.rt_mut_wait                            0x00001d04   Section        0  rt_mutex.o(i.rt_mut_wait)
    i.rt_pop_req                             0x00001d84   Section        0  rt_system.o(i.rt_pop_req)
    i.rt_psh_req                             0x00001df4   Section        0  rt_system.o(i.rt_psh_req)
    i.rt_psq_enq                             0x00001e14   Section        0  rt_list.o(i.rt_psq_enq)
    i.rt_put_dly                             0x00001e54   Section        0  rt_list.o(i.rt_put_dly)
    i.rt_put_prio                            0x00001ea4   Section        0  rt_list.o(i.rt_put_prio)
    i.rt_put_rdy_first                       0x00001ee0   Section        0  rt_list.o(i.rt_put_rdy_first)
    i.rt_resort_prio                         0x00001ef4   Section        0  rt_list.o(i.rt_resort_prio)
    i.rt_ret_val                             0x00001f24   Section        0  hal_cm.o(i.rt_ret_val)
    i.rt_ret_val2                            0x00001f2a   Section        0  hal_cm.o(i.rt_ret_val2)
    i.rt_rmv_dly                             0x00001f32   Section        0  rt_list.o(i.rt_rmv_dly)
    i.rt_rmv_list                            0x00001f5c   Section        0  rt_list.o(i.rt_rmv_list)
    i.rt_sem_psh                             0x00001f90   Section        0  rt_semaphore.o(i.rt_sem_psh)
    i.rt_stk_check                           0x00001fc4   Section        0  rt_system.o(i.rt_stk_check)
    i.rt_switch_req                          0x00001fec   Section        0  rt_task.o(i.rt_switch_req)
    i.rt_sys_init                            0x00001ffc   Section        0  rt_task.o(i.rt_sys_init)
    i.rt_sys_start                           0x000020c4   Section        0  rt_task.o(i.rt_sys_start)
    i.rt_systick                             0x00002128   Section        0  rt_system.o(i.rt_systick)
    i.rt_tid2ptcb                            0x00002164   Section        0  rt_cmsis.o(i.rt_tid2ptcb)
    rt_tid2ptcb                              0x00002165   Thumb Code    18  rt_cmsis.o(i.rt_tid2ptcb)
    i.rt_timer_insert                        0x00002178   Section        0  rt_cmsis.o(i.rt_timer_insert)
    rt_timer_insert                          0x00002179   Thumb Code    52  rt_cmsis.o(i.rt_timer_insert)
    i.rt_tsk_create                          0x000021b0   Section        0  rt_task.o(i.rt_tsk_create)
    i.rt_tsk_delete                          0x00002228   Section        0  rt_task.o(i.rt_tsk_delete)
    i.rt_tsk_pass                            0x00002380   Section        0  rt_task.o(i.rt_tsk_pass)
    i.rt_tsk_prio                            0x000023ac   Section        0  rt_task.o(i.rt_tsk_prio)
    i.rt_tsk_self                            0x0000242c   Section        0  rt_task.o(i.rt_tsk_self)
    i.segment_value                          0x0000243c   Section        0  main.o(i.segment_value)
    i.seven_segment_begin                    0x00002584   Section        0  main.o(i.seven_segment_begin)
    i.seven_segment_digit_input              0x000026b4   Section        0  main.o(i.seven_segment_digit_input)
    i.seven_segment_value_input_VR           0x0000274c   Section        0  main.o(i.seven_segment_value_input_VR)
    i.seven_segment_value_input_keypad       0x000027c2   Section        0  main.o(i.seven_segment_value_input_keypad)
    i.stackDump                              0x000027e0   Section        0  retarget.o(i.stackDump)
    stackDump                                0x000027e1   Thumb Code    70  retarget.o(i.stackDump)
    i.svcDelay                               0x00002888   Section        0  rt_cmsis.o(i.svcDelay)
    i.svcKernelInitialize                    0x0000289c   Section        0  rt_cmsis.o(i.svcKernelInitialize)
    i.svcKernelStart                         0x00002914   Section        0  rt_cmsis.o(i.svcKernelStart)
    i.svcMessageCreate                       0x00002960   Section        0  rt_cmsis.o(i.svcMessageCreate)
    i.svcMessageGet                          0x0000298a   Section        0  rt_cmsis.o(i.svcMessageGet)
    i.svcThreadCreate                        0x000029c8   Section        0  rt_cmsis.o(i.svcThreadCreate)
    i.svcThreadGetId                         0x00002a3c   Section        0  rt_cmsis.o(i.svcThreadGetId)
    i.svcThreadTerminate                     0x00002a58   Section        0  rt_cmsis.o(i.svcThreadTerminate)
    i.svcThreadYield                         0x00002a94   Section        0  rt_cmsis.o(i.svcThreadYield)
    i.svcTimerCall                           0x00002a9e   Section        0  rt_cmsis.o(i.svcTimerCall)
    i.sysTimerTick                           0x00002abc   Section        0  rt_cmsis.o(i.sysTimerTick)
    i.thread1_task                           0x00002b14   Section        0  main.o(i.thread1_task)
    i.thread2_task                           0x00002b18   Section        0  main.o(i.thread2_task)
    i.thread3_task                           0x00002b3c   Section        0  main.o(i.thread3_task)
    i.thread4_task                           0x00002b60   Section        0  main.o(i.thread4_task)
    x$fpl$fmul                               0x00002bd4   Section      176  fmul.o(x$fpl$fmul)
    .constdata                               0x00002c84   Section       16  thread.o(.constdata)
    x$fpl$usenofp                            0x00002c84   Section        0  usenofp.o(x$fpl$usenofp)
    .constdata                               0x00002c94   Section      124  main.o(.constdata)
    .constdata                               0x00002d10   Section      104  rtx_conf_cm.o(.constdata)
    __tagsym$$used                           0x00002d2c   Number         0  rtx_conf_cm.o(.constdata)
    __tagsym$$used                           0x00002d30   Number         0  rtx_conf_cm.o(.constdata)
    __tagsym$$used                           0x00002d34   Number         0  rtx_conf_cm.o(.constdata)
    __tagsym$$used                           0x00002d38   Number         0  rtx_conf_cm.o(.constdata)
    .constdata                               0x00002d78   Section       40  _printf_hex_int.o(.constdata)
    uc_hextab                                0x00002d78   Data          20  _printf_hex_int.o(.constdata)
    lc_hextab                                0x00002d8c   Data          20  _printf_hex_int.o(.constdata)
    .constdata                               0x00002da0   Section       64  fdiv.o(.constdata)
    fdiv_tab                                 0x00002da0   Data          64  fdiv.o(.constdata)
    .data                                    0x20000000   Section        4  thread.o(.data)
    .data                                    0x20000004   Section     2056  main.o(.data)
    Font5x7                                  0x2000061c   Data         480  main.o(.data)
    .data                                    0x2000080c   Section       20  rtx_conf_cm.o(.data)
    nr_mutex                                 0x2000081c   Data           4  rtx_conf_cm.o(.data)
    .data                                    0x20000820   Section        8  retarget.o(.data)
    .data                                    0x20000828   Section       44  system_nuc100series.o(.data)
    .data                                    0x20000854   Section        8  rt_cmsis.o(.data)
    .data                                    0x2000085c   Section        8  rt_task.o(.data)
    .data                                    0x20000864   Section        8  rt_system.o(.data)
    os_lock                                  0x20000864   Data           1  rt_system.o(.data)
    os_psh_flag                              0x20000865   Data           1  rt_system.o(.data)
    pend_flags                               0x20000866   Data           1  rt_system.o(.data)
    .data                                    0x2000086c   Section        4  rt_time.o(.data)
    .data                                    0x20000870   Section        8  rt_robin.o(.data)
    .bss                                     0x20000878   Section     1024  main.o(.bss)
    .bss                                     0x20000c78   Section     3016  rtx_conf_cm.o(.bss)
    std_libspace                             0x20001520   Data         672  rtx_conf_cm.o(.bss)
    std_libmutex                             0x200017c0   Data         128  rtx_conf_cm.o(.bss)
    .bss                                     0x20001840   Section       52  rt_task.o(.bss)
    .bss                                     0x20001874   Section       48  rt_list.o(.bss)
    .bss                                     0x200018a4   Section       96  libspace.o(.bss)
    HEAP                                     0x20001908   Section        0  startup_nuc100series.o(HEAP)
    STACK                                    0x20001908   Section     1024  startup_nuc100series.o(STACK)
    Heap_Mem                                 0x20001908   Data           0  startup_nuc100series.o(HEAP)
    Stack_Mem                                0x20001908   Data        1024  startup_nuc100series.o(STACK)
    __initial_sp                             0x20001d08   Data           0  startup_nuc100series.o(STACK)

    Global Symbols

    Symbol Name                              Value     Ov Type        Size  Object(Section)

    BuildAttributes$$THM_ISAv3M$S$PE$A:L22$X:L11$S22$IEEE1$IW$USESV6$~STKCKD$USESV7$~SHL$OSPACE$ROPI$EBA8$UX$STANDARDLIB$REQ8$PRES8$EABIv2 0x00000000   Number         0  anon$$obj.o ABSOLUTE
    __ARM_use_no_argv                        0x00000000   Number         0  main.o ABSOLUTE
    __Vectors                                0x00000000   Data           4  startup_nuc100series.o(RESET)
    _printf_flags                            0x00000000   Number         0  printf_stubs.o ABSOLUTE
    _printf_return_value                     0x00000000   Number         0  printf_stubs.o ABSOLUTE
    _printf_sizespec                         0x00000000   Number         0  printf_stubs.o ABSOLUTE
    _printf_widthprec                        0x00000000   Number         0  printf_stubs.o ABSOLUTE
    __ARM_exceptions_init                     - Undefined Weak Reference
    __alloca_initialize                       - Undefined Weak Reference
    __arm_fini_                               - Undefined Weak Reference
    __arm_preinit_                            - Undefined Weak Reference
    __cpp_initialize__aeabi_                  - Undefined Weak Reference
    __cxa_finalize                            - Undefined Weak Reference
    __rt_locale                               - Undefined Weak Reference
    __sigvec_lookup                           - Undefined Weak Reference
    _atexit_init                              - Undefined Weak Reference
    _call_atexit_fns                          - Undefined Weak Reference
    _clock_init                               - Undefined Weak Reference
    _fp_trap_init                             - Undefined Weak Reference
    _fp_trap_shutdown                         - Undefined Weak Reference
    _get_lc_collate                           - Undefined Weak Reference
    _get_lc_ctype                             - Undefined Weak Reference
    _get_lc_monetary                          - Undefined Weak Reference
    _get_lc_numeric                           - Undefined Weak Reference
    _get_lc_time                              - Undefined Weak Reference
    _getenv_init                              - Undefined Weak Reference
    _handle_redirection                       - Undefined Weak Reference
    _init_alloc                               - Undefined Weak Reference
    _init_user_alloc                          - Undefined Weak Reference
    _initio                                   - Undefined Weak Reference
    _printf_post_padding                      - Undefined Weak Reference
    _printf_pre_padding                       - Undefined Weak Reference
    _printf_truncate_unsigned                 - Undefined Weak Reference
    _rand_init                                - Undefined Weak Reference
    _signal_finish                            - Undefined Weak Reference
    _signal_init                              - Undefined Weak Reference
    _terminate_alloc                          - Undefined Weak Reference
    _terminate_user_alloc                     - Undefined Weak Reference
    _terminateio                              - Undefined Weak Reference
    __main                                   0x000000c1   Thumb Code     8  __main.o(!!!main)
    __scatterload                            0x000000c9   Thumb Code     0  __scatter.o(!!!scatter)
    __scatterload_rt2                        0x000000c9   Thumb Code    52  __scatter.o(!!!scatter)
    __scatterload_rt2_thumb_only             0x000000c9   Thumb Code     0  __scatter.o(!!!scatter)
    __scatterload_null                       0x000000d9   Thumb Code     0  __scatter.o(!!!scatter)
    __scatterload_zeroinit                   0x00000105   Thumb Code    28  __scatter_zi.o(!!handler_zi)
    _printf_percent                          0x00000121   Thumb Code     0  _printf_percent.o(.ARM.Collect$$_printf_percent$$00000000)
    _printf_x                                0x00000123   Thumb Code     0  _printf_x.o(.ARM.Collect$$_printf_percent$$0000000C)
    _printf_percent_end                      0x0000012d   Thumb Code     0  _printf_percent_end.o(.ARM.Collect$$_printf_percent$$00000017)
    __rt_lib_init                            0x00000131   Thumb Code     0  libinit.o(.ARM.Collect$$libinit$$00000000)
    __rt_lib_init_alloca_1                   0x00000133   Thumb Code     0  libinit2.o(.ARM.Collect$$libinit$$0000002E)
    __rt_lib_init_argv_1                     0x00000133   Thumb Code     0  libinit2.o(.ARM.Collect$$libinit$$0000002C)
    __rt_lib_init_atexit_1                   0x00000133   Thumb Code     0  libinit2.o(.ARM.Collect$$libinit$$0000001B)
    __rt_lib_init_clock_1                    0x00000133   Thumb Code     0  libinit2.o(.ARM.Collect$$libinit$$00000021)
    __rt_lib_init_cpp_1                      0x00000133   Thumb Code     0  libinit2.o(.ARM.Collect$$libinit$$00000032)
    __rt_lib_init_exceptions_1               0x00000133   Thumb Code     0  libinit2.o(.ARM.Collect$$libinit$$00000030)
    __rt_lib_init_fp_1                       0x00000133   Thumb Code     0  libinit2.o(.ARM.Collect$$libinit$$00000002)
    __rt_lib_init_fp_trap_1                  0x00000133   Thumb Code     0  libinit2.o(.ARM.Collect$$libinit$$0000001F)
    __rt_lib_init_getenv_1                   0x00000133   Thumb Code     0  libinit2.o(.ARM.Collect$$libinit$$00000023)
    __rt_lib_init_heap_1                     0x00000133   Thumb Code     0  libinit2.o(.ARM.Collect$$libinit$$0000000A)
    __rt_lib_init_lc_collate_1               0x00000133   Thumb Code     0  libinit2.o(.ARM.Collect$$libinit$$00000011)
    __rt_lib_init_lc_ctype_1                 0x00000133   Thumb Code     0  libinit2.o(.ARM.Collect$$libinit$$00000013)
    __rt_lib_init_lc_monetary_1              0x00000133   Thumb Code     0  libinit2.o(.ARM.Collect$$libinit$$00000015)
    __rt_lib_init_lc_numeric_1               0x00000133   Thumb Code     0  libinit2.o(.ARM.Collect$$libinit$$00000017)
    __rt_lib_init_lc_time_1                  0x00000133   Thumb Code     0  libinit2.o(.ARM.Collect$$libinit$$00000019)
    __rt_lib_init_preinit_1                  0x00000133   Thumb Code     0  libinit2.o(.ARM.Collect$$libinit$$00000004)
    __rt_lib_init_rand_1                     0x00000133   Thumb Code     0  libinit2.o(.ARM.Collect$$libinit$$0000000E)
    __rt_lib_init_return                     0x00000133   Thumb Code     0  libinit2.o(.ARM.Collect$$libinit$$00000033)
    __rt_lib_init_signal_1                   0x00000133   Thumb Code     0  libinit2.o(.ARM.Collect$$libinit$$0000001D)
    __rt_lib_init_stdio_1                    0x00000133   Thumb Code     0  libinit2.o(.ARM.Collect$$libinit$$00000025)
    __rt_lib_init_user_alloc_1               0x00000133   Thumb Code     0  libinit2.o(.ARM.Collect$$libinit$$0000000C)
    __rt_lib_shutdown                        0x00000135   Thumb Code     0  libshutdown.o(.ARM.Collect$$libshutdown$$00000000)
    __rt_lib_shutdown_cpp_1                  0x00000137   Thumb Code     0  libshutdown2.o(.ARM.Collect$$libshutdown$$00000004)
    __rt_lib_shutdown_fini_1                 0x00000137   Thumb Code     0  libshutdown2.o(.ARM.Collect$$libshutdown$$00000002)
    __rt_lib_shutdown_fp_trap_1              0x00000137   Thumb Code     0  libshutdown2.o(.ARM.Collect$$libshutdown$$00000009)
    __rt_lib_shutdown_heap_1                 0x00000137   Thumb Code     0  libshutdown2.o(.ARM.Collect$$libshutdown$$00000011)
    __rt_lib_shutdown_return                 0x00000137   Thumb Code     0  libshutdown2.o(.ARM.Collect$$libshutdown$$00000012)
    __rt_lib_shutdown_signal_1               0x00000137   Thumb Code     0  libshutdown2.o(.ARM.Collect$$libshutdown$$0000000C)
    __rt_lib_shutdown_stdio_1                0x00000137   Thumb Code     0  libshutdown2.o(.ARM.Collect$$libshutdown$$00000006)
    __rt_lib_shutdown_user_alloc_1           0x00000137   Thumb Code     0  libshutdown2.o(.ARM.Collect$$libshutdown$$0000000E)
    __rt_entry                               0x00000139   Thumb Code     0  __rtentry.o(.ARM.Collect$$rtentry$$00000000)
    __rt_entry_presh_1                       0x00000139   Thumb Code     0  __rtentry2.o(.ARM.Collect$$rtentry$$00000002)
    __rt_entry_sh                            0x00000139   Thumb Code     0  __rtentry4.o(.ARM.Collect$$rtentry$$00000004)
    __rt_entry_li                            0x0000013f   Thumb Code     0  __rtentry2.o(.ARM.Collect$$rtentry$$0000000A)
    __rt_entry_postsh_1                      0x0000013f   Thumb Code     0  __rtentry2.o(.ARM.Collect$$rtentry$$00000009)
    __rt_entry_postli_1                      0x00000143   Thumb Code     0  __rtentry2.o(.ARM.Collect$$rtentry$$0000000B)
    __rt_entry_main                          0x0000014b   Thumb Code     0  __rtentry2.o(.ARM.Collect$$rtentry$$0000000D)
    __rt_exit                                0x00000153   Thumb Code     0  rtexit.o(.ARM.Collect$$rtexit$$00000000)
    __rt_exit_ls                             0x00000155   Thumb Code     0  rtexit2.o(.ARM.Collect$$rtexit$$00000003)
    __rt_exit_prels_1                        0x00000155   Thumb Code     0  rtexit2.o(.ARM.Collect$$rtexit$$00000002)
    __rt_exit_exit                           0x00000159   Thumb Code     0  rtexit2.o(.ARM.Collect$$rtexit$$00000004)
    _platform_post_lib_init                  0x00000161   Thumb Code    24  rtx_conf_cm.o(.emb_text)
    HardFault_Handler                        0x0000017d   Thumb Code    24  retarget.o(.emb_text)
    rt_set_PSP                               0x00000199   Thumb Code     6  hal_cm0.o(.emb_text)
    rt_get_PSP                               0x0000019f   Thumb Code     6  hal_cm0.o(.emb_text)
    os_set_env                               0x000001a5   Thumb Code    32  hal_cm0.o(.emb_text)
    _alloc_box                               0x000001c9   Thumb Code    28  hal_cm0.o(.emb_text)
    _free_box                                0x000001e9   Thumb Code    28  hal_cm0.o(.emb_text)
    SVC_Handler                              0x00000209   Thumb Code   136  hal_cm0.o(.emb_text)
    PendSV_Handler                           0x0000029d   Thumb Code    72  hal_cm0.o(.emb_text)
    SysTick_Handler                          0x000002e9   Thumb Code     8  hal_cm0.o(.emb_text)
    OS_Tick_Handler                          0x000002f1   Thumb Code    12  hal_cm0.o(.emb_text)
    Reset_Handler                            0x000002fd   Thumb Code    32  startup_nuc100series.o(.text)
    NMI_Handler                              0x0000031d   Thumb Code     2  startup_nuc100series.o(.text)
    ACMP_IRQHandler                          0x00000327   Thumb Code     0  startup_nuc100series.o(.text)
    ADC_IRQHandler                           0x00000327   Thumb Code     0  startup_nuc100series.o(.text)
    BOD_IRQHandler                           0x00000327   Thumb Code     0  startup_nuc100series.o(.text)
    CAN0_IRQHandler                          0x00000327   Thumb Code     0  startup_nuc100series.o(.text)
    CAN1_IRQHandler                          0x00000327   Thumb Code     0  startup_nuc100series.o(.text)
    EINT0_IRQHandler                         0x00000327   Thumb Code     0  startup_nuc100series.o(.text)
    EINT1_IRQHandler                         0x00000327   Thumb Code     0  startup_nuc100series.o(.text)
    GPAB_IRQHandler                          0x00000327   Thumb Code     0  startup_nuc100series.o(.text)
    GPCDEF_IRQHandler                        0x00000327   Thumb Code     0  startup_nuc100series.o(.text)
    I2C0_IRQHandler                          0x00000327   Thumb Code     0  startup_nuc100series.o(.text)
    I2C1_IRQHandler                          0x00000327   Thumb Code     0  startup_nuc100series.o(.text)
    I2S_IRQHandler                           0x00000327   Thumb Code     0  startup_nuc100series.o(.text)
    PDMA_IRQHandler                          0x00000327   Thumb Code     0  startup_nuc100series.o(.text)
    PS2_IRQHandler                           0x00000327   Thumb Code     0  startup_nuc100series.o(.text)
    PWMA_IRQHandler                          0x00000327   Thumb Code     0  startup_nuc100series.o(.text)
    PWMB_IRQHandler                          0x00000327   Thumb Code     0  startup_nuc100series.o(.text)
    PWRWU_IRQHandler                         0x00000327   Thumb Code     0  startup_nuc100series.o(.text)
    RTC_IRQHandler                           0x00000327   Thumb Code     0  startup_nuc100series.o(.text)
    SC012_IRQHandler                         0x00000327   Thumb Code     0  startup_nuc100series.o(.text)
    SPI0_IRQHandler                          0x00000327   Thumb Code     0  startup_nuc100series.o(.text)
    SPI1_IRQHandler                          0x00000327   Thumb Code     0  startup_nuc100series.o(.text)
    SPI2_IRQHandler                          0x00000327   Thumb Code     0  startup_nuc100series.o(.text)
    SPI3_IRQHandler                          0x00000327   Thumb Code     0  startup_nuc100series.o(.text)
    TMR0_IRQHandler                          0x00000327   Thumb Code     0  startup_nuc100series.o(.text)
    TMR1_IRQHandler                          0x00000327   Thumb Code     0  startup_nuc100series.o(.text)
    TMR2_IRQHandler                          0x00000327   Thumb Code     0  startup_nuc100series.o(.text)
    TMR3_IRQHandler                          0x00000327   Thumb Code     0  startup_nuc100series.o(.text)
    UART02_IRQHandler                        0x00000327   Thumb Code     0  startup_nuc100series.o(.text)
    UART1_IRQHandler                         0x00000327   Thumb Code     0  startup_nuc100series.o(.text)
    USBD_IRQHandler                          0x00000327   Thumb Code     0  startup_nuc100series.o(.text)
    WDT_IRQHandler                           0x00000327   Thumb Code     0  startup_nuc100series.o(.text)
    __user_initial_stackheap                 0x00000329   Thumb Code     0  startup_nuc100series.o(.text)
    __user_libspace                          0x00000361   Thumb Code     8  libspace.o(.text)
    __user_perproc_libspace                  0x00000361   Thumb Code     0  libspace.o(.text)
    __2printf                                0x00000369   Thumb Code    22  noretval__2printf.o(.text)
    _printf_int_hex                          0x00000385   Thumb Code    84  _printf_hex_int.o(.text)
    _printf_longlong_hex                     0x00000385   Thumb Code     0  _printf_hex_int.o(.text)
    __printf                                 0x000003dd   Thumb Code   270  __printf_wp.o(.text)
    __RL_RTX_VER                             0x00000482   Number         0  rt_system.o ABSOLUTE
    exit                                     0x000004eb   Thumb Code    16  exit.o(.text)
    __aeabi_uidiv                            0x000004fb   Thumb Code     0  aeabi_sdiv.o(.text)
    __aeabi_uidivmod                         0x000004fb   Thumb Code    20  aeabi_sdiv.o(.text)
    __aeabi_idiv                             0x0000050f   Thumb Code     0  aeabi_sdiv.o(.text)
    __aeabi_idivmod                          0x0000050f   Thumb Code   326  aeabi_sdiv.o(.text)
    __use_two_region_memory                  0x00000655   Thumb Code     2  heapauxi.o(.text)
    __rt_heap_escrow$2region                 0x00000657   Thumb Code     2  heapauxi.o(.text)
    __rt_heap_expand$2region                 0x00000659   Thumb Code     2  heapauxi.o(.text)
    __aeabi_fdiv                             0x0000065d   Thumb Code     0  fdiv.o(.text)
    _fdiv                                    0x0000065d   Thumb Code   334  fdiv.o(.text)
    _frdiv                                   0x000007ab   Thumb Code     8  fdiv.o(.text)
    __aeabi_f2iz                             0x000007bd   Thumb Code     0  ffixi.o(.text)
    _ffix                                    0x000007bd   Thumb Code    76  ffixi.o(.text)
    __aeabi_i2f_normalise                    0x00000809   Thumb Code    72  fflti.o(.text)
    __aeabi_i2f                              0x00000851   Thumb Code    16  fflti.o(.text)
    _fflt                                    0x00000851   Thumb Code     0  fflti.o(.text)
    __aeabi_ui2f                             0x00000861   Thumb Code     6  fflti.o(.text)
    _ffltu                                   0x00000861   Thumb Code     0  fflti.o(.text)
    _printf_int_common                       0x00000867   Thumb Code   176  _printf_intcommon.o(.text)
    _printf_char_file                        0x00000919   Thumb Code    34  _printf_char_file.o(.text)
    _printf_char_common                      0x0000094b   Thumb Code    32  _printf_char_common.o(.text)
    _sys_exit                                0x00000971   Thumb Code     8  sys_exit.o(.text)
    __user_setup_stackheap                   0x0000097d   Thumb Code    62  sys_stackheap_outer.o(.text)
    __I$use$semihosting                      0x000009bb   Thumb Code     0  use_no_semi.o(.text)
    __use_no_semihosting_swi                 0x000009bb   Thumb Code     2  use_no_semi.o(.text)
    __decompress                             0x000009bd   Thumb Code     0  __dczerorl2.o(.text)
    __decompress1                            0x000009bd   Thumb Code    86  __dczerorl2.o(.text)
    __semihosting_library_function           0x000009bd   Thumb Code     0  indicate_semi.o(.text)
    SVC_Count                                0x00000a14   Data           4  svc_table.o(SVC_TABLE)
    CLK_EnableXtalRC                         0x00000a19   Thumb Code    12  main.o(i.CLK_EnableXtalRC)
    SVC_Table                                0x00000a18   Data           0  svc_table.o(SVC_TABLE)
    CLK_GetHCLKFreq                          0x00000a29   Thumb Code    12  main.o(i.CLK_GetHCLKFreq)
    Hard_Fault_Handler                       0x00000b39   Thumb Code    18  retarget.o(i.Hard_Fault_Handler)
    InitVRADC                                0x00000b65   Thumb Code   162  main.o(i.InitVRADC)
    Init_Thread                              0x00000c15   Thumb Code    30  thread.o(i.Init_Thread)
    Keypad_Return                            0x00000c3d   Thumb Code   108  main.o(i.Keypad_Return)
    RectangleFill                            0x00000cb1   Thumb Code    80  main.o(i.RectangleFill)
    SPI_Open                                 0x00000d01   Thumb Code   514  main.o(i.SPI_Open)
    SendChar                                 0x00000f15   Thumb Code    12  retarget.o(i.SendChar)
    SendChar_ToUART                          0x00000f21   Thumb Code    48  retarget.o(i.SendChar_ToUART)
    SystemCoreClockUpdate                    0x00000f55   Thumb Code    76  system_nuc100series.o(i.SystemCoreClockUpdate)
    SystemInit                               0x00000fb9   Thumb Code     2  system_nuc100series.o(i.SystemInit)
    Thread                                   0x00000fbb   Thumb Code     8  thread.o(i.Thread)
    Variable_Resistor_Value                  0x00000fc5   Thumb Code    60  main.o(i.Variable_Resistor_Value)
    __ARM_common_switch8                     0x00001005   Thumb Code    28  main.o(i.__ARM_common_switch8)
    _init_box                                0x00001021   Thumb Code    72  rt_membox.o(i._init_box)
    _is_digit                                0x00001069   Thumb Code    14  __printf_wp.o(i._is_digit)
    _mutex_acquire                           0x00001079   Thumb Code    22  rtx_conf_cm.o(i._mutex_acquire)
    _mutex_release                           0x0000109d   Thumb Code    20  rtx_conf_cm.o(i._mutex_release)
    clear_LCD                                0x000010b9   Thumb Code    84  main.o(i.clear_LCD)
    draw_Pixel                               0x00001111   Thumb Code   170  main.o(i.draw_Pixel)
    ferror                                   0x000011c1   Thumb Code     8  retarget.o(i.ferror)
    fputc                                    0x000011c9   Thumb Code    16  retarget.o(i.fputc)
    init_LCD                                 0x000011d9   Thumb Code    38  main.o(i.init_LCD)
    init_SPI3                                0x00001201   Thumb Code   112  main.o(i.init_SPI3)
    isrMessageGet                            0x00001281   Thumb Code    46  rt_cmsis.o(i.isrMessageGet)
    isrMessagePut                            0x000012af   Thumb Code    48  rt_cmsis.o(i.isrMessagePut)
    isr_mbx_receive                          0x000012df   Thumb Code    76  rt_mailbox.o(i.isr_mbx_receive)
    isr_mbx_send                             0x0000132b   Thumb Code    12  rt_mailbox.o(i.isr_mbx_send)
    lcdSetAddr                               0x00001339   Thumb Code   164  main.o(i.lcdSetAddr)
    lcdWriteCommand                          0x000013e1   Thumb Code    60  main.o(i.lcdWriteCommand)
    lcdWriteData                             0x00001421   Thumb Code    54  main.o(i.lcdWriteData)
    main                                     0x0000145d   Thumb Code   116  main.o(i.main)
    osDelay                                  0x000014e9   Thumb Code    22  rt_cmsis.o(i.osDelay)
    osKernelInitialize                       0x00001505   Thumb Code    36  rt_cmsis.o(i.osKernelInitialize)
    osKernelStart                            0x0000152d   Thumb Code   100  rt_cmsis.o(i.osKernelStart)
    osMessageGet                             0x00001599   Thumb Code    24  rt_cmsis.o(i.osMessageGet)
    osThreadCreate                           0x000015b5   Thumb Code    44  rt_cmsis.o(i.osThreadCreate)
    osThreadExit                             0x000015e9   Thumb Code    14  rt_cmsis.o(i.osThreadExit)
    osThreadYield                            0x00001601   Thumb Code    22  rt_cmsis.o(i.osThreadYield)
    osTimerCall                              0x0000161d   Thumb Code    10  rt_cmsis.o(i.osTimerCall)
    osTimerThread                            0x0000162d   Thumb Code    38  rt_cmsis.o(i.osTimerThread)
    os_error                                 0x00001659   Thumb Code    34  rtx_conf_cm.o(i.os_error)
    os_idle_demon                            0x0000167b   Thumb Code     4  rtx_conf_cm.o(i.os_idle_demon)
    os_tick_init                             0x00001681   Thumb Code    32  rt_system.o(i.os_tick_init)
    os_tick_irqack                           0x000016ad   Thumb Code     2  rt_system.o(i.os_tick_irqack)
    rt_alloc_box                             0x000016af   Thumb Code    30  rt_membox.o(i.rt_alloc_box)
    rt_alloc_mem                             0x000016cd   Thumb Code    66  rt_memory.o(i.rt_alloc_mem)
    rt_block                                 0x00001711   Thumb Code    42  rt_task.o(i.rt_block)
    rt_chk_robin                             0x00001749   Thumb Code    56  rt_robin.o(i.rt_chk_robin)
    rt_dec_dly                               0x0000178d   Thumb Code   108  rt_list.o(i.rt_dec_dly)
    rt_dispatch                              0x00001801   Thumb Code    56  rt_task.o(i.rt_dispatch)
    rt_dly_wait                              0x00001841   Thumb Code    10  rt_time.o(i.rt_dly_wait)
    rt_evt_psh                               0x0000184d   Thumb Code    74  rt_event.o(i.rt_evt_psh)
    rt_free_box                              0x0000189d   Thumb Code    38  rt_membox.o(i.rt_free_box)
    rt_free_mem                              0x000018c3   Thumb Code    48  rt_memory.o(i.rt_free_mem)
    rt_get_first                             0x000018f3   Thumb Code    42  rt_list.o(i.rt_get_first)
    rt_get_same_rdy_prio                     0x0000191d   Thumb Code    26  rt_list.o(i.rt_get_same_rdy_prio)
    rt_init_mem                              0x00001991   Thumb Code    28  rt_memory.o(i.rt_init_mem)
    rt_init_robin                            0x000019ad   Thumb Code    14  rt_robin.o(i.rt_init_robin)
    rt_init_stack                            0x000019c5   Thumb Code   106  hal_cm.o(i.rt_init_stack)
    rt_mbx_check                             0x00001a3d   Thumb Code     8  rt_mailbox.o(i.rt_mbx_check)
    rt_mbx_init                              0x00001a45   Thumb Code    30  rt_mailbox.o(i.rt_mbx_init)
    rt_mbx_psh                               0x00001a69   Thumb Code   204  rt_mailbox.o(i.rt_mbx_psh)
    rt_mbx_wait                              0x00001b39   Thumb Code   170  rt_mailbox.o(i.rt_mbx_wait)
    rt_mut_release                           0x00001c2d   Thumb Code   206  rt_mutex.o(i.rt_mut_release)
    rt_mut_wait                              0x00001d05   Thumb Code   118  rt_mutex.o(i.rt_mut_wait)
    rt_pop_req                               0x00001d85   Thumb Code   100  rt_system.o(i.rt_pop_req)
    rt_psh_req                               0x00001df5   Thumb Code    24  rt_system.o(i.rt_psh_req)
    rt_psq_enq                               0x00001e15   Thumb Code    60  rt_list.o(i.rt_psq_enq)
    rt_put_dly                               0x00001e55   Thumb Code    74  rt_list.o(i.rt_put_dly)
    rt_put_prio                              0x00001ea5   Thumb Code    60  rt_list.o(i.rt_put_prio)
    rt_put_rdy_first                         0x00001ee1   Thumb Code    14  rt_list.o(i.rt_put_rdy_first)
    rt_resort_prio                           0x00001ef5   Thumb Code    44  rt_list.o(i.rt_resort_prio)
    rt_ret_val                               0x00001f25   Thumb Code     6  hal_cm.o(i.rt_ret_val)
    rt_ret_val2                              0x00001f2b   Thumb Code     8  hal_cm.o(i.rt_ret_val2)
    rt_rmv_dly                               0x00001f33   Thumb Code    42  rt_list.o(i.rt_rmv_dly)
    rt_rmv_list                              0x00001f5d   Thumb Code    46  rt_list.o(i.rt_rmv_list)
    rt_sem_psh                               0x00001f91   Thumb Code    48  rt_semaphore.o(i.rt_sem_psh)
    rt_stk_check                             0x00001fc5   Thumb Code    30  rt_system.o(i.rt_stk_check)
    rt_switch_req                            0x00001fed   Thumb Code    10  rt_task.o(i.rt_switch_req)
    rt_sys_init                              0x00001ffd   Thumb Code   134  rt_task.o(i.rt_sys_init)
    rt_sys_start                             0x000020c5   Thumb Code    82  rt_task.o(i.rt_sys_start)
    rt_systick                               0x00002129   Thumb Code    48  rt_system.o(i.rt_systick)
    rt_tsk_create                            0x000021b1   Thumb Code   106  rt_task.o(i.rt_tsk_create)
    rt_tsk_delete                            0x00002229   Thumb Code   318  rt_task.o(i.rt_tsk_delete)
    rt_tsk_pass                              0x00002381   Thumb Code    34  rt_task.o(i.rt_tsk_pass)
    rt_tsk_prio                              0x000023ad   Thumb Code   112  rt_task.o(i.rt_tsk_prio)
    rt_tsk_self                              0x0000242d   Thumb Code    12  rt_task.o(i.rt_tsk_self)
    segment_value                            0x0000243d   Thumb Code   322  main.o(i.segment_value)
    seven_segment_begin                      0x00002585   Thumb Code   262  main.o(i.seven_segment_begin)
    seven_segment_digit_input                0x000026b5   Thumb Code   120  main.o(i.seven_segment_digit_input)
    seven_segment_value_input_VR             0x0000274d   Thumb Code   118  main.o(i.seven_segment_value_input_VR)
    seven_segment_value_input_keypad         0x000027c3   Thumb Code    28  main.o(i.seven_segment_value_input_keypad)
    svcDelay                                 0x00002889   Thumb Code    18  rt_cmsis.o(i.svcDelay)
    svcKernelInitialize                      0x0000289d   Thumb Code    86  rt_cmsis.o(i.svcKernelInitialize)
    svcKernelStart                           0x00002915   Thumb Code    66  rt_cmsis.o(i.svcKernelStart)
    svcMessageCreate                         0x00002961   Thumb Code    42  rt_cmsis.o(i.svcMessageCreate)
    svcMessageGet                            0x0000298b   Thumb Code    60  rt_cmsis.o(i.svcMessageGet)
    svcThreadCreate                          0x000029c9   Thumb Code   102  rt_cmsis.o(i.svcThreadCreate)
    svcThreadGetId                           0x00002a3d   Thumb Code    22  rt_cmsis.o(i.svcThreadGetId)
    svcThreadTerminate                       0x00002a59   Thumb Code    56  rt_cmsis.o(i.svcThreadTerminate)
    svcThreadYield                           0x00002a95   Thumb Code    10  rt_cmsis.o(i.svcThreadYield)
    svcTimerCall                             0x00002a9f   Thumb Code    28  rt_cmsis.o(i.svcTimerCall)
    sysTimerTick                             0x00002abd   Thumb Code    78  rt_cmsis.o(i.sysTimerTick)
    thread1_task                             0x00002b15   Thumb Code     4  main.o(i.thread1_task)
    thread2_task                             0x00002b19   Thumb Code    26  main.o(i.thread2_task)
    thread3_task                             0x00002b3d   Thumb Code    26  main.o(i.thread3_task)
    thread4_task                             0x00002b61   Thumb Code    92  main.o(i.thread4_task)
    __aeabi_fmul                             0x00002bd5   Thumb Code     0  fmul.o(x$fpl$fmul)
    _fmul                                    0x00002bd5   Thumb Code   172  fmul.o(x$fpl$fmul)
    __I$use$fp                               0x00002c84   Number         0  usenofp.o(x$fpl$usenofp)
    os_thread_def_Thread                     0x00002c84   Data          16  thread.o(.constdata)
    os_thread_def_thread1_task               0x00002c94   Data          16  main.o(.constdata)
    os_thread_def_thread2_task               0x00002ca4   Data          16  main.o(.constdata)
    os_thread_def_thread3_task               0x00002cb4   Data          16  main.o(.constdata)
    os_thread_def_thread4_task               0x00002cc4   Data          16  main.o(.constdata)
    os_maxtaskrun                            0x00002d10   Data           2  rtx_conf_cm.o(.constdata)
    os_stackinfo                             0x00002d14   Data           4  rtx_conf_cm.o(.constdata)
    os_rrobin                                0x00002d18   Data           4  rtx_conf_cm.o(.constdata)
    os_tickfreq                              0x00002d1c   Data           4  rtx_conf_cm.o(.constdata)
    os_tickus_i                              0x00002d20   Data           2  rtx_conf_cm.o(.constdata)
    os_tickus_f                              0x00002d22   Data           2  rtx_conf_cm.o(.constdata)
    os_trv                                   0x00002d24   Data           4  rtx_conf_cm.o(.constdata)
    os_flags                                 0x00002d28   Data           1  rtx_conf_cm.o(.constdata)
    CMSIS_RTOS_API_Version                   0x00002d2c   Data           4  rtx_conf_cm.o(.constdata)
    CMSIS_RTOS_RTX_Version                   0x00002d30   Data           4  rtx_conf_cm.o(.constdata)
    os_clockrate                             0x00002d34   Data           4  rtx_conf_cm.o(.constdata)
    os_timernum                              0x00002d38   Data           4  rtx_conf_cm.o(.constdata)
    mp_tcb_size                              0x00002d3c   Data           2  rtx_conf_cm.o(.constdata)
    mp_stk_size                              0x00002d40   Data           4  rtx_conf_cm.o(.constdata)
    os_stack_sz                              0x00002d44   Data           4  rtx_conf_cm.o(.constdata)
    os_fifo_size                             0x00002d48   Data           1  rtx_conf_cm.o(.constdata)
    os_thread_def_osTimerThread              0x00002d4c   Data          16  rtx_conf_cm.o(.constdata)
    os_messageQ_def_osTimerMessageQ          0x00002d5c   Data           8  rtx_conf_cm.o(.constdata)
    mp_tmr_size                              0x00002d64   Data           2  rtx_conf_cm.o(.constdata)
    os_thread_def_main                       0x00002d68   Data          16  rtx_conf_cm.o(.constdata)
    Region$$Table$$Base                      0x00002de0   Number         0  anon$$obj.o(Region$$Table)
    Region$$Table$$Limit                     0x00002e00   Number         0  anon$$obj.o(Region$$Table)
    tid_Thread                               0x20000000   Data           4  thread.o(.data)
    DelayTime                                0x20000004   Data           4  main.o(.data)
    block                                    0x20000008   Data           4  main.o(.data)
    seg_b0                                   0x2000000c   Data           4  main.o(.data)
    seg_b1                                   0x20000010   Data           4  main.o(.data)
    seg_b2                                   0x20000014   Data           4  main.o(.data)
    seg_b3                                   0x20000018   Data           4  main.o(.data)
    disable1                                 0x2000001c   Data           4  main.o(.data)
    disable2                                 0x20000020   Data           4  main.o(.data)
    disable3                                 0x20000024   Data           4  main.o(.data)
    disable4                                 0x20000028   Data           4  main.o(.data)
    Font8x16                                 0x2000002c   Data        1520  main.o(.data)
    KeypadVal                                0x200007fc   Data           4  main.o(.data)
    volume                                   0x20000800   Data           4  main.o(.data)
    ADCVal                                   0x20000804   Data           4  main.o(.data)
    lastADC                                  0x20000808   Data           4  main.o(.data)
    osThreadId_osTimerThread                 0x2000080c   Data           4  rtx_conf_cm.o(.data)
    osMessageQId_osTimerMessageQ             0x20000810   Data           4  rtx_conf_cm.o(.data)
    os_tmr                                   0x20000814   Data           4  rtx_conf_cm.o(.data)
    m_tmr                                    0x20000818   Data           4  rtx_conf_cm.o(.data)
    __stdout                                 0x20000820   Data           4  retarget.o(.data)
    __stdin                                  0x20000824   Data           4  retarget.o(.data)
    SystemCoreClock                          0x20000828   Data           4  system_nuc100series.o(.data)
    CyclesPerUs                              0x2000082c   Data           4  system_nuc100series.o(.data)
    PllClock                                 0x20000830   Data           4  system_nuc100series.o(.data)
    gau32ClkSrcTbl                           0x20000834   Data          32  system_nuc100series.o(.data)
    os_initialized                           0x20000854   Data           1  rt_cmsis.o(.data)
    os_running                               0x20000855   Data           1  rt_cmsis.o(.data)
    os_timer_head                            0x20000858   Data           4  rt_cmsis.o(.data)
    os_tsk                                   0x2000085c   Data           8  rt_task.o(.data)
    os_tick_irqn                             0x20000868   Data           4  rt_system.o(.data)
    os_time                                  0x2000086c   Data           4  rt_time.o(.data)
    os_robin                                 0x20000870   Data           8  rt_robin.o(.data)
    DisplayBuffer                            0x20000878   Data        1024  main.o(.bss)
    mp_tcb                                   0x20000c78   Data         376  rtx_conf_cm.o(.bss)
    mp_stk                                   0x20000df0   Data        1216  rtx_conf_cm.o(.bss)
    os_stack_mem                             0x200012b0   Data         432  rtx_conf_cm.o(.bss)
    os_fifo                                  0x20001460   Data         132  rtx_conf_cm.o(.bss)
    os_active_TCB                            0x200014e4   Data          28  rtx_conf_cm.o(.bss)
    os_messageQ_q_osTimerMessageQ            0x20001500   Data          32  rtx_conf_cm.o(.bss)
    os_idle_TCB                              0x20001840   Data          52  rt_task.o(.bss)
    os_rdy                                   0x20001874   Data          24  rt_list.o(.bss)
    os_dly                                   0x2000188c   Data          24  rt_list.o(.bss)
    __libspace_start                         0x200018a4   Data          96  libspace.o(.bss)
    __temporary_stack_top$libspace           0x20001904   Data           0  libspace.o(.bss)



==============================================================================

Memory Map of the image

  Image Entry point : 0x000002fd

  Load Region LR_1 (Base: 0x00000000, Size: 0x00003678, Max: 0xffffffff, ABSOLUTE, COMPRESSED[0x000032e0])

    Execution Region ER_RO (Exec base: 0x00000000, Load base: 0x00000000, Size: 0x00002e00, Max: 0xffffffff, ABSOLUTE)

    Exec Addr    Load Addr    Size         Type   Attr      Idx    E Section Name        Object

    0x00000000   0x00000000   0x000000c0   Data   RO          948    RESET               startup_nuc100series.o
    0x000000c0   0x000000c0   0x00000008   Code   RO         2265  * !!!main             c_p.l(__main.o)
    0x000000c8   0x000000c8   0x0000003c   Code   RO         2453    !!!scatter          c_p.l(__scatter.o)
    0x00000104   0x00000104   0x0000001c   Code   RO         2455    !!handler_zi        c_p.l(__scatter_zi.o)
    0x00000120   0x00000120   0x00000002   Code   RO         2254    .ARM.Collect$$_printf_percent$$00000000  c_p.l(_printf_percent.o)
    0x00000122   0x00000122   0x0000000a   Code   RO         2253    .ARM.Collect$$_printf_percent$$0000000C  c_p.l(_printf_x.o)
    0x0000012c   0x0000012c   0x00000004   Code   RO         2291    .ARM.Collect$$_printf_percent$$00000017  c_p.l(_printf_percent_end.o)
    0x00000130   0x00000130   0x00000002   Code   RO         2336    .ARM.Collect$$libinit$$00000000  c_p.l(libinit.o)
    0x00000132   0x00000132   0x00000000   Code   RO         2349    .ARM.Collect$$libinit$$00000002  c_p.l(libinit2.o)
    0x00000132   0x00000132   0x00000000   Code   RO         2351    .ARM.Collect$$libinit$$00000004  c_p.l(libinit2.o)
    0x00000132   0x00000132   0x00000000   Code   RO         2354    .ARM.Collect$$libinit$$0000000A  c_p.l(libinit2.o)
    0x00000132   0x00000132   0x00000000   Code   RO         2356    .ARM.Collect$$libinit$$0000000C  c_p.l(libinit2.o)
    0x00000132   0x00000132   0x00000000   Code   RO         2358    .ARM.Collect$$libinit$$0000000E  c_p.l(libinit2.o)
    0x00000132   0x00000132   0x00000000   Code   RO         2361    .ARM.Collect$$libinit$$00000011  c_p.l(libinit2.o)
    0x00000132   0x00000132   0x00000000   Code   RO         2363    .ARM.Collect$$libinit$$00000013  c_p.l(libinit2.o)
    0x00000132   0x00000132   0x00000000   Code   RO         2365    .ARM.Collect$$libinit$$00000015  c_p.l(libinit2.o)
    0x00000132   0x00000132   0x00000000   Code   RO         2367    .ARM.Collect$$libinit$$00000017  c_p.l(libinit2.o)
    0x00000132   0x00000132   0x00000000   Code   RO         2369    .ARM.Collect$$libinit$$00000019  c_p.l(libinit2.o)
    0x00000132   0x00000132   0x00000000   Code   RO         2371    .ARM.Collect$$libinit$$0000001B  c_p.l(libinit2.o)
    0x00000132   0x00000132   0x00000000   Code   RO         2373    .ARM.Collect$$libinit$$0000001D  c_p.l(libinit2.o)
    0x00000132   0x00000132   0x00000000   Code   RO         2375    .ARM.Collect$$libinit$$0000001F  c_p.l(libinit2.o)
    0x00000132   0x00000132   0x00000000   Code   RO         2377    .ARM.Collect$$libinit$$00000021  c_p.l(libinit2.o)
    0x00000132   0x00000132   0x00000000   Code   RO         2379    .ARM.Collect$$libinit$$00000023  c_p.l(libinit2.o)
    0x00000132   0x00000132   0x00000000   Code   RO         2381    .ARM.Collect$$libinit$$00000025  c_p.l(libinit2.o)
    0x00000132   0x00000132   0x00000000   Code   RO         2385    .ARM.Collect$$libinit$$0000002C  c_p.l(libinit2.o)
    0x00000132   0x00000132   0x00000000   Code   RO         2387    .ARM.Collect$$libinit$$0000002E  c_p.l(libinit2.o)
    0x00000132   0x00000132   0x00000000   Code   RO         2389    .ARM.Collect$$libinit$$00000030  c_p.l(libinit2.o)
    0x00000132   0x00000132   0x00000000   Code   RO         2391    .ARM.Collect$$libinit$$00000032  c_p.l(libinit2.o)
    0x00000132   0x00000132   0x00000002   Code   RO         2392    .ARM.Collect$$libinit$$00000033  c_p.l(libinit2.o)
    0x00000134   0x00000134   0x00000002   Code   RO         2337    .ARM.Collect$$libshutdown$$00000000  c_p.l(libshutdown.o)
    0x00000136   0x00000136   0x00000000   Code   RO         2394    .ARM.Collect$$libshutdown$$00000002  c_p.l(libshutdown2.o)
    0x00000136   0x00000136   0x00000000   Code   RO         2396    .ARM.Collect$$libshutdown$$00000004  c_p.l(libshutdown2.o)
    0x00000136   0x00000136   0x00000000   Code   RO         2398    .ARM.Collect$$libshutdown$$00000006  c_p.l(libshutdown2.o)
    0x00000136   0x00000136   0x00000000   Code   RO         2401    .ARM.Collect$$libshutdown$$00000009  c_p.l(libshutdown2.o)
    0x00000136   0x00000136   0x00000000   Code   RO         2404    .ARM.Collect$$libshutdown$$0000000C  c_p.l(libshutdown2.o)
    0x00000136   0x00000136   0x00000000   Code   RO         2406    .ARM.Collect$$libshutdown$$0000000E  c_p.l(libshutdown2.o)
    0x00000136   0x00000136   0x00000000   Code   RO         2409    .ARM.Collect$$libshutdown$$00000011  c_p.l(libshutdown2.o)
    0x00000136   0x00000136   0x00000002   Code   RO         2410    .ARM.Collect$$libshutdown$$00000012  c_p.l(libshutdown2.o)
    0x00000138   0x00000138   0x00000000   Code   RO         2276    .ARM.Collect$$rtentry$$00000000  c_p.l(__rtentry.o)
    0x00000138   0x00000138   0x00000000   Code   RO         2294    .ARM.Collect$$rtentry$$00000002  c_p.l(__rtentry2.o)
    0x00000138   0x00000138   0x00000006   Code   RO         2306    .ARM.Collect$$rtentry$$00000004  c_p.l(__rtentry4.o)
    0x0000013e   0x0000013e   0x00000000   Code   RO         2296    .ARM.Collect$$rtentry$$00000009  c_p.l(__rtentry2.o)
    0x0000013e   0x0000013e   0x00000004   Code   RO         2297    .ARM.Collect$$rtentry$$0000000A  c_p.l(__rtentry2.o)
    0x00000142   0x00000142   0x00000008   Code   RO         2298    .ARM.Collect$$rtentry$$0000000B  c_p.l(__rtentry2.o)
    0x0000014a   0x0000014a   0x00000008   Code   RO         2300    .ARM.Collect$$rtentry$$0000000D  c_p.l(__rtentry2.o)
    0x00000152   0x00000152   0x00000002   Code   RO         2277    .ARM.Collect$$rtexit$$00000000  c_p.l(rtexit.o)
    0x00000154   0x00000154   0x00000000   Code   RO         2309    .ARM.Collect$$rtexit$$00000002  c_p.l(rtexit2.o)
    0x00000154   0x00000154   0x00000004   Code   RO         2310    .ARM.Collect$$rtexit$$00000003  c_p.l(rtexit2.o)
    0x00000158   0x00000158   0x00000006   Code   RO         2311    .ARM.Collect$$rtexit$$00000004  c_p.l(rtexit2.o)
    0x0000015e   0x0000015e   0x00000002   PAD
    0x00000160   0x00000160   0x0000001c   Code   RO          789    .emb_text           rtx_conf_cm.o
    0x0000017c   0x0000017c   0x0000001c   Code   RO          849    .emb_text           retarget.o
    0x00000198   0x00000198   0x00000164   Code   RO         2186    .emb_text           RTX_CM0.lib(hal_cm0.o)
    0x000002fc   0x000002fc   0x00000064   Code   RO          949  * .text               startup_nuc100series.o
    0x00000360   0x00000360   0x00000008   Code   RO         2201    .text               c_p.l(libspace.o)
    0x00000368   0x00000368   0x0000001c   Code   RO         2208    .text               c_p.l(noretval__2printf.o)
    0x00000384   0x00000384   0x00000058   Code   RO         2215    .text               c_p.l(_printf_hex_int.o)
    0x000003dc   0x000003dc   0x0000010e   Code   RO         2241    .text               c_p.l(__printf_wp.o)
    0x000004ea   0x000004ea   0x00000010   Code   RO         2255    .text               c_p.l(exit.o)
    0x000004fa   0x000004fa   0x0000015a   Code   RO         2259    .text               c_p.l(aeabi_sdiv.o)
    0x00000654   0x00000654   0x00000006   Code   RO         2263    .text               c_p.l(heapauxi.o)
    0x0000065a   0x0000065a   0x00000002   PAD
    0x0000065c   0x0000065c   0x00000160   Code   RO         2267    .text               fz_ps.l(fdiv.o)
    0x000007bc   0x000007bc   0x0000004c   Code   RO         2270    .text               fz_ps.l(ffixi.o)
    0x00000808   0x00000808   0x0000005e   Code   RO         2272    .text               fz_ps.l(fflti.o)
    0x00000866   0x00000866   0x000000b0   Code   RO         2287    .text               c_p.l(_printf_intcommon.o)
    0x00000916   0x00000916   0x00000002   PAD
    0x00000918   0x00000918   0x00000028   Code   RO         2289    .text               c_p.l(_printf_char_file.o)
    0x00000940   0x00000940   0x00000030   Code   RO         2317    .text               c_p.l(_printf_char_common.o)
    0x00000970   0x00000970   0x0000000c   Code   RO         2319    .text               c_p.l(sys_exit.o)
    0x0000097c   0x0000097c   0x0000003e   Code   RO         2321    .text               c_p.l(sys_stackheap_outer.o)
    0x000009ba   0x000009ba   0x00000002   Code   RO         2338    .text               c_p.l(use_no_semi.o)
    0x000009bc   0x000009bc   0x00000000   Code   RO         2340    .text               c_p.l(indicate_semi.o)
    0x000009bc   0x000009bc   0x00000056   Code   RO         2451    .text               c_p.l(__dczerorl2.o)
    0x00000a12   0x00000a12   0x00000002   PAD
    0x00000a14   0x00000a14   0x00000004   Code   RO         2196    SVC_TABLE           RTX_CM0.lib(svc_table.o)
    0x00000a18   0x00000a18   0x00000010   Code   RO           52    i.CLK_EnableXtalRC  main.o
    0x00000a28   0x00000a28   0x00000010   Code   RO           54    i.CLK_GetHCLKFreq   main.o
    0x00000a38   0x00000a38   0x00000080   Code   RO           58    i.CLK_GetPLLClockFreq  main.o
    0x00000ab8   0x00000ab8   0x00000080   Code   RO          955    i.CLK_GetPLLClockFreq  system_nuc100series.o
    0x00000b38   0x00000b38   0x0000002c   Code   RO          851    i.Hard_Fault_Handler  retarget.o
    0x00000b64   0x00000b64   0x000000b0   Code   RO           72    i.InitVRADC         main.o
    0x00000c14   0x00000c14   0x00000028   Code   RO            1    i.Init_Thread       thread.o
    0x00000c3c   0x00000c3c   0x00000074   Code   RO           73    i.Keypad_Return     main.o
    0x00000cb0   0x00000cb0   0x00000050   Code   RO           77    i.RectangleFill     main.o
    0x00000d00   0x00000d00   0x00000214   Code   RO           91    i.SPI_Open          main.o
    0x00000f14   0x00000f14   0x0000000c   Code   RO          853    i.SendChar          retarget.o
    0x00000f20   0x00000f20   0x00000034   Code   RO          854    i.SendChar_ToUART   retarget.o
    0x00000f54   0x00000f54   0x00000064   Code   RO          956    i.SystemCoreClockUpdate  system_nuc100series.o
    0x00000fb8   0x00000fb8   0x00000002   Code   RO          957    i.SystemInit        system_nuc100series.o
    0x00000fba   0x00000fba   0x00000008   Code   RO            2    i.Thread            thread.o
    0x00000fc2   0x00000fc2   0x00000002   PAD
    0x00000fc4   0x00000fc4   0x00000040   Code   RO          104    i.Variable_Resistor_Value  main.o
    0x00001004   0x00001004   0x0000001c   Code   RO          668    i.__ARM_common_switch8  main.o
    0x00001020   0x00001020   0x00000048   Code   RO         2109    i._init_box         RTX_CM0.lib(rt_membox.o)
    0x00001068   0x00001068   0x0000000e   Code   RO         2243    i._is_digit         c_p.l(__printf_wp.o)
    0x00001076   0x00001076   0x00000002   PAD
    0x00001078   0x00001078   0x00000024   Code   RO          791    i._mutex_acquire    rtx_conf_cm.o
    0x0000109c   0x0000109c   0x0000001c   Code   RO          793    i._mutex_release    rtx_conf_cm.o
    0x000010b8   0x000010b8   0x00000058   Code   RO          105    i.clear_LCD         main.o
    0x00001110   0x00001110   0x000000b0   Code   RO          119    i.draw_Pixel        main.o
    0x000011c0   0x000011c0   0x00000008   Code   RO          856    i.ferror            retarget.o
    0x000011c8   0x000011c8   0x00000010   Code   RO          858    i.fputc             retarget.o
    0x000011d8   0x000011d8   0x00000026   Code   RO          120    i.init_LCD          main.o
    0x000011fe   0x000011fe   0x00000002   PAD
    0x00001200   0x00001200   0x00000080   Code   RO          121    i.init_SPI3         main.o
    0x00001280   0x00001280   0x0000002e   Code   RO         1016    i.isrMessageGet     RTX_CM0.lib(rt_cmsis.o)
    0x000012ae   0x000012ae   0x00000030   Code   RO         1017    i.isrMessagePut     RTX_CM0.lib(rt_cmsis.o)
    0x000012de   0x000012de   0x0000004c   Code   RO         1964    i.isr_mbx_receive   RTX_CM0.lib(rt_mailbox.o)
    0x0000132a   0x0000132a   0x0000000c   Code   RO         1965    i.isr_mbx_send      RTX_CM0.lib(rt_mailbox.o)
    0x00001336   0x00001336   0x00000002   PAD
    0x00001338   0x00001338   0x000000a8   Code   RO          122    i.lcdSetAddr        main.o
    0x000013e0   0x000013e0   0x00000040   Code   RO          123    i.lcdWriteCommand   main.o
    0x00001420   0x00001420   0x0000003c   Code   RO          124    i.lcdWriteData      main.o
    0x0000145c   0x0000145c   0x0000008c   Code   RO          125    i.main              main.o
    0x000014e8   0x000014e8   0x0000001c   Code   RO         1020    i.osDelay           RTX_CM0.lib(rt_cmsis.o)
    0x00001504   0x00001504   0x00000028   Code   RO         1021    i.osKernelInitialize  RTX_CM0.lib(rt_cmsis.o)
    0x0000152c   0x0000152c   0x0000006c   Code   RO         1023    i.osKernelStart     RTX_CM0.lib(rt_cmsis.o)
    0x00001598   0x00001598   0x0000001c   Code   RO         1032    i.osMessageGet      RTX_CM0.lib(rt_cmsis.o)
    0x000015b4   0x000015b4   0x00000034   Code   RO         1049    i.osThreadCreate    RTX_CM0.lib(rt_cmsis.o)
    0x000015e8   0x000015e8   0x00000018   Code   RO         1050    i.osThreadExit      RTX_CM0.lib(rt_cmsis.o)
    0x00001600   0x00001600   0x0000001c   Code   RO         1055    i.osThreadYield     RTX_CM0.lib(rt_cmsis.o)
    0x0000161c   0x0000161c   0x00000010   Code   RO         1056    i.osTimerCall       RTX_CM0.lib(rt_cmsis.o)
    0x0000162c   0x0000162c   0x0000002c   Code   RO         1061    i.osTimerThread     RTX_CM0.lib(rt_cmsis.o)
    0x00001658   0x00001658   0x00000022   Code   RO          794    i.os_error          rtx_conf_cm.o
    0x0000167a   0x0000167a   0x00000004   Code   RO          795    i.os_idle_demon     rtx_conf_cm.o
    0x0000167e   0x0000167e   0x00000002   PAD
    0x00001680   0x00001680   0x0000002c   Code   RO         1756    i.os_tick_init      RTX_CM0.lib(rt_system.o)
    0x000016ac   0x000016ac   0x00000002   Code   RO         1757    i.os_tick_irqack    RTX_CM0.lib(rt_system.o)
    0x000016ae   0x000016ae   0x0000001e   Code   RO         2110    i.rt_alloc_box      RTX_CM0.lib(rt_membox.o)
    0x000016cc   0x000016cc   0x00000042   Code   RO         2138    i.rt_alloc_mem      RTX_CM0.lib(rt_memory.o)
    0x0000170e   0x0000170e   0x00000002   PAD
    0x00001710   0x00001710   0x00000038   Code   RO         1637    i.rt_block          RTX_CM0.lib(rt_task.o)
    0x00001748   0x00001748   0x00000044   Code   RO         2087    i.rt_chk_robin      RTX_CM0.lib(rt_robin.o)
    0x0000178c   0x0000178c   0x00000074   Code   RO         1888    i.rt_dec_dly        RTX_CM0.lib(rt_list.o)
    0x00001800   0x00001800   0x00000040   Code   RO         1638    i.rt_dispatch       RTX_CM0.lib(rt_task.o)
    0x00001840   0x00001840   0x0000000a   Code   RO         2054    i.rt_dly_wait       RTX_CM0.lib(rt_time.o)
    0x0000184a   0x0000184a   0x00000002   PAD
    0x0000184c   0x0000184c   0x00000050   Code   RO         1849    i.rt_evt_psh        RTX_CM0.lib(rt_event.o)
    0x0000189c   0x0000189c   0x00000026   Code   RO         2111    i.rt_free_box       RTX_CM0.lib(rt_membox.o)
    0x000018c2   0x000018c2   0x00000030   Code   RO         2139    i.rt_free_mem       RTX_CM0.lib(rt_memory.o)
    0x000018f2   0x000018f2   0x0000002a   Code   RO         1889    i.rt_get_first      RTX_CM0.lib(rt_list.o)
    0x0000191c   0x0000191c   0x00000024   Code   RO         1890    i.rt_get_same_rdy_prio  RTX_CM0.lib(rt_list.o)
    0x00001940   0x00001940   0x00000008   Code   RO         1066    i.rt_id2obj         RTX_CM0.lib(rt_cmsis.o)
    0x00001948   0x00001948   0x00000048   Code   RO         1639    i.rt_init_context   RTX_CM0.lib(rt_task.o)
    0x00001990   0x00001990   0x0000001c   Code   RO         2140    i.rt_init_mem       RTX_CM0.lib(rt_memory.o)
    0x000019ac   0x000019ac   0x00000018   Code   RO         2088    i.rt_init_robin     RTX_CM0.lib(rt_robin.o)
    0x000019c4   0x000019c4   0x00000078   Code   RO         2162    i.rt_init_stack     RTX_CM0.lib(hal_cm.o)
    0x00001a3c   0x00001a3c   0x00000008   Code   RO         1966    i.rt_mbx_check      RTX_CM0.lib(rt_mailbox.o)
    0x00001a44   0x00001a44   0x00000024   Code   RO         1967    i.rt_mbx_init       RTX_CM0.lib(rt_mailbox.o)
    0x00001a68   0x00001a68   0x000000d0   Code   RO         1968    i.rt_mbx_psh        RTX_CM0.lib(rt_mailbox.o)
    0x00001b38   0x00001b38   0x000000b0   Code   RO         1970    i.rt_mbx_wait       RTX_CM0.lib(rt_mailbox.o)
    0x00001be8   0x00001be8   0x00000044   Code   RO         1067    i.rt_ms2tick        RTX_CM0.lib(rt_cmsis.o)
    0x00001c2c   0x00001c2c   0x000000d8   Code   RO         1723    i.rt_mut_release    RTX_CM0.lib(rt_mutex.o)
    0x00001d04   0x00001d04   0x00000080   Code   RO         1724    i.rt_mut_wait       RTX_CM0.lib(rt_mutex.o)
    0x00001d84   0x00001d84   0x00000070   Code   RO         1760    i.rt_pop_req        RTX_CM0.lib(rt_system.o)
    0x00001df4   0x00001df4   0x00000020   Code   RO         1761    i.rt_psh_req        RTX_CM0.lib(rt_system.o)
    0x00001e14   0x00001e14   0x00000040   Code   RO         1891    i.rt_psq_enq        RTX_CM0.lib(rt_list.o)
    0x00001e54   0x00001e54   0x00000050   Code   RO         1892    i.rt_put_dly        RTX_CM0.lib(rt_list.o)
    0x00001ea4   0x00001ea4   0x0000003c   Code   RO         1893    i.rt_put_prio       RTX_CM0.lib(rt_list.o)
    0x00001ee0   0x00001ee0   0x00000014   Code   RO         1894    i.rt_put_rdy_first  RTX_CM0.lib(rt_list.o)
    0x00001ef4   0x00001ef4   0x00000030   Code   RO         1895    i.rt_resort_prio    RTX_CM0.lib(rt_list.o)
    0x00001f24   0x00001f24   0x00000006   Code   RO         2163    i.rt_ret_val        RTX_CM0.lib(hal_cm.o)
    0x00001f2a   0x00001f2a   0x00000008   Code   RO         2164    i.rt_ret_val2       RTX_CM0.lib(hal_cm.o)
    0x00001f32   0x00001f32   0x0000002a   Code   RO         1896    i.rt_rmv_dly        RTX_CM0.lib(rt_list.o)
    0x00001f5c   0x00001f5c   0x00000034   Code   RO         1897    i.rt_rmv_list       RTX_CM0.lib(rt_list.o)
    0x00001f90   0x00001f90   0x00000034   Code   RO         2015    i.rt_sem_psh        RTX_CM0.lib(rt_semaphore.o)
    0x00001fc4   0x00001fc4   0x00000028   Code   RO         1763    i.rt_stk_check      RTX_CM0.lib(rt_system.o)
    0x00001fec   0x00001fec   0x00000010   Code   RO         1640    i.rt_switch_req     RTX_CM0.lib(rt_task.o)
    0x00001ffc   0x00001ffc   0x000000c8   Code   RO         1641    i.rt_sys_init       RTX_CM0.lib(rt_task.o)
    0x000020c4   0x000020c4   0x00000064   Code   RO         1642    i.rt_sys_start      RTX_CM0.lib(rt_task.o)
    0x00002128   0x00002128   0x0000003c   Code   RO         1765    i.rt_systick        RTX_CM0.lib(rt_system.o)
    0x00002164   0x00002164   0x00000012   Code   RO         1068    i.rt_tid2ptcb       RTX_CM0.lib(rt_cmsis.o)
    0x00002176   0x00002176   0x00000002   PAD
    0x00002178   0x00002178   0x00000038   Code   RO         1069    i.rt_timer_insert   RTX_CM0.lib(rt_cmsis.o)
    0x000021b0   0x000021b0   0x00000078   Code   RO         1643    i.rt_tsk_create     RTX_CM0.lib(rt_task.o)
    0x00002228   0x00002228   0x00000158   Code   RO         1644    i.rt_tsk_delete     RTX_CM0.lib(rt_task.o)
    0x00002380   0x00002380   0x0000002c   Code   RO         1645    i.rt_tsk_pass       RTX_CM0.lib(rt_task.o)
    0x000023ac   0x000023ac   0x00000080   Code   RO         1646    i.rt_tsk_prio       RTX_CM0.lib(rt_task.o)
    0x0000242c   0x0000242c   0x00000010   Code   RO         1647    i.rt_tsk_self       RTX_CM0.lib(rt_task.o)
    0x0000243c   0x0000243c   0x00000148   Code   RO          131    i.segment_value     main.o
    0x00002584   0x00002584   0x00000130   Code   RO          132    i.seven_segment_begin  main.o
    0x000026b4   0x000026b4   0x00000098   Code   RO          133    i.seven_segment_digit_input  main.o
    0x0000274c   0x0000274c   0x00000076   Code   RO          134    i.seven_segment_value_input_VR  main.o
    0x000027c2   0x000027c2   0x0000001c   Code   RO          135    i.seven_segment_value_input_keypad  main.o
    0x000027de   0x000027de   0x00000002   PAD
    0x000027e0   0x000027e0   0x000000a8   Code   RO          860    i.stackDump         retarget.o
    0x00002888   0x00002888   0x00000012   Code   RO         1071    i.svcDelay          RTX_CM0.lib(rt_cmsis.o)
    0x0000289a   0x0000289a   0x00000002   PAD
    0x0000289c   0x0000289c   0x00000078   Code   RO         1072    i.svcKernelInitialize  RTX_CM0.lib(rt_cmsis.o)
    0x00002914   0x00002914   0x0000004c   Code   RO         1074    i.svcKernelStart    RTX_CM0.lib(rt_cmsis.o)
    0x00002960   0x00002960   0x0000002a   Code   RO         1077    i.svcMessageCreate  RTX_CM0.lib(rt_cmsis.o)
    0x0000298a   0x0000298a   0x0000003c   Code   RO         1078    i.svcMessageGet     RTX_CM0.lib(rt_cmsis.o)
    0x000029c6   0x000029c6   0x00000002   PAD
    0x000029c8   0x000029c8   0x00000074   Code   RO         1092    i.svcThreadCreate   RTX_CM0.lib(rt_cmsis.o)
    0x00002a3c   0x00002a3c   0x0000001c   Code   RO         1093    i.svcThreadGetId    RTX_CM0.lib(rt_cmsis.o)
    0x00002a58   0x00002a58   0x0000003c   Code   RO         1096    i.svcThreadTerminate  RTX_CM0.lib(rt_cmsis.o)
    0x00002a94   0x00002a94   0x0000000a   Code   RO         1097    i.svcThreadYield    RTX_CM0.lib(rt_cmsis.o)
    0x00002a9e   0x00002a9e   0x0000001c   Code   RO         1098    i.svcTimerCall      RTX_CM0.lib(rt_cmsis.o)
    0x00002aba   0x00002aba   0x00000002   PAD
    0x00002abc   0x00002abc   0x00000058   Code   RO         1107    i.sysTimerTick      RTX_CM0.lib(rt_cmsis.o)
    0x00002b14   0x00002b14   0x00000004   Code   RO          136    i.thread1_task      main.o
    0x00002b18   0x00002b18   0x00000024   Code   RO          137    i.thread2_task      main.o
    0x00002b3c   0x00002b3c   0x00000024   Code   RO          138    i.thread3_task      main.o
    0x00002b60   0x00002b60   0x00000074   Code   RO          139    i.thread4_task      main.o
    0x00002bd4   0x00002bd4   0x000000b0   Code   RO         2274    x$fpl$fmul          fz_ps.l(fmul.o)
    0x00002c84   0x00002c84   0x00000000   Code   RO         2292    x$fpl$usenofp       fz_ps.l(usenofp.o)
    0x00002c84   0x00002c84   0x00000010   Data   RO            3    .constdata          thread.o
    0x00002c94   0x00002c94   0x0000007c   Data   RO          141    .constdata          main.o
    0x00002d10   0x00002d10   0x00000068   Data   RO          797    .constdata          rtx_conf_cm.o
    0x00002d78   0x00002d78   0x00000028   Data   RO         2216    .constdata          c_p.l(_printf_hex_int.o)
    0x00002da0   0x00002da0   0x00000040   Data   RO         2268    .constdata          fz_ps.l(fdiv.o)
    0x00002de0   0x00002de0   0x00000020   Data   RO         2449    Region$$Table       anon$$obj.o


    Execution Region ER_RW (Exec base: 0x20000000, Load base: 0x00002e00, Size: 0x00000878, Max: 0xffffffff, ABSOLUTE, COMPRESSED[0x000004e0])

    Exec Addr    Load Addr    Size         Type   Attr      Idx    E Section Name        Object

    0x20000000   COMPRESSED   0x00000004   Data   RW            4    .data               thread.o
    0x20000004   COMPRESSED   0x00000808   Data   RW          142    .data               main.o
    0x2000080c   COMPRESSED   0x00000014   Data   RW          798    .data               rtx_conf_cm.o
    0x20000820   COMPRESSED   0x00000008   Data   RW          861    .data               retarget.o
    0x20000828   COMPRESSED   0x0000002c   Data   RW          958    .data               system_nuc100series.o
    0x20000854   COMPRESSED   0x00000008   Data   RW         1110    .data               RTX_CM0.lib(rt_cmsis.o)
    0x2000085c   COMPRESSED   0x00000008   Data   RW         1649    .data               RTX_CM0.lib(rt_task.o)
    0x20000864   COMPRESSED   0x00000008   Data   RW         1768    .data               RTX_CM0.lib(rt_system.o)
    0x2000086c   COMPRESSED   0x00000004   Data   RW         2058    .data               RTX_CM0.lib(rt_time.o)
    0x20000870   COMPRESSED   0x00000008   Data   RW         2089    .data               RTX_CM0.lib(rt_robin.o)


    Execution Region ER_ZI (Exec base: 0x20000878, Load base: 0x000032e0, Size: 0x00001490, Max: 0xffffffff, ABSOLUTE)

    Exec Addr    Load Addr    Size         Type   Attr      Idx    E Section Name        Object

    0x20000878        -       0x00000400   Zero   RW          140    .bss                main.o
    0x20000c78        -       0x00000bc8   Zero   RW          796    .bss                rtx_conf_cm.o
    0x20001840        -       0x00000034   Zero   RW         1648    .bss                RTX_CM0.lib(rt_task.o)
    0x20001874        -       0x00000030   Zero   RW         1898    .bss                RTX_CM0.lib(rt_list.o)
    0x200018a4        -       0x00000060   Zero   RW         2202    .bss                c_p.l(libspace.o)
    0x20001904   0x000032e0   0x00000004   PAD
    0x20001908        -       0x00000000   Zero   RW          947    HEAP                startup_nuc100series.o
    0x20001908        -       0x00000400   Zero   RW          946    STACK               startup_nuc100series.o


==============================================================================

Image component sizes


      Code (inc. data)   RO Data    RW Data    ZI Data      Debug   Object Name

      3140        268        124       2056       1024     144108   main.o
       328        132          0          8          0       6229   retarget.o
       130         28        104         20       3016       9311   rtx_conf_cm.o
       100         46        192          0       1024        660   startup_nuc100series.o
       230         40          0         44          0      21867   system_nuc100series.o
        48         10         16          4          0      10147   thread.o

    ----------------------------------------------------------------------
      3984        524        468       2132       5064     192322   Object Totals
         0          0         32          0          0          0   (incl. Generated)
         8          0          0          0          0          0   (incl. Padding)

    ----------------------------------------------------------------------

      Code (inc. data)   RO Data    RW Data    ZI Data      Debug   Library Member Name

       134         14          0          0          0       1655   hal_cm.o
       356         40          0          0          0        828   hal_cm0.o
      1258        152          0          8          0      33439   rt_cmsis.o
        80          6          0          0          0        617   rt_event.o
       560         44          0          0         48       8504   rt_list.o
       516         16          0          0          0       3777   rt_mailbox.o
       140          0          0          0          0       1925   rt_membox.o
       142          0          0          0          0       2275   rt_memory.o
       344         20          0          0          0       1599   rt_mutex.o
        92         22          0          8          0       1098   rt_robin.o
        52          4          0          0          0        545   rt_semaphore.o
       290         54          0          8          0       5955   rt_system.o
      1160        188          0          8         52       9579   rt_task.o
        10          0          0          4          0        656   rt_time.o
         4          4          0          0          0        196   svc_table.o
        86          0          0          0          0          0   __dczerorl2.o
         8          0          0          0          0         68   __main.o
       284          0          0          0          0        136   __printf_wp.o
         0          0          0          0          0          0   __rtentry.o
        20          0          0          0          0          0   __rtentry2.o
         6          0          0          0          0          0   __rtentry4.o
        60          8          0          0          0          0   __scatter.o
        28          0          0          0          0          0   __scatter_zi.o
        48          6          0          0          0         88   _printf_char_common.o
        40          6          0          0          0         72   _printf_char_file.o
        88          4         40          0          0         72   _printf_hex_int.o
       176          0          0          0          0         84   _printf_intcommon.o
         2          0          0          0          0          0   _printf_percent.o
         4          0          0          0          0          0   _printf_percent_end.o
        10          0          0          0          0          0   _printf_x.o
       346          0          0          0          0         92   aeabi_sdiv.o
        16          0          0          0          0         68   exit.o
         6          0          0          0          0        136   heapauxi.o
         0          0          0          0          0          0   indicate_semi.o
         2          0          0          0          0          0   libinit.o
         2          0          0          0          0          0   libinit2.o
         2          0          0          0          0          0   libshutdown.o
         2          0          0          0          0          0   libshutdown2.o
         8          4          0          0         96         68   libspace.o
        28          6          0          0          0         84   noretval__2printf.o
         2          0          0          0          0          0   rtexit.o
        10          0          0          0          0          0   rtexit2.o
        12          4          0          0          0         60   sys_exit.o
        62          0          0          0          0         80   sys_stackheap_outer.o
         2          0          0          0          0         68   use_no_semi.o
       352         10         64          0          0         92   fdiv.o
        76          0          0          0          0         68   ffixi.o
        94          0          0          0          0         92   fflti.o
       176          4          0          0          0         80   fmul.o
         0          0          0          0          0          0   usenofp.o

    ----------------------------------------------------------------------
      7220        616        104         36        200      74156   Library Totals
        24          0          0          0          4          0   (incl. Padding)

    ----------------------------------------------------------------------

      Code (inc. data)   RO Data    RW Data    ZI Data      Debug   Library Name

      5138        564          0         36        100      72648   RTX_CM0.lib
      1360         38         40          0         96       1176   c_p.l
       698         14         64          0          0        332   fz_ps.l

    ----------------------------------------------------------------------
      7220        616        104         36        200      74156   Library Totals

    ----------------------------------------------------------------------

==============================================================================


      Code (inc. data)   RO Data    RW Data    ZI Data      Debug   

     11204       1140        572       2168       5264     260938   Grand Totals
     11204       1140        572       1248       5264     260938   ELF Image Totals (compressed)
     11204       1140        572       1248          0          0   ROM Totals

==============================================================================

    Total RO  Size (Code + RO Data)                11776 (  11.50kB)
    Total RW  Size (RW Data + ZI Data)              7432 (   7.26kB)
    Total ROM Size (Code + RO Data + RW Data)      13024 (  12.72kB)

==============================================================================

